1.1.1.1 - - [04/Jul/2026:12:25:24 +0000] "PUT /contact HTTP/1.1" 200 944 "https://github.com" "Mozilla/5.0 (Windows NT 10.0; Win64; x64) AppleWebKit/537.36 (KHTML, like Gecko) Chrome/120.0.0.0 Safari/537.36"
1.1.1.1 - - [04/Jul/2026:12:25:27 +0000] "DELETE /images/logo.png HTTP/1.1" 200 4290 - "Mozilla/5.0 (Macintosh; Intel Mac OS X 10_15_7) AppleWebKit/605.1.15 (KHTML, like Gecko) Version/17.0 Safari/605.1.15"
10.0.0.5 - - [04/Jul/2026:12:25:28 +0000] "DELETE /css/style.css HTTP/1.1" 200 3081 "https://github.com" "Mozilla/5.0 (Macintosh; Intel Mac OS X 10_15_7) AppleWebKit/605.1.15 (KHTML, like Gecko) Version/17.0 Safari/605.1.15"
172.16.0.2 - - [04/Jul/2026:12:25:28 +0000] "DELETE /js/app.js HTTP/1.1" 200 879 - "Mozilla/5.0 (Windows NT 10.0; Win64; x64) AppleWebKit/537.36 (KHTML, like Gecko) Chrome/120.0.0.0 Safari/537.36"
172.16.0.2 - - [04/Jul/2026:12:25:30 +0000] "GET /css/style.css HTTP/1.1" 200 1792 "https://github.com" "Mozilla/5.0 (X11; Linux x86_64; rv:109.0) Gecko/20100101 Firefox/119.0"
172.16.0.2 - - [04/Jul/2026:12:25:40 +0000] "DELETE /js/app.js HTTP/1.1" 304 3267 "https://github.com" "Mozilla/5.0 (Windows NT 10.0; Win64; x64) AppleWebKit/537.36 (KHTML, like Gecko) Chrome/120.0.0.0 Safari/537.36"
1.1.1.1 - - [04/Jul/2026:12:25:40 +0000] "DELETE /css/style.css HTTP/1.1" 200 861 "https://news.ycombinator.com" "Mozilla/5.0 (Windows NT 10.0; Win64; x64) AppleWebKit/537.36 (KHTML, like Gecko) Chrome/120.0.0.0 Safari/537.36"
192.168.1.1 - - [04/Jul/2026:12:25:46 +0000] "DELETE /index.html HTTP/1.1" 301 4021 "https://news.ycombinator.com" "Mozilla/5.0 (Windows NT 10.0; Win64; x64) AppleWebKit/537.36 (KHTML, like Gecko) Chrome/120.0.0.0 Safari/537.36"
10.0.0.5 - - [04/Jul/2026:12:25:48 +0000] "PUT /about HTTP/1.1" 304 2297 - "Mozilla/5.0 (Macintosh; Intel Mac OS X 10_15_7) AppleWebKit/605.1.15 (KHTML, like Gecko) Version/17.0 Safari/605.1.15"
1.1.1.1 - - [04/Jul/2026:12:25:50 +0000] "PUT /css/style.css HTTP/1.1" 304 3383 "https://news.ycombinator.com" "Mozilla/5.0 (Windows NT 10.0; Win64; x64) AppleWebKit/537.36 (KHTML, like Gecko) Chrome/120.0.0.0 Safari/537.36"
172.16.0.2 - - [04/Jul/2026:12:25:51 +0000] "GET /contact HTTP/1.1" 302 3839 "https://github.com" "Mozilla/5.0 (Macintosh; Intel Mac OS X 10_15_7) AppleWebKit/605.1.15 (KHTML, like Gecko) Version/17.0 Safari/605.1.15"
192.168.1.1 - - [04/Jul/2026:12:25:54 +0000] "PUT /js/app.js HTTP/1.1" 200 3512 "https://github.com" "Mozilla/5.0 (X11; Linux x86_64; rv:109.0) Gecko/20100101 Firefox/119.0"
192.168.1.1 - - [04/Jul/2026:12:26:00 +0000] "PUT /images/logo.png HTTP/1.1" 200 2571 "https://google.com" "Mozilla/5.0 (X11; Linux x86_64; rv:109.0) Gecko/20100101 Firefox/119.0"
8.8.8.8 - - [04/Jul/2026:12:26:09 +0000] "GET /index.html HTTP/1.1" 200 4241 "https://news.ycombinator.com" "Mozilla/5.0 (Macintosh; Intel Mac OS X 10_15_7) AppleWebKit/605.1.15 (KHTML, like Gecko) Version/17.0 Safari/605.1.15"
172.16.0.2 - - [04/Jul/2026:12:26:16 +0000] "POST /api/v1/users HTTP/1.1" 200 1369 - "Mozilla/5.0 (Macintosh; Intel Mac OS X 10_15_7) AppleWebKit/605.1.15 (KHTML, like Gecko) Version/17.0 Safari/605.1.15"
172.16.0.2 - - [04/Jul/2026:12:26:20 +0000] "GET /index.html HTTP/1.1" 302 4250 "https://github.com" "Mozilla/5.0 (X11; Linux x86_64; rv:109.0) Gecko/20100101 Firefox/119.0"
8.8.8.8 - - [04/Jul/2026:12:26:28 +0000] "PUT /css/style.css HTTP/1.1" 200 2914 - "Mozilla/5.0 (Macintosh; Intel Mac OS X 10_15_7) AppleWebKit/605.1.15 (KHTML, like Gecko) Version/17.0 Safari/605.1.15"
172.16.0.2 - - [04/Jul/2026:12:26:36 +0000] "PUT /js/app.js HTTP/1.1" 201 2144 - "Mozilla/5.0 (Windows NT 10.0; Win64; x64) AppleWebKit/537.36 (KHTML, like Gecko) Chrome/120.0.0.0 Safari/537.36"
8.8.8.8 - - [04/Jul/2026:12:26:36 +0000] "POST /css/style.css HTTP/1.1" 200 2376 "https://github.com" "Mozilla/5.0 (Windows NT 10.0; Win64; x64) AppleWebKit/537.36 (KHTML, like Gecko) Chrome/120.0.0.0 Safari/537.36"
10.0.0.5 - - [04/Jul/2026:12:26:40 +0000] "PUT /images/logo.png HTTP/1.1" 304 2016 "https://google.com" "Mozilla/5.0 (Macintosh; Intel Mac OS X 10_15_7) AppleWebKit/605.1.15 (KHTML, like Gecko) Version/17.0 Safari/605.1.15"
192.168.1.1 - - [04/Jul/2026:12:26:54 +0000] "PUT /images/logo.png HTTP/1.1" 302 2333 "https://github.com" "Mozilla/5.0 (Macintosh; Intel Mac OS X 10_15_7) AppleWebKit/605.1.15 (KHTML, like Gecko) Version/17.0 Safari/605.1.15"
172.16.0.2 - - [04/Jul/2026:12:26:56 +0000] "PUT /js/app.js HTTP/1.1" 302 3877 "https://google.com" "Mozilla/5.0 (X11; Linux x86_64; rv:109.0) Gecko/20100101 Firefox/119.0"
192.168.1.1 - - [04/Jul/2026:12:27:00 +0000] "GET /contact HTTP/1.1" 200 4402 - "Mozilla/5.0 (X11; Linux x86_64; rv:109.0) Gecko/20100101 Firefox/119.0"
8.8.8.8 - - [04/Jul/2026:12:27:04 +0000] "PUT /api/v1/users HTTP/1.1" 302 2720 "https://github.com" "Mozilla/5.0 (Windows NT 10.0; Win64; x64) AppleWebKit/537.36 (KHTML, like Gecko) Chrome/120.0.0.0 Safari/537.36"
8.8.8.8 - - [04/Jul/2026:12:27:06 +0000] "GET /js/app.js HTTP/1.1" 200 1737 "https://github.com" "Mozilla/5.0 (Windows NT 10.0; Win64; x64) AppleWebKit/537.36 (KHTML, like Gecko) Chrome/120.0.0.0 Safari/537.36"
172.16.0.2 - - [04/Jul/2026:12:27:12 +0000] "POST /images/logo.png HTTP/1.1" 302 851 "https://google.com" "Mozilla/5.0 (Macintosh; Intel Mac OS X 10_15_7) AppleWebKit/605.1.15 (KHTML, like Gecko) Version/17.0 Safari/605.1.15"
192.168.1.1 - - [04/Jul/2026:12:27:20 +0000] "DELETE /contact HTTP/1.1" 200 3014 "https://news.ycombinator.com" "Mozilla/5.0 (Macintosh; Intel Mac OS X 10_15_7) AppleWebKit/605.1.15 (KHTML, like Gecko) Version/17.0 Safari/605.1.15"
1.1.1.1 - - [04/Jul/2026:12:27:20 +0000] "DELETE /about HTTP/1.1" 304 1700 "https://google.com" "Mozilla/5.0 (Windows NT 10.0; Win64; x64) AppleWebKit/537.36 (KHTML, like Gecko) Chrome/120.0.0.0 Safari/537.36"
192.168.1.1 - - [04/Jul/2026:12:27:24 +0000] "POST /js/app.js HTTP/1.1" 200 3190 - "Mozilla/5.0 (Macintosh; Intel Mac OS X 10_15_7) AppleWebKit/605.1.15 (KHTML, like Gecko) Version/17.0 Safari/605.1.15"
8.8.8.8 - - [04/Jul/2026:12:27:30 +0000] "PUT /contact HTTP/1.1" 200 3687 "https://google.com" "Mozilla/5.0 (Windows NT 10.0; Win64; x64) AppleWebKit/537.36 (KHTML, like Gecko) Chrome/120.0.0.0 Safari/537.36"
10.0.0.5 - - [04/Jul/2026:12:27:36 +0000] "GET /images/logo.png HTTP/1.1" 200 3507 "https://news.ycombinator.com" "Mozilla/5.0 (Windows NT 10.0; Win64; x64) AppleWebKit/537.36 (KHTML, like Gecko) Chrome/120.0.0.0 Safari/537.36"
8.8.8.8 - - [04/Jul/2026:12:27:44 +0000] "GET /index.html HTTP/1.1" 200 2196 "https://google.com" "Mozilla/5.0 (Windows NT 10.0; Win64; x64) AppleWebKit/537.36 (KHTML, like Gecko) Chrome/120.0.0.0 Safari/537.36"
192.168.1.1 - - [04/Jul/2026:12:27:50 +0000] "DELETE /contact HTTP/1.1" 200 4683 "https://google.com" "Mozilla/5.0 (X11; Linux x86_64; rv:109.0) Gecko/20100101 Firefox/119.0"
1.1.1.1 - - [04/Jul/2026:12:28:00 +0000] "GET /css/style.css HTTP/1.1" 201 337 "https://google.com" "Mozilla/5.0 (Macintosh; Intel Mac OS X 10_15_7) AppleWebKit/605.1.15 (KHTML, like Gecko) Version/17.0 Safari/605.1.15"
172.16.0.2 - - [04/Jul/2026:12:28:18 +0000] "PUT /js/app.js HTTP/1.1" 301 191 "https://google.com" "Mozilla/5.0 (Windows NT 10.0; Win64; x64) AppleWebKit/537.36 (KHTML, like Gecko) Chrome/120.0.0.0 Safari/537.36"
172.16.0.2 - - [04/Jul/2026:12:28:35 +0000] "POST /images/logo.png HTTP/1.1" 301 4318 - "Mozilla/5.0 (Macintosh; Intel Mac OS X 10_15_7) AppleWebKit/605.1.15 (KHTML, like Gecko) Version/17.0 Safari/605.1.15"
1.1.1.1 - - [04/Jul/2026:12:28:40 +0000] "GET /contact HTTP/1.1" 301 4029 "https://news.ycombinator.com" "Mozilla/5.0 (Macintosh; Intel Mac OS X 10_15_7) AppleWebKit/605.1.15 (KHTML, like Gecko) Version/17.0 Safari/605.1.15"
10.0.0.5 - - [04/Jul/2026:12:28:48 +0000] "DELETE /js/app.js HTTP/1.1" 200 1204 - "Mozilla/5.0 (X11; Linux x86_64; rv:109.0) Gecko/20100101 Firefox/119.0"
1.1.1.1 - - [04/Jul/2026:12:28:48 +0000] "GET /images/logo.png HTTP/1.1" 201 579 "https://news.ycombinator.com" "Mozilla/5.0 (X11; Linux x86_64; rv:109.0) Gecko/20100101 Firefox/119.0"
1.1.1.1 - - [04/Jul/2026:12:28:48 +0000] "POST /api/v1/users HTTP/1.1" 301 2054 - "Mozilla/5.0 (X11; Linux x86_64; rv:109.0) Gecko/20100101 Firefox/119.0"
192.168.1.1 - - [04/Jul/2026:12:28:57 +0000] "DELETE /about HTTP/1.1" 201 1331 "https://github.com" "Mozilla/5.0 (Windows NT 10.0; Win64; x64) AppleWebKit/537.36 (KHTML, like Gecko) Chrome/120.0.0.0 Safari/537.36"
192.168.1.1 - - [04/Jul/2026:12:28:58 +0000] "POST /about HTTP/1.1" 200 1312 "https://news.ycombinator.com" "Mozilla/5.0 (Windows NT 10.0; Win64; x64) AppleWebKit/537.36 (KHTML, like Gecko) Chrome/120.0.0.0 Safari/537.36"
8.8.8.8 - - [04/Jul/2026:12:29:00 +0000] "GET /css/style.css HTTP/1.1" 200 665 "https://news.ycombinator.com" "Mozilla/5.0 (Windows NT 10.0; Win64; x64) AppleWebKit/537.36 (KHTML, like Gecko) Chrome/120.0.0.0 Safari/537.36"
192.168.1.1 - - [04/Jul/2026:12:29:00 +0000] "POST /css/style.css HTTP/1.1" 200 3751 "https://github.com" "Mozilla/5.0 (Macintosh; Intel Mac OS X 10_15_7) AppleWebKit/605.1.15 (KHTML, like Gecko) Version/17.0 Safari/605.1.15"
172.16.0.2 - - [04/Jul/2026:12:29:18 +0000] "GET /contact HTTP/1.1" 304 1290 "https://news.ycombinator.com" "Mozilla/5.0 (Macintosh; Intel Mac OS X 10_15_7) AppleWebKit/605.1.15 (KHTML, like Gecko) Version/17.0 Safari/605.1.15"
8.8.8.8 - - [04/Jul/2026:12:29:24 +0000] "PUT /index.html HTTP/1.1" 301 2630 "https://google.com" "Mozilla/5.0 (Windows NT 10.0; Win64; x64) AppleWebKit/537.36 (KHTML, like Gecko) Chrome/120.0.0.0 Safari/537.36"
172.16.0.2 - - [04/Jul/2026:12:29:24 +0000] "PUT /index.html HTTP/1.1" 302 519 "https://google.com" "Mozilla/5.0 (Macintosh; Intel Mac OS X 10_15_7) AppleWebKit/605.1.15 (KHTML, like Gecko) Version/17.0 Safari/605.1.15"
1.1.1.1 - - [04/Jul/2026:12:29:24 +0000] "PUT /index.html HTTP/1.1" 302 1905 "https://news.ycombinator.com" "Mozilla/5.0 (Macintosh; Intel Mac OS X 10_15_7) AppleWebKit/605.1.15 (KHTML, like Gecko) Version/17.0 Safari/605.1.15"
8.8.8.8 - - [04/Jul/2026:12:29:28 +0000] "PUT /images/logo.png HTTP/1.1" 201 776 "https://news.ycombinator.com" "Mozilla/5.0 (Windows NT 10.0; Win64; x64) AppleWebKit/537.36 (KHTML, like Gecko) Chrome/120.0.0.0 Safari/537.36"
192.168.1.1 - - [04/Jul/2026:12:29:42 +0000] "GET /js/app.js HTTP/1.1" 301 1173 "https://news.ycombinator.com" "Mozilla/5.0 (Windows NT 10.0; Win64; x64) AppleWebKit/537.36 (KHTML, like Gecko) Chrome/120.0.0.0 Safari/537.36"
8.8.8.8 - - [04/Jul/2026:12:29:51 +0000] "GET /images/logo.png HTTP/1.1" 302 4376 "https://news.ycombinator.com" "Mozilla/5.0 (Macintosh; Intel Mac OS X 10_15_7) AppleWebKit/605.1.15 (KHTML, like Gecko) Version/17.0 Safari/605.1.15"
1.1.1.1 - - [04/Jul/2026:12:29:54 +0000] "POST /about HTTP/1.1" 200 4370 "https://google.com" "Mozilla/5.0 (Macintosh; Intel Mac OS X 10_15_7) AppleWebKit/605.1.15 (KHTML, like Gecko) Version/17.0 Safari/605.1.15"
192.168.1.1 - - [04/Jul/2026:12:30:06 +0000] "DELETE /js/app.js HTTP/1.1" 201 2240 "https://news.ycombinator.com" "Mozilla/5.0 (X11; Linux x86_64; rv:109.0) Gecko/20100101 Firefox/119.0"
8.8.8.8 - - [04/Jul/2026:12:30:06 +0000] "GET /images/logo.png HTTP/1.1" 200 242 "https://news.ycombinator.com" "Mozilla/5.0 (Macintosh; Intel Mac OS X 10_15_7) AppleWebKit/605.1.15 (KHTML, like Gecko) Version/17.0 Safari/605.1.15"
10.0.0.5 - - [04/Jul/2026:12:30:16 +0000] "PUT /about HTTP/1.1" 304 729 "https://google.com" "Mozilla/5.0 (X11; Linux x86_64; rv:109.0) Gecko/20100101 Firefox/119.0"
1.1.1.1 - - [04/Jul/2026:12:30:18 +0000] "DELETE /api/v1/users HTTP/1.1" 200 1233 "https://github.com" "Mozilla/5.0 (Windows NT 10.0; Win64; x64) AppleWebKit/537.36 (KHTML, like Gecko) Chrome/120.0.0.0 Safari/537.36"
1.1.1.1 - - [04/Jul/2026:12:30:22 +0000] "GET /images/logo.png HTTP/1.1" 200 4432 "https://google.com" "Mozilla/5.0 (X11; Linux x86_64; rv:109.0) Gecko/20100101 Firefox/119.0"
10.0.0.5 - - [04/Jul/2026:12:30:24 +0000] "GET /contact HTTP/1.1" 301 857 "https://google.com" "Mozilla/5.0 (Windows NT 10.0; Win64; x64) AppleWebKit/537.36 (KHTML, like Gecko) Chrome/120.0.0.0 Safari/537.36"
10.0.0.5 - - [04/Jul/2026:12:30:32 +0000] "DELETE /css/style.css HTTP/1.1" 200 2244 "https://github.com" "Mozilla/5.0 (X11; Linux x86_64; rv:109.0) Gecko/20100101 Firefox/119.0"
10.0.0.5 - - [04/Jul/2026:12:30:36 +0000] "PUT /index.html HTTP/1.1" 200 1656 - "Mozilla/5.0 (X11; Linux x86_64; rv:109.0) Gecko/20100101 Firefox/119.0"
1.1.1.1 - - [04/Jul/2026:12:30:38 +0000] "GET /api/v1/users HTTP/1.1" 302 3381 - "Mozilla/5.0 (X11; Linux x86_64; rv:109.0) Gecko/20100101 Firefox/119.0"
10.0.0.5 - - [04/Jul/2026:12:30:40 +0000] "PUT /api/v1/users HTTP/1.1" 301 1740 "https://news.ycombinator.com" "Mozilla/5.0 (Windows NT 10.0; Win64; x64) AppleWebKit/537.36 (KHTML, like Gecko) Chrome/120.0.0.0 Safari/537.36"
8.8.8.8 - - [04/Jul/2026:12:30:45 +0000] "PUT /images/logo.png HTTP/1.1" 200 3696 - "Mozilla/5.0 (Windows NT 10.0; Win64; x64) AppleWebKit/537.36 (KHTML, like Gecko) Chrome/120.0.0.0 Safari/537.36"
192.168.1.1 - - [04/Jul/2026:12:30:48 +0000] "POST /js/app.js HTTP/1.1" 304 819 "https://github.com" "Mozilla/5.0 (X11; Linux x86_64; rv:109.0) Gecko/20100101 Firefox/119.0"
192.168.1.1 - - [04/Jul/2026:12:30:48 +0000] "DELETE /js/app.js HTTP/1.1" 200 1567 "https://news.ycombinator.com" "Mozilla/5.0 (X11; Linux x86_64; rv:109.0) Gecko/20100101 Firefox/119.0"
1.1.1.1 - - [04/Jul/2026:12:30:50 +0000] "PUT /images/logo.png HTTP/1.1" 301 1336 "https://news.ycombinator.com" "Mozilla/5.0 (Windows NT 10.0; Win64; x64) AppleWebKit/537.36 (KHTML, like Gecko) Chrome/120.0.0.0 Safari/537.36"
172.16.0.2 - - [04/Jul/2026:12:31:00 +0000] "PUT /images/logo.png HTTP/1.1" 200 1210 "https://news.ycombinator.com" "Mozilla/5.0 (Windows NT 10.0; Win64; x64) AppleWebKit/537.36 (KHTML, like Gecko) Chrome/120.0.0.0 Safari/537.36"
1.1.1.1 - - [04/Jul/2026:12:31:12 +0000] "PUT /images/logo.png HTTP/1.1" 304 4118 "https://news.ycombinator.com" "Mozilla/5.0 (Windows NT 10.0; Win64; x64) AppleWebKit/537.36 (KHTML, like Gecko) Chrome/120.0.0.0 Safari/537.36"
8.8.8.8 - - [04/Jul/2026:12:31:20 +0000] "DELETE /images/logo.png HTTP/1.1" 302 4809 - "Mozilla/5.0 (Windows NT 10.0; Win64; x64) AppleWebKit/537.36 (KHTML, like Gecko) Chrome/120.0.0.0 Safari/537.36"
1.1.1.1 - - [04/Jul/2026:12:31:22 +0000] "PUT /about HTTP/1.1" 200 4740 "https://news.ycombinator.com" "Mozilla/5.0 (Macintosh; Intel Mac OS X 10_15_7) AppleWebKit/605.1.15 (KHTML, like Gecko) Version/17.0 Safari/605.1.15"
1.1.1.1 - - [04/Jul/2026:12:31:33 +0000] "POST /images/logo.png HTTP/1.1" 200 2311 "https://google.com" "Mozilla/5.0 (X11; Linux x86_64; rv:109.0) Gecko/20100101 Firefox/119.0"
1.1.1.1 - - [04/Jul/2026:12:31:39 +0000] "GET /js/app.js HTTP/1.1" 200 1276 "https://github.com" "Mozilla/5.0 (Macintosh; Intel Mac OS X 10_15_7) AppleWebKit/605.1.15 (KHTML, like Gecko) Version/17.0 Safari/605.1.15"
192.168.1.1 - - [04/Jul/2026:12:31:44 +0000] "GET /contact HTTP/1.1" 200 3052 "https://google.com" "Mozilla/5.0 (Macintosh; Intel Mac OS X 10_15_7) AppleWebKit/605.1.15 (KHTML, like Gecko) Version/17.0 Safari/605.1.15"
172.16.0.2 - - [04/Jul/2026:12:31:45 +0000] "GET /about HTTP/1.1" 200 524 "https://news.ycombinator.com" "Mozilla/5.0 (X11; Linux x86_64; rv:109.0) Gecko/20100101 Firefox/119.0"
1.1.1.1 - - [04/Jul/2026:12:31:46 +0000] "PUT /contact HTTP/1.1" 200 2050 - "Mozilla/5.0 (Macintosh; Intel Mac OS X 10_15_7) AppleWebKit/605.1.15 (KHTML, like Gecko) Version/17.0 Safari/605.1.15"
10.0.0.5 - - [04/Jul/2026:12:31:57 +0000] "PUT /contact HTTP/1.1" 302 684 - "Mozilla/5.0 (Windows NT 10.0; Win64; x64) AppleWebKit/537.36 (KHTML, like Gecko) Chrome/120.0.0.0 Safari/537.36"
172.16.0.2 - - [04/Jul/2026:12:31:58 +0000] "POST /images/logo.png HTTP/1.1" 304 3282 - "Mozilla/5.0 (Macintosh; Intel Mac OS X 10_15_7) AppleWebKit/605.1.15 (KHTML, like Gecko) Version/17.0 Safari/605.1.15"
1.1.1.1 - - [04/Jul/2026:12:32:00 +0000] "POST /js/app.js HTTP/1.1" 200 1793 "https://github.com" "Mozilla/5.0 (X11; Linux x86_64; rv:109.0) Gecko/20100101 Firefox/119.0"
192.168.1.1 - - [04/Jul/2026:12:32:16 +0000] "PUT /js/app.js HTTP/1.1" 201 4056 "https://google.com" "Mozilla/5.0 (X11; Linux x86_64; rv:109.0) Gecko/20100101 Firefox/119.0"
1.1.1.1 - - [04/Jul/2026:12:32:21 +0000] "DELETE /js/app.js HTTP/1.1" 302 4388 "https://github.com" "Mozilla/5.0 (Macintosh; Intel Mac OS X 10_15_7) AppleWebKit/605.1.15 (KHTML, like Gecko) Version/17.0 Safari/605.1.15"
8.8.8.8 - - [04/Jul/2026:12:32:32 +0000] "POST /about HTTP/1.1" 200 2660 "https://github.com" "Mozilla/5.0 (X11; Linux x86_64; rv:109.0) Gecko/20100101 Firefox/119.0"
1.1.1.1 - - [04/Jul/2026:12:32:36 +0000] "PUT /js/app.js HTTP/1.1" 200 4479 "https://news.ycombinator.com" "Mozilla/5.0 (X11; Linux x86_64; rv:109.0) Gecko/20100101 Firefox/119.0"
172.16.0.2 - - [04/Jul/2026:12:32:40 +0000] "POST /contact HTTP/1.1" 201 2800 "https://github.com" "Mozilla/5.0 (X11; Linux x86_64; rv:109.0) Gecko/20100101 Firefox/119.0"
172.16.0.2 - - [04/Jul/2026:12:32:42 +0000] "DELETE /images/logo.png HTTP/1.1" 304 2175 - "Mozilla/5.0 (X11; Linux x86_64; rv:109.0) Gecko/20100101 Firefox/119.0"
10.0.0.5 - - [04/Jul/2026:12:32:48 +0000] "GET /about HTTP/1.1" 304 2130 "https://google.com" "Mozilla/5.0 (Windows NT 10.0; Win64; x64) AppleWebKit/537.36 (KHTML, like Gecko) Chrome/120.0.0.0 Safari/537.36"
8.8.8.8 - - [04/Jul/2026:12:32:58 +0000] "PUT /index.html HTTP/1.1" 201 1099 "https://news.ycombinator.com" "Mozilla/5.0 (Macintosh; Intel Mac OS X 10_15_7) AppleWebKit/605.1.15 (KHTML, like Gecko) Version/17.0 Safari/605.1.15"
1.1.1.1 - - [04/Jul/2026:12:33:00 +0000] "PUT /api/v1/users HTTP/1.1" 200 764 "https://news.ycombinator.com" "Mozilla/5.0 (X11; Linux x86_64; rv:109.0) Gecko/20100101 Firefox/119.0"
192.168.1.1 - - [04/Jul/2026:12:33:05 +0000] "GET /css/style.css HTTP/1.1" 200 1372 "https://github.com" "Mozilla/5.0 (Macintosh; Intel Mac OS X 10_15_7) AppleWebKit/605.1.15 (KHTML, like Gecko) Version/17.0 Safari/605.1.15"
172.16.0.2 - - [04/Jul/2026:12:33:12 +0000] "GET /index.html HTTP/1.1" 302 4240 "https://news.ycombinator.com" "Mozilla/5.0 (Windows NT 10.0; Win64; x64) AppleWebKit/537.36 (KHTML, like Gecko) Chrome/120.0.0.0 Safari/537.36"
10.0.0.5 - - [04/Jul/2026:12:33:24 +0000] "PUT /about HTTP/1.1" 200 941 "https://news.ycombinator.com" "Mozilla/5.0 (X11; Linux x86_64; rv:109.0) Gecko/20100101 Firefox/119.0"
1.1.1.1 - - [04/Jul/2026:12:33:24 +0000] "DELETE /contact HTTP/1.1" 200 3906 "https://github.com" "Mozilla/5.0 (Macintosh; Intel Mac OS X 10_15_7) AppleWebKit/605.1.15 (KHTML, like Gecko) Version/17.0 Safari/605.1.15"
1.1.1.1 - - [04/Jul/2026:12:33:33 +0000] "PUT /about HTTP/1.1" 304 2355 "https://google.com" "Mozilla/5.0 (Windows NT 10.0; Win64; x64) AppleWebKit/537.36 (KHTML, like Gecko) Chrome/120.0.0.0 Safari/537.36"
1.1.1.1 - - [04/Jul/2026:12:33:36 +0000] "DELETE /about HTTP/1.1" 201 4536 "https://github.com" "Mozilla/5.0 (Macintosh; Intel Mac OS X 10_15_7) AppleWebKit/605.1.15 (KHTML, like Gecko) Version/17.0 Safari/605.1.15"
10.0.0.5 - - [04/Jul/2026:12:33:52 +0000] "GET /about HTTP/1.1" 302 927 "https://github.com" "Mozilla/5.0 (X11; Linux x86_64; rv:109.0) Gecko/20100101 Firefox/119.0"
8.8.8.8 - - [04/Jul/2026:12:33:54 +0000] "DELETE /images/logo.png HTTP/1.1" 200 2561 "https://github.com" "Mozilla/5.0 (X11; Linux x86_64; rv:109.0) Gecko/20100101 Firefox/119.0"
172.16.0.2 - - [04/Jul/2026:12:33:57 +0000] "POST /images/logo.png HTTP/1.1" 200 3543 "https://github.com" "Mozilla/5.0 (Macintosh; Intel Mac OS X 10_15_7) AppleWebKit/605.1.15 (KHTML, like Gecko) Version/17.0 Safari/605.1.15"
8.8.8.8 - - [04/Jul/2026:12:34:04 +0000] "DELETE /index.html HTTP/1.1" 200 2948 - "Mozilla/5.0 (Windows NT 10.0; Win64; x64) AppleWebKit/537.36 (KHTML, like Gecko) Chrome/120.0.0.0 Safari/537.36"
1.1.1.1 - - [04/Jul/2026:12:34:11 +0000] "POST /js/app.js HTTP/1.1" 200 128 - "Mozilla/5.0 (Macintosh; Intel Mac OS X 10_15_7) AppleWebKit/605.1.15 (KHTML, like Gecko) Version/17.0 Safari/605.1.15"
192.168.1.1 - - [04/Jul/2026:12:34:12 +0000] "GET /images/logo.png HTTP/1.1" 200 4255 - "Mozilla/5.0 (Windows NT 10.0; Win64; x64) AppleWebKit/537.36 (KHTML, like Gecko) Chrome/120.0.0.0 Safari/537.36"
8.8.8.8 - - [04/Jul/2026:12:34:20 +0000] "GET /api/v1/users HTTP/1.1" 200 3539 "https://news.ycombinator.com" "Mozilla/5.0 (Windows NT 10.0; Win64; x64) AppleWebKit/537.36 (KHTML, like Gecko) Chrome/120.0.0.0 Safari/537.36"
10.0.0.5 - - [04/Jul/2026:12:34:20 +0000] "PUT /about HTTP/1.1" 302 3054 "https://google.com" "Mozilla/5.0 (Windows NT 10.0; Win64; x64) AppleWebKit/537.36 (KHTML, like Gecko) Chrome/120.0.0.0 Safari/537.36"
10.0.0.5 - - [04/Jul/2026:12:34:25 +0000] "GET /index.html HTTP/1.1" 200 4357 "https://news.ycombinator.com" "Mozilla/5.0 (X11; Linux x86_64; rv:109.0) Gecko/20100101 Firefox/119.0"
172.16.0.2 - - [04/Jul/2026:12:34:34 +0000] "GET /css/style.css HTTP/1.1" 301 3294 "https://google.com" "Mozilla/5.0 (X11; Linux x86_64; rv:109.0) Gecko/20100101 Firefox/119.0"
192.168.1.1 - - [04/Jul/2026:12:34:36 +0000] "GET /index.html HTTP/1.1" 200 3008 "https://google.com" "Mozilla/5.0 (X11; Linux x86_64; rv:109.0) Gecko/20100101 Firefox/119.0"
1.1.1.1 - - [04/Jul/2026:12:34:50 +0000] "DELETE /index.html HTTP/1.1" 201 2046 "https://github.com" "Mozilla/5.0 (Windows NT 10.0; Win64; x64) AppleWebKit/537.36 (KHTML, like Gecko) Chrome/120.0.0.0 Safari/537.36"
192.168.1.1 - - [04/Jul/2026:12:34:50 +0000] "GET /contact HTTP/1.1" 200 4001 "https://google.com" "Mozilla/5.0 (Macintosh; Intel Mac OS X 10_15_7) AppleWebKit/605.1.15 (KHTML, like Gecko) Version/17.0 Safari/605.1.15"
8.8.8.8 - - [04/Jul/2026:12:34:55 +0000] "GET /index.html HTTP/1.1" 200 2592 - "Mozilla/5.0 (Windows NT 10.0; Win64; x64) AppleWebKit/537.36 (KHTML, like Gecko) Chrome/120.0.0.0 Safari/537.36"
192.168.1.1 - - [04/Jul/2026:12:34:56 +0000] "PUT /contact HTTP/1.1" 200 3482 "https://google.com" "Mozilla/5.0 (Macintosh; Intel Mac OS X 10_15_7) AppleWebKit/605.1.15 (KHTML, like Gecko) Version/17.0 Safari/605.1.15"
1.1.1.1 - - [04/Jul/2026:12:35:00 +0000] "DELETE /contact HTTP/1.1" 200 745 "https://news.ycombinator.com" "Mozilla/5.0 (Macintosh; Intel Mac OS X 10_15_7) AppleWebKit/605.1.15 (KHTML, like Gecko) Version/17.0 Safari/605.1.15"
192.168.1.1 - - [04/Jul/2026:12:35:05 +0000] "PUT /images/logo.png HTTP/1.1" 200 354 "https://news.ycombinator.com" "Mozilla/5.0 (Macintosh; Intel Mac OS X 10_15_7) AppleWebKit/605.1.15 (KHTML, like Gecko) Version/17.0 Safari/605.1.15"
172.16.0.2 - - [04/Jul/2026:12:35:06 +0000] "PUT /contact HTTP/1.1" 200 806 - "Mozilla/5.0 (Macintosh; Intel Mac OS X 10_15_7) AppleWebKit/605.1.15 (KHTML, like Gecko) Version/17.0 Safari/605.1.15"
172.16.0.2 - - [04/Jul/2026:12:35:07 +0000] "PUT /js/app.js HTTP/1.1" 302 3444 "https://google.com" "Mozilla/5.0 (Macintosh; Intel Mac OS X 10_15_7) AppleWebKit/605.1.15 (KHTML, like Gecko) Version/17.0 Safari/605.1.15"
172.16.0.2 - - [04/Jul/2026:12:35:12 +0000] "DELETE /about HTTP/1.1" 200 3865 "https://github.com" "Mozilla/5.0 (X11; Linux x86_64; rv:109.0) Gecko/20100101 Firefox/119.0"
8.8.8.8 - - [04/Jul/2026:12:35:12 +0000] "GET /about HTTP/1.1" 200 1042 - "Mozilla/5.0 (Macintosh; Intel Mac OS X 10_15_7) AppleWebKit/605.1.15 (KHTML, like Gecko) Version/17.0 Safari/605.1.15"
1.1.1.1 - - [04/Jul/2026:12:35:12 +0000] "PUT /index.html HTTP/1.1" 301 1011 "https://github.com" "Mozilla/5.0 (Macintosh; Intel Mac OS X 10_15_7) AppleWebKit/605.1.15 (KHTML, like Gecko) Version/17.0 Safari/605.1.15"
192.168.1.1 - - [04/Jul/2026:12:35:16 +0000] "DELETE /about HTTP/1.1" 304 3076 "https://news.ycombinator.com" "Mozilla/5.0 (Windows NT 10.0; Win64; x64) AppleWebKit/537.36 (KHTML, like Gecko) Chrome/120.0.0.0 Safari/537.36"
192.168.1.1 - - [04/Jul/2026:12:35:20 +0000] "PUT /api/v1/users HTTP/1.1" 302 1634 - "Mozilla/5.0 (X11; Linux x86_64; rv:109.0) Gecko/20100101 Firefox/119.0"
192.168.1.1 - - [04/Jul/2026:12:35:20 +0000] "GET /about HTTP/1.1" 301 2491 "https://github.com" "Mozilla/5.0 (X11; Linux x86_64; rv:109.0) Gecko/20100101 Firefox/119.0"
1.1.1.1 - - [04/Jul/2026:12:35:28 +0000] "POST /index.html HTTP/1.1" 302 1866 "https://news.ycombinator.com" "Mozilla/5.0 (Windows NT 10.0; Win64; x64) AppleWebKit/537.36 (KHTML, like Gecko) Chrome/120.0.0.0 Safari/537.36"
8.8.8.8 - - [04/Jul/2026:12:35:33 +0000] "GET /images/logo.png HTTP/1.1" 200 4344 "https://google.com" "Mozilla/5.0 (Macintosh; Intel Mac OS X 10_15_7) AppleWebKit/605.1.15 (KHTML, like Gecko) Version/17.0 Safari/605.1.15"
172.16.0.2 - - [04/Jul/2026:12:35:35 +0000] "GET /images/logo.png HTTP/1.1" 200 1641 "https://google.com" "Mozilla/5.0 (Macintosh; Intel Mac OS X 10_15_7) AppleWebKit/605.1.15 (KHTML, like Gecko) Version/17.0 Safari/605.1.15"
10.0.0.5 - - [04/Jul/2026:12:35:42 +0000] "PUT /api/v1/users HTTP/1.1" 304 1033 "https://github.com" "Mozilla/5.0 (X11; Linux x86_64; rv:109.0) Gecko/20100101 Firefox/119.0"
8.8.8.8 - - [04/Jul/2026:12:35:42 +0000] "GET /js/app.js HTTP/1.1" 302 4365 "https://google.com" "Mozilla/5.0 (Macintosh; Intel Mac OS X 10_15_7) AppleWebKit/605.1.15 (KHTML, like Gecko) Version/17.0 Safari/605.1.15"
1.1.1.1 - - [04/Jul/2026:12:35:48 +0000] "PUT /contact HTTP/1.1" 301 2509 "https://news.ycombinator.com" "Mozilla/5.0 (Windows NT 10.0; Win64; x64) AppleWebKit/537.36 (KHTML, like Gecko) Chrome/120.0.0.0 Safari/537.36"
192.168.1.1 - - [04/Jul/2026:12:35:50 +0000] "PUT /api/v1/users HTTP/1.1" 200 2986 "https://github.com" "Mozilla/5.0 (X11; Linux x86_64; rv:109.0) Gecko/20100101 Firefox/119.0"
1.1.1.1 - - [04/Jul/2026:12:35:51 +0000] "DELETE /images/logo.png HTTP/1.1" 200 4727 "https://google.com" "Mozilla/5.0 (Macintosh; Intel Mac OS X 10_15_7) AppleWebKit/605.1.15 (KHTML, like Gecko) Version/17.0 Safari/605.1.15"
172.16.0.2 - - [04/Jul/2026:12:35:52 +0000] "POST /api/v1/users HTTP/1.1" 201 4704 "https://github.com" "Mozilla/5.0 (Windows NT 10.0; Win64; x64) AppleWebKit/537.36 (KHTML, like Gecko) Chrome/120.0.0.0 Safari/537.36"
10.0.0.5 - - [04/Jul/2026:12:36:00 +0000] "GET /api/v1/users HTTP/1.1" 201 1058 "https://google.com" "Mozilla/5.0 (Macintosh; Intel Mac OS X 10_15_7) AppleWebKit/605.1.15 (KHTML, like Gecko) Version/17.0 Safari/605.1.15"
10.0.0.5 - - [04/Jul/2026:12:36:00 +0000] "GET /images/logo.png HTTP/1.1" 201 4745 "https://google.com" "Mozilla/5.0 (X11; Linux x86_64; rv:109.0) Gecko/20100101 Firefox/119.0"
8.8.8.8 - - [04/Jul/2026:12:36:08 +0000] "PUT /css/style.css HTTP/1.1" 304 1496 "https://google.com" "Mozilla/5.0 (X11; Linux x86_64; rv:109.0) Gecko/20100101 Firefox/119.0"
172.16.0.2 - - [04/Jul/2026:12:36:16 +0000] "DELETE /contact HTTP/1.1" 301 4337 - "Mozilla/5.0 (X11; Linux x86_64; rv:109.0) Gecko/20100101 Firefox/119.0"
10.0.0.5 - - [04/Jul/2026:12:36:18 +0000] "DELETE /css/style.css HTTP/1.1" 200 3041 - "Mozilla/5.0 (Macintosh; Intel Mac OS X 10_15_7) AppleWebKit/605.1.15 (KHTML, like Gecko) Version/17.0 Safari/605.1.15"
172.16.0.2 - - [04/Jul/2026:12:36:36 +0000] "GET /index.html HTTP/1.1" 200 3781 "https://github.com" "Mozilla/5.0 (Windows NT 10.0; Win64; x64) AppleWebKit/537.36 (KHTML, like Gecko) Chrome/120.0.0.0 Safari/537.36"
1.1.1.1 - - [04/Jul/2026:12:36:42 +0000] "POST /images/logo.png HTTP/1.1" 200 1565 - "Mozilla/5.0 (Macintosh; Intel Mac OS X 10_15_7) AppleWebKit/605.1.15 (KHTML, like Gecko) Version/17.0 Safari/605.1.15"
172.16.0.2 - - [04/Jul/2026:12:36:48 +0000] "DELETE /api/v1/users HTTP/1.1" 304 2335 "https://google.com" "Mozilla/5.0 (Windows NT 10.0; Win64; x64) AppleWebKit/537.36 (KHTML, like Gecko) Chrome/120.0.0.0 Safari/537.36"
10.0.0.5 - - [04/Jul/2026:12:36:50 +0000] "PUT /api/v1/users HTTP/1.1" 304 3928 "https://github.com" "Mozilla/5.0 (X11; Linux x86_64; rv:109.0) Gecko/20100101 Firefox/119.0"
172.16.0.2 - - [04/Jul/2026:12:36:52 +0000] "POST /js/app.js HTTP/1.1" 301 2812 "https://github.com" "Mozilla/5.0 (Macintosh; Intel Mac OS X 10_15_7) AppleWebKit/605.1.15 (KHTML, like Gecko) Version/17.0 Safari/605.1.15"
1.1.1.1 - - [04/Jul/2026:12:36:59 +0000] "GET /index.html HTTP/1.1" 201 4488 "https://github.com" "Mozilla/5.0 (Windows NT 10.0; Win64; x64) AppleWebKit/537.36 (KHTML, like Gecko) Chrome/120.0.0.0 Safari/537.36"
8.8.8.8 - - [04/Jul/2026:12:37:00 +0000] "POST /css/style.css HTTP/1.1" 201 2731 - "Mozilla/5.0 (Windows NT 10.0; Win64; x64) AppleWebKit/537.36 (KHTML, like Gecko) Chrome/120.0.0.0 Safari/537.36"
10.0.0.5 - - [04/Jul/2026:12:37:03 +0000] "PUT /css/style.css HTTP/1.1" 200 3830 "https://github.com" "Mozilla/5.0 (Windows NT 10.0; Win64; x64) AppleWebKit/537.36 (KHTML, like Gecko) Chrome/120.0.0.0 Safari/537.36"
1.1.1.1 - - [04/Jul/2026:12:37:06 +0000] "POST /index.html HTTP/1.1" 200 4395 "https://google.com" "Mozilla/5.0 (Windows NT 10.0; Win64; x64) AppleWebKit/537.36 (KHTML, like Gecko) Chrome/120.0.0.0 Safari/537.36"
192.168.1.1 - - [04/Jul/2026:12:37:10 +0000] "POST /api/v1/users HTTP/1.1" 200 1670 "https://news.ycombinator.com" "Mozilla/5.0 (X11; Linux x86_64; rv:109.0) Gecko/20100101 Firefox/119.0"
172.16.0.2 - - [04/Jul/2026:12:37:20 +0000] "DELETE /css/style.css HTTP/1.1" 200 1950 "https://github.com" "Mozilla/5.0 (X11; Linux x86_64; rv:109.0) Gecko/20100101 Firefox/119.0"
192.168.1.1 - - [04/Jul/2026:12:37:30 +0000] "GET /about HTTP/1.1" 201 957 - "Mozilla/5.0 (Macintosh; Intel Mac OS X 10_15_7) AppleWebKit/605.1.15 (KHTML, like Gecko) Version/17.0 Safari/605.1.15"
192.168.1.1 - - [04/Jul/2026:12:37:36 +0000] "PUT /api/v1/users HTTP/1.1" 302 4216 "https://github.com" "Mozilla/5.0 (X11; Linux x86_64; rv:109.0) Gecko/20100101 Firefox/119.0"
172.16.0.2 - - [04/Jul/2026:12:37:48 +0000] "POST /css/style.css HTTP/1.1" 304 2915 - "Mozilla/5.0 (Windows NT 10.0; Win64; x64) AppleWebKit/537.36 (KHTML, like Gecko) Chrome/120.0.0.0 Safari/537.36"
10.0.0.5 - - [04/Jul/2026:12:37:52 +0000] "PUT /contact HTTP/1.1" 304 4503 "https://google.com" "Mozilla/5.0 (Windows NT 10.0; Win64; x64) AppleWebKit/537.36 (KHTML, like Gecko) Chrome/120.0.0.0 Safari/537.36"
172.16.0.2 - - [04/Jul/2026:12:37:52 +0000] "DELETE /js/app.js HTTP/1.1" 200 1418 "https://google.com" "Mozilla/5.0 (Windows NT 10.0; Win64; x64) AppleWebKit/537.36 (KHTML, like Gecko) Chrome/120.0.0.0 Safari/537.36"
172.16.0.2 - - [04/Jul/2026:12:37:54 +0000] "GET /about HTTP/1.1" 200 1755 - "Mozilla/5.0 (Macintosh; Intel Mac OS X 10_15_7) AppleWebKit/605.1.15 (KHTML, like Gecko) Version/17.0 Safari/605.1.15"
10.0.0.5 - - [04/Jul/2026:12:37:55 +0000] "GET /about HTTP/1.1" 200 4719 "https://google.com" "Mozilla/5.0 (X11; Linux x86_64; rv:109.0) Gecko/20100101 Firefox/119.0"
192.168.1.1 - - [04/Jul/2026:12:38:00 +0000] "DELETE /api/v1/users HTTP/1.1" 200 310 "https://google.com" "Mozilla/5.0 (Windows NT 10.0; Win64; x64) AppleWebKit/537.36 (KHTML, like Gecko) Chrome/120.0.0.0 Safari/537.36"
192.168.1.1 - - [04/Jul/2026:12:38:09 +0000] "POST /images/logo.png HTTP/1.1" 200 2890 "https://news.ycombinator.com" "Mozilla/5.0 (Macintosh; Intel Mac OS X 10_15_7) AppleWebKit/605.1.15 (KHTML, like Gecko) Version/17.0 Safari/605.1.15"
8.8.8.8 - - [04/Jul/2026:12:38:10 +0000] "GET /js/app.js HTTP/1.1" 302 1614 "https://github.com" "Mozilla/5.0 (Macintosh; Intel Mac OS X 10_15_7) AppleWebKit/605.1.15 (KHTML, like Gecko) Version/17.0 Safari/605.1.15"
10.0.0.5 - - [04/Jul/2026:12:38:20 +0000] "GET /api/v1/users HTTP/1.1" 200 802 "https://github.com" "Mozilla/5.0 (X11; Linux x86_64; rv:109.0) Gecko/20100101 Firefox/119.0"
192.168.1.1 - - [04/Jul/2026:12:38:24 +0000] "GET /images/logo.png HTTP/1.1" 302 1182 "https://news.ycombinator.com" "Mozilla/5.0 (Windows NT 10.0; Win64; x64) AppleWebKit/537.36 (KHTML, like Gecko) Chrome/120.0.0.0 Safari/537.36"
8.8.8.8 - - [04/Jul/2026:12:38:28 +0000] "GET /css/style.css HTTP/1.1" 200 3685 "https://google.com" "Mozilla/5.0 (Macintosh; Intel Mac OS X 10_15_7) AppleWebKit/605.1.15 (KHTML, like Gecko) Version/17.0 Safari/605.1.15"
1.1.1.1 - - [04/Jul/2026:12:38:33 +0000] "POST /about HTTP/1.1" 301 1431 "https://news.ycombinator.com" "Mozilla/5.0 (X11; Linux x86_64; rv:109.0) Gecko/20100101 Firefox/119.0"
10.0.0.5 - - [04/Jul/2026:12:38:40 +0000] "GET /contact HTTP/1.1" 200 219 "https://github.com" "Mozilla/5.0 (Windows NT 10.0; Win64; x64) AppleWebKit/537.36 (KHTML, like Gecko) Chrome/120.0.0.0 Safari/537.36"
1.1.1.1 - - [04/Jul/2026:12:38:44 +0000] "PUT /about HTTP/1.1" 200 1796 "https://news.ycombinator.com" "Mozilla/5.0 (Macintosh; Intel Mac OS X 10_15_7) AppleWebKit/605.1.15 (KHTML, like Gecko) Version/17.0 Safari/605.1.15"
8.8.8.8 - - [04/Jul/2026:12:38:54 +0000] "DELETE /about HTTP/1.1" 200 2129 "https://github.com" "Mozilla/5.0 (X11; Linux x86_64; rv:109.0) Gecko/20100101 Firefox/119.0"
10.0.0.5 - - [04/Jul/2026:12:39:08 +0000] "GET /css/style.css HTTP/1.1" 201 1832 "https://google.com" "Mozilla/5.0 (Windows NT 10.0; Win64; x64) AppleWebKit/537.36 (KHTML, like Gecko) Chrome/120.0.0.0 Safari/537.36"
8.8.8.8 - - [04/Jul/2026:12:39:15 +0000] "PUT /index.html HTTP/1.1" 301 2582 "https://github.com" "Mozilla/5.0 (Macintosh; Intel Mac OS X 10_15_7) AppleWebKit/605.1.15 (KHTML, like Gecko) Version/17.0 Safari/605.1.15"
192.168.1.1 - - [04/Jul/2026:12:39:18 +0000] "PUT /api/v1/users HTTP/1.1" 302 4756 "https://news.ycombinator.com" "Mozilla/5.0 (Macintosh; Intel Mac OS X 10_15_7) AppleWebKit/605.1.15 (KHTML, like Gecko) Version/17.0 Safari/605.1.15"
8.8.8.8 - - [04/Jul/2026:12:39:21 +0000] "PUT /images/logo.png HTTP/1.1" 200 1200 - "Mozilla/5.0 (Windows NT 10.0; Win64; x64) AppleWebKit/537.36 (KHTML, like Gecko) Chrome/120.0.0.0 Safari/537.36"
192.168.1.1 - - [04/Jul/2026:12:39:24 +0000] "DELETE /js/app.js HTTP/1.1" 302 1212 - "Mozilla/5.0 (Windows NT 10.0; Win64; x64) AppleWebKit/537.36 (KHTML, like Gecko) Chrome/120.0.0.0 Safari/537.36"
192.168.1.1 - - [04/Jul/2026:12:39:30 +0000] "DELETE /css/style.css HTTP/1.1" 200 1691 "https://news.ycombinator.com" "Mozilla/5.0 (Macintosh; Intel Mac OS X 10_15_7) AppleWebKit/605.1.15 (KHTML, like Gecko) Version/17.0 Safari/605.1.15"
192.168.1.1 - - [04/Jul/2026:12:39:38 +0000] "DELETE /contact HTTP/1.1" 200 4347 "https://google.com" "Mozilla/5.0 (Macintosh; Intel Mac OS X 10_15_7) AppleWebKit/605.1.15 (KHTML, like Gecko) Version/17.0 Safari/605.1.15"
172.16.0.2 - - [04/Jul/2026:12:39:48 +0000] "GET /js/app.js HTTP/1.1" 201 4717 "https://github.com" "Mozilla/5.0 (Windows NT 10.0; Win64; x64) AppleWebKit/537.36 (KHTML, like Gecko) Chrome/120.0.0.0 Safari/537.36"
8.8.8.8 - - [04/Jul/2026:12:39:54 +0000] "PUT /index.html HTTP/1.1" 301 343 "https://google.com" "Mozilla/5.0 (Macintosh; Intel Mac OS X 10_15_7) AppleWebKit/605.1.15 (KHTML, like Gecko) Version/17.0 Safari/605.1.15"
10.0.0.5 - - [04/Jul/2026:12:39:55 +0000] "GET /about HTTP/1.1" 200 3266 - "Mozilla/5.0 (Windows NT 10.0; Win64; x64) AppleWebKit/537.36 (KHTML, like Gecko) Chrome/120.0.0.0 Safari/537.36"
8.8.8.8 - - [04/Jul/2026:12:39:56 +0000] "GET /index.html HTTP/1.1" 201 159 - "Mozilla/5.0 (Windows NT 10.0; Win64; x64) AppleWebKit/537.36 (KHTML, like Gecko) Chrome/120.0.0.0 Safari/537.36"
10.0.0.5 - - [04/Jul/2026:12:40:00 +0000] "POST /api/v1/users HTTP/1.1" 301 4717 - "Mozilla/5.0 (Windows NT 10.0; Win64; x64) AppleWebKit/537.36 (KHTML, like Gecko) Chrome/120.0.0.0 Safari/537.36"
1.1.1.1 - - [04/Jul/2026:12:40:06 +0000] "DELETE /images/logo.png HTTP/1.1" 302 3238 "https://google.com" "Mozilla/5.0 (X11; Linux x86_64; rv:109.0) Gecko/20100101 Firefox/119.0"
8.8.8.8 - - [04/Jul/2026:12:40:09 +0000] "POST /css/style.css HTTP/1.1" 301 545 "https://github.com" "Mozilla/5.0 (Windows NT 10.0; Win64; x64) AppleWebKit/537.36 (KHTML, like Gecko) Chrome/120.0.0.0 Safari/537.36"
192.168.1.1 - - [04/Jul/2026:12:40:12 +0000] "DELETE /contact HTTP/1.1" 304 2568 "https://news.ycombinator.com" "Mozilla/5.0 (X11; Linux x86_64; rv:109.0) Gecko/20100101 Firefox/119.0"
8.8.8.8 - - [04/Jul/2026:12:40:14 +0000] "PUT /images/logo.png HTTP/1.1" 304 1476 "https://news.ycombinator.com" "Mozilla/5.0 (Windows NT 10.0; Win64; x64) AppleWebKit/537.36 (KHTML, like Gecko) Chrome/120.0.0.0 Safari/537.36"
192.168.1.1 - - [04/Jul/2026:12:40:26 +0000] "PUT /js/app.js HTTP/1.1" 200 1051 "https://github.com" "Mozilla/5.0 (Windows NT 10.0; Win64; x64) AppleWebKit/537.36 (KHTML, like Gecko) Chrome/120.0.0.0 Safari/537.36"
1.1.1.1 - - [04/Jul/2026:12:40:39 +0000] "DELETE /js/app.js HTTP/1.1" 200 1008 "https://google.com" "Mozilla/5.0 (Macintosh; Intel Mac OS X 10_15_7) AppleWebKit/605.1.15 (KHTML, like Gecko) Version/17.0 Safari/605.1.15"
8.8.8.8 - - [04/Jul/2026:12:40:40 +0000] "PUT /contact HTTP/1.1" 302 3280 - "Mozilla/5.0 (X11; Linux x86_64; rv:109.0) Gecko/20100101 Firefox/119.0"
192.168.1.1 - - [04/Jul/2026:12:40:40 +0000] "PUT /api/v1/users HTTP/1.1" 200 4282 "https://google.com" "Mozilla/5.0 (X11; Linux x86_64; rv:109.0) Gecko/20100101 Firefox/119.0"
1.1.1.1 - - [04/Jul/2026:12:40:42 +0000] "GET /css/style.css HTTP/1.1" 200 1569 "https://google.com" "Mozilla/5.0 (X11; Linux x86_64; rv:109.0) Gecko/20100101 Firefox/119.0"
1.1.1.1 - - [04/Jul/2026:12:40:50 +0000] "POST /contact HTTP/1.1" 302 1478 - "Mozilla/5.0 (Windows NT 10.0; Win64; x64) AppleWebKit/537.36 (KHTML, like Gecko) Chrome/120.0.0.0 Safari/537.36"
1.1.1.1 - - [04/Jul/2026:12:40:56 +0000] "DELETE /contact HTTP/1.1" 200 2238 "https://google.com" "Mozilla/5.0 (Macintosh; Intel Mac OS X 10_15_7) AppleWebKit/605.1.15 (KHTML, like Gecko) Version/17.0 Safari/605.1.15"
8.8.8.8 - - [04/Jul/2026:12:41:04 +0000] "PUT /about HTTP/1.1" 201 3046 "https://news.ycombinator.com" "Mozilla/5.0 (Macintosh; Intel Mac OS X 10_15_7) AppleWebKit/605.1.15 (KHTML, like Gecko) Version/17.0 Safari/605.1.15"
172.16.0.2 - - [04/Jul/2026:12:41:04 +0000] "POST /contact HTTP/1.1" 200 3325 "https://news.ycombinator.com" "Mozilla/5.0 (Windows NT 10.0; Win64; x64) AppleWebKit/537.36 (KHTML, like Gecko) Chrome/120.0.0.0 Safari/537.36"
172.16.0.2 - - [04/Jul/2026:12:41:05 +0000] "PUT /contact HTTP/1.1" 200 3954 - "Mozilla/5.0 (X11; Linux x86_64; rv:109.0) Gecko/20100101 Firefox/119.0"
192.168.1.1 - - [04/Jul/2026:12:41:12 +0000] "PUT /api/v1/users HTTP/1.1" 301 2663 "https://news.ycombinator.com" "Mozilla/5.0 (Windows NT 10.0; Win64; x64) AppleWebKit/537.36 (KHTML, like Gecko) Chrome/120.0.0.0 Safari/537.36"
1.1.1.1 - - [04/Jul/2026:12:41:18 +0000] "DELETE /api/v1/users HTTP/1.1" 302 1611 "https://google.com" "Mozilla/5.0 (X11; Linux x86_64; rv:109.0) Gecko/20100101 Firefox/119.0"
8.8.8.8 - - [04/Jul/2026:12:41:25 +0000] "GET /js/app.js HTTP/1.1" 200 3782 "https://news.ycombinator.com" "Mozilla/5.0 (Macintosh; Intel Mac OS X 10_15_7) AppleWebKit/605.1.15 (KHTML, like Gecko) Version/17.0 Safari/605.1.15"
1.1.1.1 - - [04/Jul/2026:12:41:27 +0000] "POST /index.html HTTP/1.1" 200 1259 "https://news.ycombinator.com" "Mozilla/5.0 (X11; Linux x86_64; rv:109.0) Gecko/20100101 Firefox/119.0"
192.168.1.1 - - [04/Jul/2026:12:41:34 +0000] "POST /css/style.css HTTP/1.1" 201 4923 "https://news.ycombinator.com" "Mozilla/5.0 (Windows NT 10.0; Win64; x64) AppleWebKit/537.36 (KHTML, like Gecko) Chrome/120.0.0.0 Safari/537.36"
10.0.0.5 - - [04/Jul/2026:12:41:40 +0000] "PUT /index.html HTTP/1.1" 200 2404 "https://news.ycombinator.com" "Mozilla/5.0 (X11; Linux x86_64; rv:109.0) Gecko/20100101 Firefox/119.0"
1.1.1.1 - - [04/Jul/2026:12:41:42 +0000] "PUT /index.html HTTP/1.1" 200 2343 "https://google.com" "Mozilla/5.0 (Macintosh; Intel Mac OS X 10_15_7) AppleWebKit/605.1.15 (KHTML, like Gecko) Version/17.0 Safari/605.1.15"
192.168.1.1 - - [04/Jul/2026:12:41:48 +0000] "POST /index.html HTTP/1.1" 200 4812 - "Mozilla/5.0 (Windows NT 10.0; Win64; x64) AppleWebKit/537.36 (KHTML, like Gecko) Chrome/120.0.0.0 Safari/537.36"
1.1.1.1 - - [04/Jul/2026:12:41:50 +0000] "POST /index.html HTTP/1.1" 200 2542 "https://github.com" "Mozilla/5.0 (Macintosh; Intel Mac OS X 10_15_7) AppleWebKit/605.1.15 (KHTML, like Gecko) Version/17.0 Safari/605.1.15"
10.0.0.5 - - [04/Jul/2026:12:41:57 +0000] "GET /css/style.css HTTP/1.1" 200 4195 - "Mozilla/5.0 (X11; Linux x86_64; rv:109.0) Gecko/20100101 Firefox/119.0"
172.16.0.2 - - [04/Jul/2026:12:42:06 +0000] "GET /about HTTP/1.1" 200 3393 "https://github.com" "Mozilla/5.0 (Windows NT 10.0; Win64; x64) AppleWebKit/537.36 (KHTML, like Gecko) Chrome/120.0.0.0 Safari/537.36"
10.0.0.5 - - [04/Jul/2026:12:42:16 +0000] "POST /about HTTP/1.1" 200 1195 "https://news.ycombinator.com" "Mozilla/5.0 (Macintosh; Intel Mac OS X 10_15_7) AppleWebKit/605.1.15 (KHTML, like Gecko) Version/17.0 Safari/605.1.15"
172.16.0.2 - - [04/Jul/2026:12:42:27 +0000] "DELETE /js/app.js HTTP/1.1" 200 3037 "https://github.com" "Mozilla/5.0 (Windows NT 10.0; Win64; x64) AppleWebKit/537.36 (KHTML, like Gecko) Chrome/120.0.0.0 Safari/537.36"
1.1.1.1 - - [04/Jul/2026:12:42:28 +0000] "POST /images/logo.png HTTP/1.1" 201 3009 "https://github.com" "Mozilla/5.0 (X11; Linux x86_64; rv:109.0) Gecko/20100101 Firefox/119.0"
172.16.0.2 - - [04/Jul/2026:12:42:30 +0000] "GET /js/app.js HTTP/1.1" 200 2398 "https://google.com" "Mozilla/5.0 (Windows NT 10.0; Win64; x64) AppleWebKit/537.36 (KHTML, like Gecko) Chrome/120.0.0.0 Safari/537.36"
8.8.8.8 - - [04/Jul/2026:12:42:35 +0000] "POST /index.html HTTP/1.1" 304 1801 "https://news.ycombinator.com" "Mozilla/5.0 (Macintosh; Intel Mac OS X 10_15_7) AppleWebKit/605.1.15 (KHTML, like Gecko) Version/17.0 Safari/605.1.15"
172.16.0.2 - - [04/Jul/2026:12:42:40 +0000] "PUT /about HTTP/1.1" 201 2291 "https://news.ycombinator.com" "Mozilla/5.0 (Macintosh; Intel Mac OS X 10_15_7) AppleWebKit/605.1.15 (KHTML, like Gecko) Version/17.0 Safari/605.1.15"
172.16.0.2 - - [04/Jul/2026:12:42:50 +0000] "DELETE /index.html HTTP/1.1" 200 1531 - "Mozilla/5.0 (Macintosh; Intel Mac OS X 10_15_7) AppleWebKit/605.1.15 (KHTML, like Gecko) Version/17.0 Safari/605.1.15"
1.1.1.1 - - [04/Jul/2026:12:42:54 +0000] "POST /css/style.css HTTP/1.1" 200 1447 "https://github.com" "Mozilla/5.0 (X11; Linux x86_64; rv:109.0) Gecko/20100101 Firefox/119.0"
8.8.8.8 - - [04/Jul/2026:12:42:56 +0000] "DELETE /index.html HTTP/1.1" 304 3532 - "Mozilla/5.0 (Windows NT 10.0; Win64; x64) AppleWebKit/537.36 (KHTML, like Gecko) Chrome/120.0.0.0 Safari/537.36"
172.16.0.2 - - [04/Jul/2026:12:42:57 +0000] "DELETE /images/logo.png HTTP/1.1" 200 3826 "https://news.ycombinator.com" "Mozilla/5.0 (Windows NT 10.0; Win64; x64) AppleWebKit/537.36 (KHTML, like Gecko) Chrome/120.0.0.0 Safari/537.36"
172.16.0.2 - - [04/Jul/2026:12:43:00 +0000] "PUT /css/style.css HTTP/1.1" 304 4711 "https://github.com" "Mozilla/5.0 (Macintosh; Intel Mac OS X 10_15_7) AppleWebKit/605.1.15 (KHTML, like Gecko) Version/17.0 Safari/605.1.15"
8.8.8.8 - - [04/Jul/2026:12:43:00 +0000] "PUT /js/app.js HTTP/1.1" 304 111 - "Mozilla/5.0 (Macintosh; Intel Mac OS X 10_15_7) AppleWebKit/605.1.15 (KHTML, like Gecko) Version/17.0 Safari/605.1.15"
192.168.1.1 - - [04/Jul/2026:12:43:20 +0000] "DELETE /about HTTP/1.1" 200 520 "https://news.ycombinator.com" "Mozilla/5.0 (Windows NT 10.0; Win64; x64) AppleWebKit/537.36 (KHTML, like Gecko) Chrome/120.0.0.0 Safari/537.36"
1.1.1.1 - - [04/Jul/2026:12:43:30 +0000] "DELETE /api/v1/users HTTP/1.1" 200 358 - "Mozilla/5.0 (Windows NT 10.0; Win64; x64) AppleWebKit/537.36 (KHTML, like Gecko) Chrome/120.0.0.0 Safari/537.36"
192.168.1.1 - - [04/Jul/2026:12:43:40 +0000] "PUT /index.html HTTP/1.1" 302 1261 - "Mozilla/5.0 (Windows NT 10.0; Win64; x64) AppleWebKit/537.36 (KHTML, like Gecko) Chrome/120.0.0.0 Safari/537.36"
8.8.8.8 - - [04/Jul/2026:12:43:44 +0000] "DELETE /api/v1/users HTTP/1.1" 200 1939 - "Mozilla/5.0 (Macintosh; Intel Mac OS X 10_15_7) AppleWebKit/605.1.15 (KHTML, like Gecko) Version/17.0 Safari/605.1.15"
172.16.0.2 - - [04/Jul/2026:12:43:46 +0000] "PUT /index.html HTTP/1.1" 301 794 - "Mozilla/5.0 (X11; Linux x86_64; rv:109.0) Gecko/20100101 Firefox/119.0"
10.0.0.5 - - [04/Jul/2026:12:43:48 +0000] "POST /api/v1/users HTTP/1.1" 200 437 "https://github.com" "Mozilla/5.0 (X11; Linux x86_64; rv:109.0) Gecko/20100101 Firefox/119.0"
1.1.1.1 - - [04/Jul/2026:12:43:50 +0000] "DELETE /images/logo.png HTTP/1.1" 200 1231 "https://google.com" "Mozilla/5.0 (X11; Linux x86_64; rv:109.0) Gecko/20100101 Firefox/119.0"
10.0.0.5 - - [04/Jul/2026:12:43:54 +0000] "GET /index.html HTTP/1.1" 200 4905 "https://google.com" "Mozilla/5.0 (Windows NT 10.0; Win64; x64) AppleWebKit/537.36 (KHTML, like Gecko) Chrome/120.0.0.0 Safari/537.36"
1.1.1.1 - - [04/Jul/2026:12:43:59 +0000] "POST /contact HTTP/1.1" 200 4152 "https://github.com" "Mozilla/5.0 (Macintosh; Intel Mac OS X 10_15_7) AppleWebKit/605.1.15 (KHTML, like Gecko) Version/17.0 Safari/605.1.15"
1.1.1.1 - - [04/Jul/2026:12:44:00 +0000] "GET /about HTTP/1.1" 302 4900 - "Mozilla/5.0 (Macintosh; Intel Mac OS X 10_15_7) AppleWebKit/605.1.15 (KHTML, like Gecko) Version/17.0 Safari/605.1.15"
192.168.1.1 - - [04/Jul/2026:12:44:04 +0000] "DELETE /images/logo.png HTTP/1.1" 304 2124 - "Mozilla/5.0 (Windows NT 10.0; Win64; x64) AppleWebKit/537.36 (KHTML, like Gecko) Chrome/120.0.0.0 Safari/537.36"
8.8.8.8 - - [04/Jul/2026:12:44:06 +0000] "DELETE /css/style.css HTTP/1.1" 302 1981 "https://google.com" "Mozilla/5.0 (Macintosh; Intel Mac OS X 10_15_7) AppleWebKit/605.1.15 (KHTML, like Gecko) Version/17.0 Safari/605.1.15"
172.16.0.2 - - [04/Jul/2026:12:44:06 +0000] "POST /api/v1/users HTTP/1.1" 302 4091 "https://github.com" "Mozilla/5.0 (Windows NT 10.0; Win64; x64) AppleWebKit/537.36 (KHTML, like Gecko) Chrome/120.0.0.0 Safari/537.36"
10.0.0.5 - - [04/Jul/2026:12:44:10 +0000] "POST /contact HTTP/1.1" 200 3579 "https://github.com" "Mozilla/5.0 (Windows NT 10.0; Win64; x64) AppleWebKit/537.36 (KHTML, like Gecko) Chrome/120.0.0.0 Safari/537.36"
10.0.0.5 - - [04/Jul/2026:12:44:14 +0000] "POST /index.html HTTP/1.1" 200 4762 "https://news.ycombinator.com" "Mozilla/5.0 (Windows NT 10.0; Win64; x64) AppleWebKit/537.36 (KHTML, like Gecko) Chrome/120.0.0.0 Safari/537.36"
192.168.1.1 - - [04/Jul/2026:12:44:16 +0000] "GET /api/v1/users HTTP/1.1" 302 2758 - "Mozilla/5.0 (Windows NT 10.0; Win64; x64) AppleWebKit/537.36 (KHTML, like Gecko) Chrome/120.0.0.0 Safari/537.36"
172.16.0.2 - - [04/Jul/2026:12:44:24 +0000] "DELETE /api/v1/users HTTP/1.1" 200 3380 - "Mozilla/5.0 (Windows NT 10.0; Win64; x64) AppleWebKit/537.36 (KHTML, like Gecko) Chrome/120.0.0.0 Safari/537.36"
10.0.0.5 - - [04/Jul/2026:12:44:30 +0000] "GET /api/v1/users HTTP/1.1" 301 2717 "https://google.com" "Mozilla/5.0 (X11; Linux x86_64; rv:109.0) Gecko/20100101 Firefox/119.0"
192.168.1.1 - - [04/Jul/2026:12:44:30 +0000] "GET /about HTTP/1.1" 301 329 "https://google.com" "Mozilla/5.0 (Macintosh; Intel Mac OS X 10_15_7) AppleWebKit/605.1.15 (KHTML, like Gecko) Version/17.0 Safari/605.1.15"
192.168.1.1 - - [04/Jul/2026:12:44:36 +0000] "DELETE /index.html HTTP/1.1" 201 1817 "https://google.com" "Mozilla/5.0 (X11; Linux x86_64; rv:109.0) Gecko/20100101 Firefox/119.0"
192.168.1.1 - - [04/Jul/2026:12:44:42 +0000] "PUT /images/logo.png HTTP/1.1" 200 110 - "Mozilla/5.0 (Macintosh; Intel Mac OS X 10_15_7) AppleWebKit/605.1.15 (KHTML, like Gecko) Version/17.0 Safari/605.1.15"
1.1.1.1 - - [04/Jul/2026:12:44:42 +0000] "POST /index.html HTTP/1.1" 302 4007 - "Mozilla/5.0 (Macintosh; Intel Mac OS X 10_15_7) AppleWebKit/605.1.15 (KHTML, like Gecko) Version/17.0 Safari/605.1.15"
1.1.1.1 - - [04/Jul/2026:12:44:50 +0000] "POST /css/style.css HTTP/1.1" 304 897 - "Mozilla/5.0 (Windows NT 10.0; Win64; x64) AppleWebKit/537.36 (KHTML, like Gecko) Chrome/120.0.0.0 Safari/537.36"
10.0.0.5 - - [04/Jul/2026:12:44:55 +0000] "GET /js/app.js HTTP/1.1" 200 945 "https://github.com" "Mozilla/5.0 (Macintosh; Intel Mac OS X 10_15_7) AppleWebKit/605.1.15 (KHTML, like Gecko) Version/17.0 Safari/605.1.15"
10.0.0.5 - - [04/Jul/2026:12:44:57 +0000] "GET /css/style.css HTTP/1.1" 200 4554 "https://github.com" "Mozilla/5.0 (Macintosh; Intel Mac OS X 10_15_7) AppleWebKit/605.1.15 (KHTML, like Gecko) Version/17.0 Safari/605.1.15"
192.168.1.1 - - [04/Jul/2026:12:45:00 +0000] "POST /api/v1/users HTTP/1.1" 200 4450 "https://google.com" "Mozilla/5.0 (X11; Linux x86_64; rv:109.0) Gecko/20100101 Firefox/119.0"
172.16.0.2 - - [04/Jul/2026:12:45:15 +0000] "POST /images/logo.png HTTP/1.1" 200 2517 "https://google.com" "Mozilla/5.0 (X11; Linux x86_64; rv:109.0) Gecko/20100101 Firefox/119.0"
10.0.0.5 - - [04/Jul/2026:12:45:20 +0000] "PUT /api/v1/users HTTP/1.1" 302 2714 "https://github.com" "Mozilla/5.0 (X11; Linux x86_64; rv:109.0) Gecko/20100101 Firefox/119.0"
1.1.1.1 - - [04/Jul/2026:12:45:25 +0000] "GET /contact HTTP/1.1" 302 3512 "https://github.com" "Mozilla/5.0 (X11; Linux x86_64; rv:109.0) Gecko/20100101 Firefox/119.0"
192.168.1.1 - - [04/Jul/2026:12:45:27 +0000] "DELETE /contact HTTP/1.1" 200 3281 "https://google.com" "Mozilla/5.0 (Macintosh; Intel Mac OS X 10_15_7) AppleWebKit/605.1.15 (KHTML, like Gecko) Version/17.0 Safari/605.1.15"
1.1.1.1 - - [04/Jul/2026:12:45:38 +0000] "DELETE /js/app.js HTTP/1.1" 304 3491 "https://news.ycombinator.com" "Mozilla/5.0 (Macintosh; Intel Mac OS X 10_15_7) AppleWebKit/605.1.15 (KHTML, like Gecko) Version/17.0 Safari/605.1.15"
8.8.8.8 - - [04/Jul/2026:12:45:44 +0000] "GET /api/v1/users HTTP/1.1" 304 4965 - "Mozilla/5.0 (X11; Linux x86_64; rv:109.0) Gecko/20100101 Firefox/119.0"
172.16.0.2 - - [04/Jul/2026:12:45:54 +0000] "GET /js/app.js HTTP/1.1" 304 961 "https://news.ycombinator.com" "Mozilla/5.0 (Macintosh; Intel Mac OS X 10_15_7) AppleWebKit/605.1.15 (KHTML, like Gecko) Version/17.0 Safari/605.1.15"
1.1.1.1 - - [04/Jul/2026:12:45:55 +0000] "DELETE /images/logo.png HTTP/1.1" 301 697 "https://github.com" "Mozilla/5.0 (X11; Linux x86_64; rv:109.0) Gecko/20100101 Firefox/119.0"
192.168.1.1 - - [04/Jul/2026:12:46:00 +0000] "DELETE /css/style.css HTTP/1.1" 302 4477 "https://news.ycombinator.com" "Mozilla/5.0 (X11; Linux x86_64; rv:109.0) Gecko/20100101 Firefox/119.0"
1.1.1.1 - - [04/Jul/2026:12:46:12 +0000] "DELETE /js/app.js HTTP/1.1" 302 775 "https://google.com" "Mozilla/5.0 (Macintosh; Intel Mac OS X 10_15_7) AppleWebKit/605.1.15 (KHTML, like Gecko) Version/17.0 Safari/605.1.15"
172.16.0.2 - - [04/Jul/2026:12:46:15 +0000] "PUT /css/style.css HTTP/1.1" 200 726 "https://news.ycombinator.com" "Mozilla/5.0 (Macintosh; Intel Mac OS X 10_15_7) AppleWebKit/605.1.15 (KHTML, like Gecko) Version/17.0 Safari/605.1.15"
