1.1.1.1 - - [04/Jul/2026:15:10:16 +0000] "PUT /about HTTP/1.1" 200 4608 - "Mozilla/5.0 (Macintosh; Intel Mac OS X 10_15_7) AppleWebKit/605.1.15 (KHTML, like Gecko) Version/17.0 Safari/605.1.15"
8.8.8.8 - - [04/Jul/2026:15:11:00 +0000] "GET /js/app.js HTTP/1.1" 200 2458 "https://news.ycombinator.com" "Mozilla/5.0 (Macintosh; Intel Mac OS X 10_15_7) AppleWebKit/605.1.15 (KHTML, like Gecko) Version/17.0 Safari/605.1.15"
10.0.0.5 - - [04/Jul/2026:15:11:06 +0000] "POST /api/v1/users HTTP/1.1" 201 1042 "https://github.com" "Mozilla/5.0 (X11; Linux x86_64; rv:109.0) Gecko/20100101 Firefox/119.0"
172.16.0.2 - - [04/Jul/2026:15:11:12 +0000] "POST /api/v1/users HTTP/1.1" 200 2947 "https://github.com" "Mozilla/5.0 (X11; Linux x86_64; rv:109.0) Gecko/20100101 Firefox/119.0"
8.8.8.8 - - [04/Jul/2026:15:11:42 +0000] "PUT /js/app.js HTTP/1.1" 200 1916 "https://github.com" "Mozilla/5.0 (Macintosh; Intel Mac OS X 10_15_7) AppleWebKit/605.1.15 (KHTML, like Gecko) Version/17.0 Safari/605.1.15"
192.168.1.1 - - [04/Jul/2026:15:12:54 +0000] "PUT /about HTTP/1.1" 304 1754 "https://google.com" "Mozilla/5.0 (Windows NT 10.0; Win64; x64) AppleWebKit/537.36 (KHTML, like Gecko) Chrome/120.0.0.0 Safari/537.36"
8.8.8.8 - - [04/Jul/2026:15:13:39 +0000] "DELETE /contact HTTP/1.1" 201 1795 "https://google.com" "Mozilla/5.0 (Windows NT 10.0; Win64; x64) AppleWebKit/537.36 (KHTML, like Gecko) Chrome/120.0.0.0 Safari/537.36"
172.16.0.2 - - [04/Jul/2026:15:14:10 +0000] "PUT /index.html HTTP/1.1" 200 1890 "https://news.ycombinator.com" "Mozilla/5.0 (Macintosh; Intel Mac OS X 10_15_7) AppleWebKit/605.1.15 (KHTML, like Gecko) Version/17.0 Safari/605.1.15"
192.168.1.1 - - [04/Jul/2026:15:14:50 +0000] "GET /about HTTP/1.1" 200 3610 "https://google.com" "Mozilla/5.0 (X11; Linux x86_64; rv:109.0) Gecko/20100101 Firefox/119.0"
192.168.1.1 - - [04/Jul/2026:15:15:36 +0000] "POST /index.html HTTP/1.1" 200 100 "https://google.com" "Mozilla/5.0 (X11; Linux x86_64; rv:109.0) Gecko/20100101 Firefox/119.0"
1.1.1.1 - - [04/Jul/2026:15:15:52 +0000] "DELETE /index.html HTTP/1.1" 200 2556 "https://news.ycombinator.com" "Mozilla/5.0 (Macintosh; Intel Mac OS X 10_15_7) AppleWebKit/605.1.15 (KHTML, like Gecko) Version/17.0 Safari/605.1.15"
10.0.0.5 - - [04/Jul/2026:15:16:00 +0000] "POST /api/v1/users HTTP/1.1" 200 3591 "https://news.ycombinator.com" "Mozilla/5.0 (Macintosh; Intel Mac OS X 10_15_7) AppleWebKit/605.1.15 (KHTML, like Gecko) Version/17.0 Safari/605.1.15"
8.8.8.8 - - [04/Jul/2026:15:16:48 +0000] "PUT /index.html HTTP/1.1" 200 3030 "https://google.com" "Mozilla/5.0 (Macintosh; Intel Mac OS X 10_15_7) AppleWebKit/605.1.15 (KHTML, like Gecko) Version/17.0 Safari/605.1.15"
1.1.1.1 - - [04/Jul/2026:15:17:00 +0000] "DELETE /index.html HTTP/1.1" 301 1219 "https://news.ycombinator.com" "Mozilla/5.0 (Windows NT 10.0; Win64; x64) AppleWebKit/537.36 (KHTML, like Gecko) Chrome/120.0.0.0 Safari/537.36"
8.8.8.8 - - [04/Jul/2026:15:19:39 +0000] "PUT /css/style.css HTTP/1.1" 201 1962 "https://news.ycombinator.com" "Mozilla/5.0 (Windows NT 10.0; Win64; x64) AppleWebKit/537.36 (KHTML, like Gecko) Chrome/120.0.0.0 Safari/537.36"
10.0.0.5 - - [04/Jul/2026:15:20:24 +0000] "GET /index.html HTTP/1.1" 200 4991 - "Mozilla/5.0 (Macintosh; Intel Mac OS X 10_15_7) AppleWebKit/605.1.15 (KHTML, like Gecko) Version/17.0 Safari/605.1.15"
10.0.0.5 - - [04/Jul/2026:15:20:33 +0000] "POST /js/app.js HTTP/1.1" 200 2068 "https://github.com" "Mozilla/5.0 (Windows NT 10.0; Win64; x64) AppleWebKit/537.36 (KHTML, like Gecko) Chrome/120.0.0.0 Safari/537.36"
172.16.0.2 - - [04/Jul/2026:15:21:54 +0000] "GET /contact HTTP/1.1" 200 3825 "https://github.com" "Mozilla/5.0 (Windows NT 10.0; Win64; x64) AppleWebKit/537.36 (KHTML, like Gecko) Chrome/120.0.0.0 Safari/537.36"
8.8.8.8 - - [04/Jul/2026:15:22:39 +0000] "DELETE /about HTTP/1.1" 200 567 "https://google.com" "Mozilla/5.0 (X11; Linux x86_64; rv:109.0) Gecko/20100101 Firefox/119.0"
1.1.1.1 - - [04/Jul/2026:15:25:30 +0000] "GET /images/logo.png HTTP/1.1" 200 1061 "https://google.com" "Mozilla/5.0 (X11; Linux x86_64; rv:109.0) Gecko/20100101 Firefox/119.0"
172.16.0.2 - - [04/Jul/2026:15:25:30 +0000] "DELETE /css/style.css HTTP/1.1" 301 1028 "https://google.com" "Mozilla/5.0 (Macintosh; Intel Mac OS X 10_15_7) AppleWebKit/605.1.15 (KHTML, like Gecko) Version/17.0 Safari/605.1.15"
8.8.8.8 - - [04/Jul/2026:15:26:06 +0000] "GET /js/app.js HTTP/1.1" 201 3545 "https://google.com" "Mozilla/5.0 (Windows NT 10.0; Win64; x64) AppleWebKit/537.36 (KHTML, like Gecko) Chrome/120.0.0.0 Safari/537.36"
8.8.8.8 - - [04/Jul/2026:15:26:15 +0000] "DELETE /index.html HTTP/1.1" 200 3946 - "Mozilla/5.0 (Macintosh; Intel Mac OS X 10_15_7) AppleWebKit/605.1.15 (KHTML, like Gecko) Version/17.0 Safari/605.1.15"
1.1.1.1 - - [04/Jul/2026:15:27:10 +0000] "POST /contact HTTP/1.1" 200 2691 "https://news.ycombinator.com" "Mozilla/5.0 (Macintosh; Intel Mac OS X 10_15_7) AppleWebKit/605.1.15 (KHTML, like Gecko) Version/17.0 Safari/605.1.15"
192.168.1.1 - - [04/Jul/2026:15:27:20 +0000] "POST /index.html HTTP/1.1" 201 1120 - "Mozilla/5.0 (X11; Linux x86_64; rv:109.0) Gecko/20100101 Firefox/119.0"
1.1.1.1 - - [04/Jul/2026:15:28:48 +0000] "GET /api/v1/users HTTP/1.1" 201 1096 "https://google.com" "Mozilla/5.0 (X11; Linux x86_64; rv:109.0) Gecko/20100101 Firefox/119.0"
192.168.1.1 - - [04/Jul/2026:15:28:57 +0000] "GET /css/style.css HTTP/1.1" 200 1871 "https://github.com" "Mozilla/5.0 (Windows NT 10.0; Win64; x64) AppleWebKit/537.36 (KHTML, like Gecko) Chrome/120.0.0.0 Safari/537.36"
10.0.0.5 - - [04/Jul/2026:15:30:45 +0000] "POST /index.html HTTP/1.1" 201 712 "https://news.ycombinator.com" "Mozilla/5.0 (X11; Linux x86_64; rv:109.0) Gecko/20100101 Firefox/119.0"
172.16.0.2 - - [04/Jul/2026:15:32:15 +0000] "GET /js/app.js HTTP/1.1" 200 2227 - "Mozilla/5.0 (Windows NT 10.0; Win64; x64) AppleWebKit/537.36 (KHTML, like Gecko) Chrome/120.0.0.0 Safari/537.36"
10.0.0.5 - - [04/Jul/2026:15:33:27 +0000] "GET /api/v1/users HTTP/1.1" 200 3078 "https://news.ycombinator.com" "Mozilla/5.0 (Macintosh; Intel Mac OS X 10_15_7) AppleWebKit/605.1.15 (KHTML, like Gecko) Version/17.0 Safari/605.1.15"
1.1.1.1 - - [04/Jul/2026:15:33:36 +0000] "POST /images/logo.png HTTP/1.1" 302 1639 - "Mozilla/5.0 (Macintosh; Intel Mac OS X 10_15_7) AppleWebKit/605.1.15 (KHTML, like Gecko) Version/17.0 Safari/605.1.15"
172.16.0.2 - - [04/Jul/2026:15:33:40 +0000] "GET /contact HTTP/1.1" 200 2166 "https://news.ycombinator.com" "Mozilla/5.0 (Macintosh; Intel Mac OS X 10_15_7) AppleWebKit/605.1.15 (KHTML, like Gecko) Version/17.0 Safari/605.1.15"
10.0.0.5 - - [04/Jul/2026:15:35:20 +0000] "POST /css/style.css HTTP/1.1" 200 4300 "https://news.ycombinator.com" "Mozilla/5.0 (X11; Linux x86_64; rv:109.0) Gecko/20100101 Firefox/119.0"
172.16.0.2 - - [04/Jul/2026:15:36:18 +0000] "PUT /js/app.js HTTP/1.1" 304 2176 "https://github.com" "Mozilla/5.0 (Macintosh; Intel Mac OS X 10_15_7) AppleWebKit/605.1.15 (KHTML, like Gecko) Version/17.0 Safari/605.1.15"
1.1.1.1 - - [04/Jul/2026:15:36:30 +0000] "GET /js/app.js HTTP/1.1" 302 2208 "https://google.com" "Mozilla/5.0 (Macintosh; Intel Mac OS X 10_15_7) AppleWebKit/605.1.15 (KHTML, like Gecko) Version/17.0 Safari/605.1.15"
172.16.0.2 - - [04/Jul/2026:15:36:36 +0000] "GET /api/v1/users HTTP/1.1" 302 1904 "https://google.com" "Mozilla/5.0 (Macintosh; Intel Mac OS X 10_15_7) AppleWebKit/605.1.15 (KHTML, like Gecko) Version/17.0 Safari/605.1.15"
192.168.1.1 - - [04/Jul/2026:15:37:30 +0000] "GET /contact HTTP/1.1" 302 269 - "Mozilla/5.0 (Windows NT 10.0; Win64; x64) AppleWebKit/537.36 (KHTML, like Gecko) Chrome/120.0.0.0 Safari/537.36"
10.0.0.5 - - [04/Jul/2026:15:37:30 +0000] "PUT /css/style.css HTTP/1.1" 200 2587 "https://news.ycombinator.com" "Mozilla/5.0 (Macintosh; Intel Mac OS X 10_15_7) AppleWebKit/605.1.15 (KHTML, like Gecko) Version/17.0 Safari/605.1.15"
10.0.0.5 - - [04/Jul/2026:15:38:51 +0000] "DELETE /js/app.js HTTP/1.1" 301 4227 "https://github.com" "Mozilla/5.0 (Macintosh; Intel Mac OS X 10_15_7) AppleWebKit/605.1.15 (KHTML, like Gecko) Version/17.0 Safari/605.1.15"
172.16.0.2 - - [04/Jul/2026:15:39:10 +0000] "PUT /about HTTP/1.1" 200 2320 "https://news.ycombinator.com" "Mozilla/5.0 (X11; Linux x86_64; rv:109.0) Gecko/20100101 Firefox/119.0"
192.168.1.1 - - [04/Jul/2026:15:40:12 +0000] "GET /api/v1/users HTTP/1.1" 200 948 "https://news.ycombinator.com" "Mozilla/5.0 (Windows NT 10.0; Win64; x64) AppleWebKit/537.36 (KHTML, like Gecko) Chrome/120.0.0.0 Safari/537.36"
192.168.1.1 - - [04/Jul/2026:15:41:00 +0000] "GET /contact HTTP/1.1" 200 347 "https://google.com" "Mozilla/5.0 (Macintosh; Intel Mac OS X 10_15_7) AppleWebKit/605.1.15 (KHTML, like Gecko) Version/17.0 Safari/605.1.15"
192.168.1.1 - - [04/Jul/2026:15:41:40 +0000] "POST /css/style.css HTTP/1.1" 200 189 "https://news.ycombinator.com" "Mozilla/5.0 (Macintosh; Intel Mac OS X 10_15_7) AppleWebKit/605.1.15 (KHTML, like Gecko) Version/17.0 Safari/605.1.15"
1.1.1.1 - - [04/Jul/2026:15:43:00 +0000] "GET /css/style.css HTTP/1.1" 304 474 - "Mozilla/5.0 (Macintosh; Intel Mac OS X 10_15_7) AppleWebKit/605.1.15 (KHTML, like Gecko) Version/17.0 Safari/605.1.15"
1.1.1.1 - - [04/Jul/2026:15:47:20 +0000] "POST /about HTTP/1.1" 301 216 "https://google.com" "Mozilla/5.0 (Macintosh; Intel Mac OS X 10_15_7) AppleWebKit/605.1.15 (KHTML, like Gecko) Version/17.0 Safari/605.1.15"
192.168.1.1 - - [04/Jul/2026:15:48:50 +0000] "DELETE /index.html HTTP/1.1" 304 4562 - "Mozilla/5.0 (X11; Linux x86_64; rv:109.0) Gecko/20100101 Firefox/119.0"
10.0.0.5 - - [04/Jul/2026:15:49:50 +0000] "DELETE /api/v1/users HTTP/1.1" 302 1678 "https://news.ycombinator.com" "Mozilla/5.0 (Windows NT 10.0; Win64; x64) AppleWebKit/537.36 (KHTML, like Gecko) Chrome/120.0.0.0 Safari/537.36"
8.8.8.8 - - [04/Jul/2026:15:51:10 +0000] "GET /index.html HTTP/1.1" 200 2413 "https://github.com" "Mozilla/5.0 (Windows NT 10.0; Win64; x64) AppleWebKit/537.36 (KHTML, like Gecko) Chrome/120.0.0.0 Safari/537.36"
172.16.0.2 - - [04/Jul/2026:15:54:40 +0000] "DELETE /api/v1/users HTTP/1.1" 200 2435 - "Mozilla/5.0 (X11; Linux x86_64; rv:109.0) Gecko/20100101 Firefox/119.0"
10.0.0.5 - - [04/Jul/2026:15:58:50 +0000] "DELETE /contact HTTP/1.1" 302 929 "https://google.com" "Mozilla/5.0 (X11; Linux x86_64; rv:109.0) Gecko/20100101 Firefox/119.0"
192.168.1.1 - - [04/Jul/2026:16:00:00 +0000] "PUT /images/logo.png HTTP/1.1" 200 4403 "https://google.com" "Mozilla/5.0 (Windows NT 10.0; Win64; x64) AppleWebKit/537.36 (KHTML, like Gecko) Chrome/120.0.0.0 Safari/537.36"
172.16.0.2 - - [04/Jul/2026:16:03:00 +0000] "DELETE /css/style.css HTTP/1.1" 200 3179 "https://news.ycombinator.com" "Mozilla/5.0 (Windows NT 10.0; Win64; x64) AppleWebKit/537.36 (KHTML, like Gecko) Chrome/120.0.0.0 Safari/537.36"
