192.168.1.1 - - [04/Jul/2026:12:46:16 +0000] "DELETE /images/logo.png HTTP/1.1" 301 1803 "https://news.ycombinator.com" "Mozilla/5.0 (Windows NT 10.0; Win64; x64) AppleWebKit/537.36 (KHTML, like Gecko) Chrome/120.0.0.0 Safari/537.36"
192.168.1.1 - - [04/Jul/2026:12:46:25 +0000] "POST /about HTTP/1.1" 200 886 "https://google.com" "Mozilla/5.0 (X11; Linux x86_64; rv:109.0) Gecko/20100101 Firefox/119.0"
192.168.1.1 - - [04/Jul/2026:12:46:33 +0000] "GET /contact HTTP/1.1" 200 2633 "https://google.com" "Mozilla/5.0 (Windows NT 10.0; Win64; x64) AppleWebKit/537.36 (KHTML, like Gecko) Chrome/120.0.0.0 Safari/537.36"
192.168.1.1 - - [04/Jul/2026:12:46:42 +0000] "POST /images/logo.png HTTP/1.1" 301 3617 "https://google.com" "Mozilla/5.0 (Macintosh; Intel Mac OS X 10_15_7) AppleWebKit/605.1.15 (KHTML, like Gecko) Version/17.0 Safari/605.1.15"
10.0.0.5 - - [04/Jul/2026:12:46:44 +0000] "POST /js/app.js HTTP/1.1" 301 3147 "https://google.com" "Mozilla/5.0 (Macintosh; Intel Mac OS X 10_15_7) AppleWebKit/605.1.15 (KHTML, like Gecko) Version/17.0 Safari/605.1.15"
1.1.1.1 - - [04/Jul/2026:12:47:12 +0000] "GET /js/app.js HTTP/1.1" 200 4825 "https://news.ycombinator.com" "Mozilla/5.0 (Windows NT 10.0; Win64; x64) AppleWebKit/537.36 (KHTML, like Gecko) Chrome/120.0.0.0 Safari/537.36"
8.8.8.8 - - [04/Jul/2026:12:47:18 +0000] "POST /api/v1/users HTTP/1.1" 201 3666 "https://news.ycombinator.com" "Mozilla/5.0 (Macintosh; Intel Mac OS X 10_15_7) AppleWebKit/605.1.15 (KHTML, like Gecko) Version/17.0 Safari/605.1.15"
172.16.0.2 - - [04/Jul/2026:12:47:20 +0000] "PUT /css/style.css HTTP/1.1" 200 1786 - "Mozilla/5.0 (Windows NT 10.0; Win64; x64) AppleWebKit/537.36 (KHTML, like Gecko) Chrome/120.0.0.0 Safari/537.36"
8.8.8.8 - - [04/Jul/2026:12:47:24 +0000] "PUT /api/v1/users HTTP/1.1" 301 2654 "https://news.ycombinator.com" "Mozilla/5.0 (X11; Linux x86_64; rv:109.0) Gecko/20100101 Firefox/119.0"
1.1.1.1 - - [04/Jul/2026:12:47:25 +0000] "POST /index.html HTTP/1.1" 200 4747 - "Mozilla/5.0 (X11; Linux x86_64; rv:109.0) Gecko/20100101 Firefox/119.0"
192.168.1.1 - - [04/Jul/2026:12:47:36 +0000] "GET /contact HTTP/1.1" 201 2645 "https://github.com" "Mozilla/5.0 (Windows NT 10.0; Win64; x64) AppleWebKit/537.36 (KHTML, like Gecko) Chrome/120.0.0.0 Safari/537.36"
8.8.8.8 - - [04/Jul/2026:12:47:42 +0000] "GET /js/app.js HTTP/1.1" 200 1009 "https://google.com" "Mozilla/5.0 (Windows NT 10.0; Win64; x64) AppleWebKit/537.36 (KHTML, like Gecko) Chrome/120.0.0.0 Safari/537.36"
10.0.0.5 - - [04/Jul/2026:12:47:44 +0000] "POST /css/style.css HTTP/1.1" 200 1231 "https://github.com" "Mozilla/5.0 (X11; Linux x86_64; rv:109.0) Gecko/20100101 Firefox/119.0"
192.168.1.1 - - [04/Jul/2026:12:47:45 +0000] "POST /about HTTP/1.1" 304 3445 "https://github.com" "Mozilla/5.0 (X11; Linux x86_64; rv:109.0) Gecko/20100101 Firefox/119.0"
172.16.0.2 - - [04/Jul/2026:12:47:52 +0000] "POST /images/logo.png HTTP/1.1" 201 4934 - "Mozilla/5.0 (X11; Linux x86_64; rv:109.0) Gecko/20100101 Firefox/119.0"
192.168.1.1 - - [04/Jul/2026:12:47:57 +0000] "GET /api/v1/users HTTP/1.1" 301 178 "https://github.com" "Mozilla/5.0 (Windows NT 10.0; Win64; x64) AppleWebKit/537.36 (KHTML, like Gecko) Chrome/120.0.0.0 Safari/537.36"
192.168.1.1 - - [04/Jul/2026:12:48:02 +0000] "PUT /images/logo.png HTTP/1.1" 301 3807 "https://news.ycombinator.com" "Mozilla/5.0 (X11; Linux x86_64; rv:109.0) Gecko/20100101 Firefox/119.0"
10.0.0.5 - - [04/Jul/2026:12:48:04 +0000] "GET /about HTTP/1.1" 200 4004 "https://google.com" "Mozilla/5.0 (X11; Linux x86_64; rv:109.0) Gecko/20100101 Firefox/119.0"
10.0.0.5 - - [04/Jul/2026:12:48:05 +0000] "GET /js/app.js HTTP/1.1" 200 252 - "Mozilla/5.0 (X11; Linux x86_64; rv:109.0) Gecko/20100101 Firefox/119.0"
10.0.0.5 - - [04/Jul/2026:12:48:12 +0000] "POST /index.html HTTP/1.1" 302 222 "https://github.com" "Mozilla/5.0 (Macintosh; Intel Mac OS X 10_15_7) AppleWebKit/605.1.15 (KHTML, like Gecko) Version/17.0 Safari/605.1.15"
10.0.0.5 - - [04/Jul/2026:12:48:16 +0000] "POST /css/style.css HTTP/1.1" 200 4111 "https://github.com" "Mozilla/5.0 (Windows NT 10.0; Win64; x64) AppleWebKit/537.36 (KHTML, like Gecko) Chrome/120.0.0.0 Safari/537.36"
10.0.0.5 - - [04/Jul/2026:12:48:16 +0000] "POST /index.html HTTP/1.1" 200 3698 "https://news.ycombinator.com" "Mozilla/5.0 (X11; Linux x86_64; rv:109.0) Gecko/20100101 Firefox/119.0"
8.8.8.8 - - [04/Jul/2026:12:48:18 +0000] "DELETE /about HTTP/1.1" 200 3923 "https://github.com" "Mozilla/5.0 (X11; Linux x86_64; rv:109.0) Gecko/20100101 Firefox/119.0"
1.1.1.1 - - [04/Jul/2026:12:48:18 +0000] "DELETE /images/logo.png HTTP/1.1" 301 3798 "https://news.ycombinator.com" "Mozilla/5.0 (X11; Linux x86_64; rv:109.0) Gecko/20100101 Firefox/119.0"
172.16.0.2 - - [04/Jul/2026:12:48:32 +0000] "PUT /about HTTP/1.1" 304 2327 "https://google.com" "Mozilla/5.0 (Windows NT 10.0; Win64; x64) AppleWebKit/537.36 (KHTML, like Gecko) Chrome/120.0.0.0 Safari/537.36"
192.168.1.1 - - [04/Jul/2026:12:48:32 +0000] "PUT /contact HTTP/1.1" 302 2594 "https://github.com" "Mozilla/5.0 (Macintosh; Intel Mac OS X 10_15_7) AppleWebKit/605.1.15 (KHTML, like Gecko) Version/17.0 Safari/605.1.15"
172.16.0.2 - - [04/Jul/2026:12:48:33 +0000] "GET /index.html HTTP/1.1" 302 3816 "https://news.ycombinator.com" "Mozilla/5.0 (Windows NT 10.0; Win64; x64) AppleWebKit/537.36 (KHTML, like Gecko) Chrome/120.0.0.0 Safari/537.36"
172.16.0.2 - - [04/Jul/2026:12:48:36 +0000] "GET /api/v1/users HTTP/1.1" 301 228 "https://google.com" "Mozilla/5.0 (X11; Linux x86_64; rv:109.0) Gecko/20100101 Firefox/119.0"
172.16.0.2 - - [04/Jul/2026:12:48:36 +0000] "PUT /about HTTP/1.1" 201 1643 "https://google.com" "Mozilla/5.0 (X11; Linux x86_64; rv:109.0) Gecko/20100101 Firefox/119.0"
8.8.8.8 - - [04/Jul/2026:12:48:40 +0000] "POST /index.html HTTP/1.1" 200 1906 "https://github.com" "Mozilla/5.0 (Windows NT 10.0; Win64; x64) AppleWebKit/537.36 (KHTML, like Gecko) Chrome/120.0.0.0 Safari/537.36"
172.16.0.2 - - [04/Jul/2026:12:48:46 +0000] "GET /css/style.css HTTP/1.1" 301 1800 "https://news.ycombinator.com" "Mozilla/5.0 (Macintosh; Intel Mac OS X 10_15_7) AppleWebKit/605.1.15 (KHTML, like Gecko) Version/17.0 Safari/605.1.15"
172.16.0.2 - - [04/Jul/2026:12:48:48 +0000] "PUT /css/style.css HTTP/1.1" 200 2480 "https://news.ycombinator.com" "Mozilla/5.0 (X11; Linux x86_64; rv:109.0) Gecko/20100101 Firefox/119.0"
8.8.8.8 - - [04/Jul/2026:12:48:54 +0000] "PUT /contact HTTP/1.1" 200 742 "https://github.com" "Mozilla/5.0 (Windows NT 10.0; Win64; x64) AppleWebKit/537.36 (KHTML, like Gecko) Chrome/120.0.0.0 Safari/537.36"
10.0.0.5 - - [04/Jul/2026:12:49:12 +0000] "GET /api/v1/users HTTP/1.1" 200 393 "https://news.ycombinator.com" "Mozilla/5.0 (Macintosh; Intel Mac OS X 10_15_7) AppleWebKit/605.1.15 (KHTML, like Gecko) Version/17.0 Safari/605.1.15"
1.1.1.1 - - [04/Jul/2026:12:49:16 +0000] "GET /api/v1/users HTTP/1.1" 200 551 "https://github.com" "Mozilla/5.0 (Windows NT 10.0; Win64; x64) AppleWebKit/537.36 (KHTML, like Gecko) Chrome/120.0.0.0 Safari/537.36"
8.8.8.8 - - [04/Jul/2026:12:49:52 +0000] "POST /css/style.css HTTP/1.1" 201 3493 "https://news.ycombinator.com" "Mozilla/5.0 (Macintosh; Intel Mac OS X 10_15_7) AppleWebKit/605.1.15 (KHTML, like Gecko) Version/17.0 Safari/605.1.15"
1.1.1.1 - - [04/Jul/2026:12:49:54 +0000] "DELETE /js/app.js HTTP/1.1" 302 861 - "Mozilla/5.0 (X11; Linux x86_64; rv:109.0) Gecko/20100101 Firefox/119.0"
10.0.0.5 - - [04/Jul/2026:12:50:00 +0000] "GET /about HTTP/1.1" 200 246 - "Mozilla/5.0 (X11; Linux x86_64; rv:109.0) Gecko/20100101 Firefox/119.0"
192.168.1.1 - - [04/Jul/2026:12:50:21 +0000] "DELETE /contact HTTP/1.1" 302 4087 "https://github.com" "Mozilla/5.0 (X11; Linux x86_64; rv:109.0) Gecko/20100101 Firefox/119.0"
8.8.8.8 - - [04/Jul/2026:12:50:30 +0000] "POST /contact HTTP/1.1" 200 805 "https://github.com" "Mozilla/5.0 (Macintosh; Intel Mac OS X 10_15_7) AppleWebKit/605.1.15 (KHTML, like Gecko) Version/17.0 Safari/605.1.15"
192.168.1.1 - - [04/Jul/2026:12:50:32 +0000] "GET /index.html HTTP/1.1" 200 3715 "https://news.ycombinator.com" "Mozilla/5.0 (Windows NT 10.0; Win64; x64) AppleWebKit/537.36 (KHTML, like Gecko) Chrome/120.0.0.0 Safari/537.36"
192.168.1.1 - - [04/Jul/2026:12:50:40 +0000] "POST /about HTTP/1.1" 200 409 "https://news.ycombinator.com" "Mozilla/5.0 (Macintosh; Intel Mac OS X 10_15_7) AppleWebKit/605.1.15 (KHTML, like Gecko) Version/17.0 Safari/605.1.15"
8.8.8.8 - - [04/Jul/2026:12:51:03 +0000] "POST /api/v1/users HTTP/1.1" 200 4131 - "Mozilla/5.0 (Macintosh; Intel Mac OS X 10_15_7) AppleWebKit/605.1.15 (KHTML, like Gecko) Version/17.0 Safari/605.1.15"
172.16.0.2 - - [04/Jul/2026:12:51:09 +0000] "POST /images/logo.png HTTP/1.1" 200 621 "https://github.com" "Mozilla/5.0 (Macintosh; Intel Mac OS X 10_15_7) AppleWebKit/605.1.15 (KHTML, like Gecko) Version/17.0 Safari/605.1.15"
192.168.1.1 - - [04/Jul/2026:12:51:24 +0000] "PUT /about HTTP/1.1" 200 1107 "https://google.com" "Mozilla/5.0 (Macintosh; Intel Mac OS X 10_15_7) AppleWebKit/605.1.15 (KHTML, like Gecko) Version/17.0 Safari/605.1.15"
172.16.0.2 - - [04/Jul/2026:12:51:30 +0000] "DELETE /js/app.js HTTP/1.1" 200 878 - "Mozilla/5.0 (Windows NT 10.0; Win64; x64) AppleWebKit/537.36 (KHTML, like Gecko) Chrome/120.0.0.0 Safari/537.36"
192.168.1.1 - - [04/Jul/2026:12:51:42 +0000] "GET /js/app.js HTTP/1.1" 201 3534 "https://news.ycombinator.com" "Mozilla/5.0 (X11; Linux x86_64; rv:109.0) Gecko/20100101 Firefox/119.0"
1.1.1.1 - - [04/Jul/2026:12:51:44 +0000] "POST /index.html HTTP/1.1" 200 1246 - "Mozilla/5.0 (X11; Linux x86_64; rv:109.0) Gecko/20100101 Firefox/119.0"
1.1.1.1 - - [04/Jul/2026:12:51:44 +0000] "POST /contact HTTP/1.1" 302 641 "https://github.com" "Mozilla/5.0 (Windows NT 10.0; Win64; x64) AppleWebKit/537.36 (KHTML, like Gecko) Chrome/120.0.0.0 Safari/537.36"
10.0.0.5 - - [04/Jul/2026:12:51:50 +0000] "POST /api/v1/users HTTP/1.1" 200 2145 "https://github.com" "Mozilla/5.0 (Windows NT 10.0; Win64; x64) AppleWebKit/537.36 (KHTML, like Gecko) Chrome/120.0.0.0 Safari/537.36"
1.1.1.1 - - [04/Jul/2026:12:52:09 +0000] "DELETE /css/style.css HTTP/1.1" 200 962 "https://github.com" "Mozilla/5.0 (X11; Linux x86_64; rv:109.0) Gecko/20100101 Firefox/119.0"
8.8.8.8 - - [04/Jul/2026:12:52:16 +0000] "POST /contact HTTP/1.1" 304 3202 "https://github.com" "Mozilla/5.0 (X11; Linux x86_64; rv:109.0) Gecko/20100101 Firefox/119.0"
1.1.1.1 - - [04/Jul/2026:12:52:24 +0000] "POST /contact HTTP/1.1" 200 1641 "https://news.ycombinator.com" "Mozilla/5.0 (Macintosh; Intel Mac OS X 10_15_7) AppleWebKit/605.1.15 (KHTML, like Gecko) Version/17.0 Safari/605.1.15"
192.168.1.1 - - [04/Jul/2026:12:52:27 +0000] "PUT /index.html HTTP/1.1" 302 1003 - "Mozilla/5.0 (Macintosh; Intel Mac OS X 10_15_7) AppleWebKit/605.1.15 (KHTML, like Gecko) Version/17.0 Safari/605.1.15"
10.0.0.5 - - [04/Jul/2026:12:52:37 +0000] "POST /js/app.js HTTP/1.1" 200 4581 - "Mozilla/5.0 (Macintosh; Intel Mac OS X 10_15_7) AppleWebKit/605.1.15 (KHTML, like Gecko) Version/17.0 Safari/605.1.15"
192.168.1.1 - - [04/Jul/2026:12:52:40 +0000] "DELETE /js/app.js HTTP/1.1" 304 228 - "Mozilla/5.0 (X11; Linux x86_64; rv:109.0) Gecko/20100101 Firefox/119.0"
8.8.8.8 - - [04/Jul/2026:12:52:44 +0000] "PUT /contact HTTP/1.1" 301 374 - "Mozilla/5.0 (X11; Linux x86_64; rv:109.0) Gecko/20100101 Firefox/119.0"
192.168.1.1 - - [04/Jul/2026:12:53:05 +0000] "DELETE /api/v1/users HTTP/1.1" 200 3055 - "Mozilla/5.0 (Macintosh; Intel Mac OS X 10_15_7) AppleWebKit/605.1.15 (KHTML, like Gecko) Version/17.0 Safari/605.1.15"
1.1.1.1 - - [04/Jul/2026:12:53:09 +0000] "PUT /api/v1/users HTTP/1.1" 200 2193 - "Mozilla/5.0 (Windows NT 10.0; Win64; x64) AppleWebKit/537.36 (KHTML, like Gecko) Chrome/120.0.0.0 Safari/537.36"
10.0.0.5 - - [04/Jul/2026:12:53:10 +0000] "PUT /images/logo.png HTTP/1.1" 301 2289 "https://news.ycombinator.com" "Mozilla/5.0 (Windows NT 10.0; Win64; x64) AppleWebKit/537.36 (KHTML, like Gecko) Chrome/120.0.0.0 Safari/537.36"
10.0.0.5 - - [04/Jul/2026:12:53:30 +0000] "GET /api/v1/users HTTP/1.1" 200 3352 - "Mozilla/5.0 (Windows NT 10.0; Win64; x64) AppleWebKit/537.36 (KHTML, like Gecko) Chrome/120.0.0.0 Safari/537.36"
1.1.1.1 - - [04/Jul/2026:12:53:40 +0000] "DELETE /js/app.js HTTP/1.1" 302 3987 "https://github.com" "Mozilla/5.0 (Windows NT 10.0; Win64; x64) AppleWebKit/537.36 (KHTML, like Gecko) Chrome/120.0.0.0 Safari/537.36"
8.8.8.8 - - [04/Jul/2026:12:53:42 +0000] "PUT /css/style.css HTTP/1.1" 302 3315 - "Mozilla/5.0 (Macintosh; Intel Mac OS X 10_15_7) AppleWebKit/605.1.15 (KHTML, like Gecko) Version/17.0 Safari/605.1.15"
192.168.1.1 - - [04/Jul/2026:12:53:54 +0000] "DELETE /css/style.css HTTP/1.1" 304 3317 - "Mozilla/5.0 (X11; Linux x86_64; rv:109.0) Gecko/20100101 Firefox/119.0"
1.1.1.1 - - [04/Jul/2026:12:53:56 +0000] "PUT /js/app.js HTTP/1.1" 200 2666 - "Mozilla/5.0 (X11; Linux x86_64; rv:109.0) Gecko/20100101 Firefox/119.0"
192.168.1.1 - - [04/Jul/2026:12:54:00 +0000] "PUT /contact HTTP/1.1" 200 1566 - "Mozilla/5.0 (X11; Linux x86_64; rv:109.0) Gecko/20100101 Firefox/119.0"
1.1.1.1 - - [04/Jul/2026:12:54:00 +0000] "GET /images/logo.png HTTP/1.1" 301 4706 "https://news.ycombinator.com" "Mozilla/5.0 (X11; Linux x86_64; rv:109.0) Gecko/20100101 Firefox/119.0"
8.8.8.8 - - [04/Jul/2026:12:54:05 +0000] "POST /about HTTP/1.1" 200 100 "https://google.com" "Mozilla/5.0 (Macintosh; Intel Mac OS X 10_15_7) AppleWebKit/605.1.15 (KHTML, like Gecko) Version/17.0 Safari/605.1.15"
10.0.0.5 - - [04/Jul/2026:12:54:09 +0000] "DELETE /contact HTTP/1.1" 200 4808 "https://news.ycombinator.com" "Mozilla/5.0 (Macintosh; Intel Mac OS X 10_15_7) AppleWebKit/605.1.15 (KHTML, like Gecko) Version/17.0 Safari/605.1.15"
8.8.8.8 - - [04/Jul/2026:12:54:15 +0000] "POST /images/logo.png HTTP/1.1" 200 4590 "https://github.com" "Mozilla/5.0 (Windows NT 10.0; Win64; x64) AppleWebKit/537.36 (KHTML, like Gecko) Chrome/120.0.0.0 Safari/537.36"
192.168.1.1 - - [04/Jul/2026:12:54:24 +0000] "DELETE /index.html HTTP/1.1" 200 4697 "https://news.ycombinator.com" "Mozilla/5.0 (Windows NT 10.0; Win64; x64) AppleWebKit/537.36 (KHTML, like Gecko) Chrome/120.0.0.0 Safari/537.36"
10.0.0.5 - - [04/Jul/2026:12:54:25 +0000] "GET /contact HTTP/1.1" 200 4332 "https://github.com" "Mozilla/5.0 (Macintosh; Intel Mac OS X 10_15_7) AppleWebKit/605.1.15 (KHTML, like Gecko) Version/17.0 Safari/605.1.15"
8.8.8.8 - - [04/Jul/2026:12:54:28 +0000] "DELETE /api/v1/users HTTP/1.1" 304 988 "https://google.com" "Mozilla/5.0 (X11; Linux x86_64; rv:109.0) Gecko/20100101 Firefox/119.0"
1.1.1.1 - - [04/Jul/2026:12:54:30 +0000] "DELETE /api/v1/users HTTP/1.1" 200 1594 "https://google.com" "Mozilla/5.0 (Macintosh; Intel Mac OS X 10_15_7) AppleWebKit/605.1.15 (KHTML, like Gecko) Version/17.0 Safari/605.1.15"
1.1.1.1 - - [04/Jul/2026:12:54:32 +0000] "GET /about HTTP/1.1" 200 2488 "https://github.com" "Mozilla/5.0 (X11; Linux x86_64; rv:109.0) Gecko/20100101 Firefox/119.0"
8.8.8.8 - - [04/Jul/2026:12:54:32 +0000] "GET /contact HTTP/1.1" 201 946 - "Mozilla/5.0 (Windows NT 10.0; Win64; x64) AppleWebKit/537.36 (KHTML, like Gecko) Chrome/120.0.0.0 Safari/537.36"
172.16.0.2 - - [04/Jul/2026:12:54:43 +0000] "DELETE /css/style.css HTTP/1.1" 304 406 "https://google.com" "Mozilla/5.0 (Macintosh; Intel Mac OS X 10_15_7) AppleWebKit/605.1.15 (KHTML, like Gecko) Version/17.0 Safari/605.1.15"
10.0.0.5 - - [04/Jul/2026:12:54:50 +0000] "DELETE /index.html HTTP/1.1" 201 2118 - "Mozilla/5.0 (Windows NT 10.0; Win64; x64) AppleWebKit/537.36 (KHTML, like Gecko) Chrome/120.0.0.0 Safari/537.36"
192.168.1.1 - - [04/Jul/2026:12:55:04 +0000] "GET /js/app.js HTTP/1.1" 200 4107 "https://news.ycombinator.com" "Mozilla/5.0 (Windows NT 10.0; Win64; x64) AppleWebKit/537.36 (KHTML, like Gecko) Chrome/120.0.0.0 Safari/537.36"
8.8.8.8 - - [04/Jul/2026:12:55:12 +0000] "POST /contact HTTP/1.1" 200 2127 "https://github.com" "Mozilla/5.0 (Windows NT 10.0; Win64; x64) AppleWebKit/537.36 (KHTML, like Gecko) Chrome/120.0.0.0 Safari/537.36"
172.16.0.2 - - [04/Jul/2026:12:55:12 +0000] "GET /css/style.css HTTP/1.1" 200 4240 "https://google.com" "Mozilla/5.0 (X11; Linux x86_64; rv:109.0) Gecko/20100101 Firefox/119.0"
192.168.1.1 - - [04/Jul/2026:12:55:30 +0000] "PUT /contact HTTP/1.1" 200 4897 "https://github.com" "Mozilla/5.0 (Windows NT 10.0; Win64; x64) AppleWebKit/537.36 (KHTML, like Gecko) Chrome/120.0.0.0 Safari/537.36"
172.16.0.2 - - [04/Jul/2026:12:55:51 +0000] "PUT /api/v1/users HTTP/1.1" 200 2394 "https://google.com" "Mozilla/5.0 (X11; Linux x86_64; rv:109.0) Gecko/20100101 Firefox/119.0"
10.0.0.5 - - [04/Jul/2026:12:55:52 +0000] "POST /js/app.js HTTP/1.1" 201 4385 "https://news.ycombinator.com" "Mozilla/5.0 (Macintosh; Intel Mac OS X 10_15_7) AppleWebKit/605.1.15 (KHTML, like Gecko) Version/17.0 Safari/605.1.15"
192.168.1.1 - - [04/Jul/2026:12:56:08 +0000] "GET /images/logo.png HTTP/1.1" 200 3986 "https://news.ycombinator.com" "Mozilla/5.0 (Windows NT 10.0; Win64; x64) AppleWebKit/537.36 (KHTML, like Gecko) Chrome/120.0.0.0 Safari/537.36"
192.168.1.1 - - [04/Jul/2026:12:56:18 +0000] "DELETE /api/v1/users HTTP/1.1" 201 721 "https://github.com" "Mozilla/5.0 (Windows NT 10.0; Win64; x64) AppleWebKit/537.36 (KHTML, like Gecko) Chrome/120.0.0.0 Safari/537.36"
8.8.8.8 - - [04/Jul/2026:12:56:50 +0000] "POST /about HTTP/1.1" 302 2396 "https://news.ycombinator.com" "Mozilla/5.0 (Macintosh; Intel Mac OS X 10_15_7) AppleWebKit/605.1.15 (KHTML, like Gecko) Version/17.0 Safari/605.1.15"
8.8.8.8 - - [04/Jul/2026:12:56:52 +0000] "DELETE /images/logo.png HTTP/1.1" 304 2386 - "Mozilla/5.0 (X11; Linux x86_64; rv:109.0) Gecko/20100101 Firefox/119.0"
8.8.8.8 - - [04/Jul/2026:12:56:56 +0000] "POST /about HTTP/1.1" 302 4846 "https://google.com" "Mozilla/5.0 (X11; Linux x86_64; rv:109.0) Gecko/20100101 Firefox/119.0"
1.1.1.1 - - [04/Jul/2026:12:56:57 +0000] "GET /images/logo.png HTTP/1.1" 304 319 "https://google.com" "Mozilla/5.0 (Windows NT 10.0; Win64; x64) AppleWebKit/537.36 (KHTML, like Gecko) Chrome/120.0.0.0 Safari/537.36"
192.168.1.1 - - [04/Jul/2026:12:57:00 +0000] "POST /css/style.css HTTP/1.1" 200 4606 - "Mozilla/5.0 (X11; Linux x86_64; rv:109.0) Gecko/20100101 Firefox/119.0"
192.168.1.1 - - [04/Jul/2026:12:57:06 +0000] "DELETE /contact HTTP/1.1" 200 3286 "https://google.com" "Mozilla/5.0 (Windows NT 10.0; Win64; x64) AppleWebKit/537.36 (KHTML, like Gecko) Chrome/120.0.0.0 Safari/537.36"
8.8.8.8 - - [04/Jul/2026:12:57:08 +0000] "GET /css/style.css HTTP/1.1" 200 3431 "https://google.com" "Mozilla/5.0 (Windows NT 10.0; Win64; x64) AppleWebKit/537.36 (KHTML, like Gecko) Chrome/120.0.0.0 Safari/537.36"
10.0.0.5 - - [04/Jul/2026:12:57:20 +0000] "GET /about HTTP/1.1" 200 1859 "https://github.com" "Mozilla/5.0 (Windows NT 10.0; Win64; x64) AppleWebKit/537.36 (KHTML, like Gecko) Chrome/120.0.0.0 Safari/537.36"
192.168.1.1 - - [04/Jul/2026:12:57:24 +0000] "POST /images/logo.png HTTP/1.1" 200 3672 "https://github.com" "Mozilla/5.0 (Macintosh; Intel Mac OS X 10_15_7) AppleWebKit/605.1.15 (KHTML, like Gecko) Version/17.0 Safari/605.1.15"
8.8.8.8 - - [04/Jul/2026:12:57:24 +0000] "GET /contact HTTP/1.1" 200 2063 "https://google.com" "Mozilla/5.0 (Macintosh; Intel Mac OS X 10_15_7) AppleWebKit/605.1.15 (KHTML, like Gecko) Version/17.0 Safari/605.1.15"
10.0.0.5 - - [04/Jul/2026:12:57:30 +0000] "DELETE /contact HTTP/1.1" 304 3038 "https://github.com" "Mozilla/5.0 (Macintosh; Intel Mac OS X 10_15_7) AppleWebKit/605.1.15 (KHTML, like Gecko) Version/17.0 Safari/605.1.15"
10.0.0.5 - - [04/Jul/2026:12:57:30 +0000] "PUT /css/style.css HTTP/1.1" 200 2008 "https://github.com" "Mozilla/5.0 (Macintosh; Intel Mac OS X 10_15_7) AppleWebKit/605.1.15 (KHTML, like Gecko) Version/17.0 Safari/605.1.15"
8.8.8.8 - - [04/Jul/2026:12:57:33 +0000] "PUT /api/v1/users HTTP/1.1" 200 3886 - "Mozilla/5.0 (Windows NT 10.0; Win64; x64) AppleWebKit/537.36 (KHTML, like Gecko) Chrome/120.0.0.0 Safari/537.36"
172.16.0.2 - - [04/Jul/2026:12:57:45 +0000] "POST /images/logo.png HTTP/1.1" 200 923 "https://google.com" "Mozilla/5.0 (Macintosh; Intel Mac OS X 10_15_7) AppleWebKit/605.1.15 (KHTML, like Gecko) Version/17.0 Safari/605.1.15"
172.16.0.2 - - [04/Jul/2026:12:57:52 +0000] "DELETE /api/v1/users HTTP/1.1" 301 1577 - "Mozilla/5.0 (Macintosh; Intel Mac OS X 10_15_7) AppleWebKit/605.1.15 (KHTML, like Gecko) Version/17.0 Safari/605.1.15"
192.168.1.1 - - [04/Jul/2026:12:57:52 +0000] "DELETE /index.html HTTP/1.1" 200 3300 "https://google.com" "Mozilla/5.0 (Macintosh; Intel Mac OS X 10_15_7) AppleWebKit/605.1.15 (KHTML, like Gecko) Version/17.0 Safari/605.1.15"
10.0.0.5 - - [04/Jul/2026:12:57:54 +0000] "DELETE /api/v1/users HTTP/1.1" 201 1196 "https://news.ycombinator.com" "Mozilla/5.0 (X11; Linux x86_64; rv:109.0) Gecko/20100101 Firefox/119.0"
192.168.1.1 - - [04/Jul/2026:12:58:08 +0000] "PUT /contact HTTP/1.1" 301 2773 "https://news.ycombinator.com" "Mozilla/5.0 (X11; Linux x86_64; rv:109.0) Gecko/20100101 Firefox/119.0"
8.8.8.8 - - [04/Jul/2026:12:58:10 +0000] "POST /about HTTP/1.1" 200 4054 - "Mozilla/5.0 (Macintosh; Intel Mac OS X 10_15_7) AppleWebKit/605.1.15 (KHTML, like Gecko) Version/17.0 Safari/605.1.15"
8.8.8.8 - - [04/Jul/2026:12:58:13 +0000] "DELETE /contact HTTP/1.1" 302 138 - "Mozilla/5.0 (X11; Linux x86_64; rv:109.0) Gecko/20100101 Firefox/119.0"
192.168.1.1 - - [04/Jul/2026:12:58:20 +0000] "DELETE /about HTTP/1.1" 200 1021 "https://news.ycombinator.com" "Mozilla/5.0 (Macintosh; Intel Mac OS X 10_15_7) AppleWebKit/605.1.15 (KHTML, like Gecko) Version/17.0 Safari/605.1.15"
8.8.8.8 - - [04/Jul/2026:12:58:30 +0000] "GET /css/style.css HTTP/1.1" 201 3182 "https://google.com" "Mozilla/5.0 (X11; Linux x86_64; rv:109.0) Gecko/20100101 Firefox/119.0"
8.8.8.8 - - [04/Jul/2026:12:58:36 +0000] "PUT /contact HTTP/1.1" 304 154 "https://google.com" "Mozilla/5.0 (Macintosh; Intel Mac OS X 10_15_7) AppleWebKit/605.1.15 (KHTML, like Gecko) Version/17.0 Safari/605.1.15"
1.1.1.1 - - [04/Jul/2026:12:58:39 +0000] "POST /js/app.js HTTP/1.1" 302 2521 - "Mozilla/5.0 (Windows NT 10.0; Win64; x64) AppleWebKit/537.36 (KHTML, like Gecko) Chrome/120.0.0.0 Safari/537.36"
10.0.0.5 - - [04/Jul/2026:12:58:48 +0000] "GET /js/app.js HTTP/1.1" 200 3496 "https://github.com" "Mozilla/5.0 (X11; Linux x86_64; rv:109.0) Gecko/20100101 Firefox/119.0"
8.8.8.8 - - [04/Jul/2026:12:58:57 +0000] "DELETE /contact HTTP/1.1" 302 4239 "https://news.ycombinator.com" "Mozilla/5.0 (Windows NT 10.0; Win64; x64) AppleWebKit/537.36 (KHTML, like Gecko) Chrome/120.0.0.0 Safari/537.36"
192.168.1.1 - - [04/Jul/2026:12:59:09 +0000] "DELETE /contact HTTP/1.1" 200 4583 "https://github.com" "Mozilla/5.0 (Macintosh; Intel Mac OS X 10_15_7) AppleWebKit/605.1.15 (KHTML, like Gecko) Version/17.0 Safari/605.1.15"
172.16.0.2 - - [04/Jul/2026:12:59:42 +0000] "POST /api/v1/users HTTP/1.1" 304 1590 - "Mozilla/5.0 (Macintosh; Intel Mac OS X 10_15_7) AppleWebKit/605.1.15 (KHTML, like Gecko) Version/17.0 Safari/605.1.15"
8.8.8.8 - - [04/Jul/2026:13:00:06 +0000] "GET /css/style.css HTTP/1.1" 200 4446 "https://github.com" "Mozilla/5.0 (X11; Linux x86_64; rv:109.0) Gecko/20100101 Firefox/119.0"
192.168.1.1 - - [04/Jul/2026:13:00:08 +0000] "POST /css/style.css HTTP/1.1" 200 1643 - "Mozilla/5.0 (Macintosh; Intel Mac OS X 10_15_7) AppleWebKit/605.1.15 (KHTML, like Gecko) Version/17.0 Safari/605.1.15"
172.16.0.2 - - [04/Jul/2026:13:00:18 +0000] "GET /about HTTP/1.1" 200 4164 "https://news.ycombinator.com" "Mozilla/5.0 (X11; Linux x86_64; rv:109.0) Gecko/20100101 Firefox/119.0"
10.0.0.5 - - [04/Jul/2026:13:00:24 +0000] "POST /index.html HTTP/1.1" 302 1015 - "Mozilla/5.0 (Windows NT 10.0; Win64; x64) AppleWebKit/537.36 (KHTML, like Gecko) Chrome/120.0.0.0 Safari/537.36"
8.8.8.8 - - [04/Jul/2026:13:00:26 +0000] "POST /index.html HTTP/1.1" 200 580 "https://google.com" "Mozilla/5.0 (Windows NT 10.0; Win64; x64) AppleWebKit/537.36 (KHTML, like Gecko) Chrome/120.0.0.0 Safari/537.36"
1.1.1.1 - - [04/Jul/2026:13:00:36 +0000] "POST /api/v1/users HTTP/1.1" 301 339 - "Mozilla/5.0 (Windows NT 10.0; Win64; x64) AppleWebKit/537.36 (KHTML, like Gecko) Chrome/120.0.0.0 Safari/537.36"
8.8.8.8 - - [04/Jul/2026:13:00:51 +0000] "PUT /api/v1/users HTTP/1.1" 200 2722 "https://github.com" "Mozilla/5.0 (X11; Linux x86_64; rv:109.0) Gecko/20100101 Firefox/119.0"
8.8.8.8 - - [04/Jul/2026:13:00:56 +0000] "POST /contact HTTP/1.1" 200 2674 - "Mozilla/5.0 (Macintosh; Intel Mac OS X 10_15_7) AppleWebKit/605.1.15 (KHTML, like Gecko) Version/17.0 Safari/605.1.15"
8.8.8.8 - - [04/Jul/2026:13:01:08 +0000] "DELETE /about HTTP/1.1" 302 1646 - "Mozilla/5.0 (Macintosh; Intel Mac OS X 10_15_7) AppleWebKit/605.1.15 (KHTML, like Gecko) Version/17.0 Safari/605.1.15"
8.8.8.8 - - [04/Jul/2026:13:01:12 +0000] "DELETE /contact HTTP/1.1" 200 4341 - "Mozilla/5.0 (X11; Linux x86_64; rv:109.0) Gecko/20100101 Firefox/119.0"
172.16.0.2 - - [04/Jul/2026:13:01:15 +0000] "DELETE /about HTTP/1.1" 200 1063 "https://google.com" "Mozilla/5.0 (Windows NT 10.0; Win64; x64) AppleWebKit/537.36 (KHTML, like Gecko) Chrome/120.0.0.0 Safari/537.36"
8.8.8.8 - - [04/Jul/2026:13:01:21 +0000] "DELETE /api/v1/users HTTP/1.1" 200 1073 "https://google.com" "Mozilla/5.0 (Macintosh; Intel Mac OS X 10_15_7) AppleWebKit/605.1.15 (KHTML, like Gecko) Version/17.0 Safari/605.1.15"
10.0.0.5 - - [04/Jul/2026:13:01:40 +0000] "PUT /images/logo.png HTTP/1.1" 302 1459 "https://google.com" "Mozilla/5.0 (Windows NT 10.0; Win64; x64) AppleWebKit/537.36 (KHTML, like Gecko) Chrome/120.0.0.0 Safari/537.36"
192.168.1.1 - - [04/Jul/2026:13:01:50 +0000] "PUT /about HTTP/1.1" 302 654 "https://news.ycombinator.com" "Mozilla/5.0 (X11; Linux x86_64; rv:109.0) Gecko/20100101 Firefox/119.0"
192.168.1.1 - - [04/Jul/2026:13:01:55 +0000] "DELETE /api/v1/users HTTP/1.1" 200 2348 "https://github.com" "Mozilla/5.0 (X11; Linux x86_64; rv:109.0) Gecko/20100101 Firefox/119.0"
8.8.8.8 - - [04/Jul/2026:13:02:00 +0000] "GET /css/style.css HTTP/1.1" 200 4003 "https://github.com" "Mozilla/5.0 (Macintosh; Intel Mac OS X 10_15_7) AppleWebKit/605.1.15 (KHTML, like Gecko) Version/17.0 Safari/605.1.15"
8.8.8.8 - - [04/Jul/2026:13:02:03 +0000] "DELETE /contact HTTP/1.1" 200 2182 "https://news.ycombinator.com" "Mozilla/5.0 (X11; Linux x86_64; rv:109.0) Gecko/20100101 Firefox/119.0"
192.168.1.1 - - [04/Jul/2026:13:02:16 +0000] "POST /api/v1/users HTTP/1.1" 201 4954 - "Mozilla/5.0 (X11; Linux x86_64; rv:109.0) Gecko/20100101 Firefox/119.0"
172.16.0.2 - - [04/Jul/2026:13:02:30 +0000] "PUT /images/logo.png HTTP/1.1" 200 1032 "https://github.com" "Mozilla/5.0 (Macintosh; Intel Mac OS X 10_15_7) AppleWebKit/605.1.15 (KHTML, like Gecko) Version/17.0 Safari/605.1.15"
8.8.8.8 - - [04/Jul/2026:13:02:36 +0000] "DELETE /js/app.js HTTP/1.1" 200 4489 "https://google.com" "Mozilla/5.0 (Macintosh; Intel Mac OS X 10_15_7) AppleWebKit/605.1.15 (KHTML, like Gecko) Version/17.0 Safari/605.1.15"
172.16.0.2 - - [04/Jul/2026:13:02:40 +0000] "GET /images/logo.png HTTP/1.1" 200 3855 "https://github.com" "Mozilla/5.0 (Windows NT 10.0; Win64; x64) AppleWebKit/537.36 (KHTML, like Gecko) Chrome/120.0.0.0 Safari/537.36"
10.0.0.5 - - [04/Jul/2026:13:02:46 +0000] "PUT /images/logo.png HTTP/1.1" 301 4634 "https://google.com" "Mozilla/5.0 (Windows NT 10.0; Win64; x64) AppleWebKit/537.36 (KHTML, like Gecko) Chrome/120.0.0.0 Safari/537.36"
8.8.8.8 - - [04/Jul/2026:13:03:00 +0000] "PUT /images/logo.png HTTP/1.1" 302 2390 "https://news.ycombinator.com" "Mozilla/5.0 (Windows NT 10.0; Win64; x64) AppleWebKit/537.36 (KHTML, like Gecko) Chrome/120.0.0.0 Safari/537.36"
1.1.1.1 - - [04/Jul/2026:13:03:07 +0000] "PUT /images/logo.png HTTP/1.1" 302 204 - "Mozilla/5.0 (Windows NT 10.0; Win64; x64) AppleWebKit/537.36 (KHTML, like Gecko) Chrome/120.0.0.0 Safari/537.36"
192.168.1.1 - - [04/Jul/2026:13:03:08 +0000] "DELETE /about HTTP/1.1" 201 1415 "https://github.com" "Mozilla/5.0 (X11; Linux x86_64; rv:109.0) Gecko/20100101 Firefox/119.0"
1.1.1.1 - - [04/Jul/2026:13:03:12 +0000] "DELETE /api/v1/users HTTP/1.1" 200 1328 "https://google.com" "Mozilla/5.0 (Windows NT 10.0; Win64; x64) AppleWebKit/537.36 (KHTML, like Gecko) Chrome/120.0.0.0 Safari/537.36"
1.1.1.1 - - [04/Jul/2026:13:03:18 +0000] "POST /index.html HTTP/1.1" 304 934 "https://google.com" "Mozilla/5.0 (Windows NT 10.0; Win64; x64) AppleWebKit/537.36 (KHTML, like Gecko) Chrome/120.0.0.0 Safari/537.36"
1.1.1.1 - - [04/Jul/2026:13:03:20 +0000] "PUT /api/v1/users HTTP/1.1" 200 4328 "https://google.com" "Mozilla/5.0 (Windows NT 10.0; Win64; x64) AppleWebKit/537.36 (KHTML, like Gecko) Chrome/120.0.0.0 Safari/537.36"
8.8.8.8 - - [04/Jul/2026:13:03:33 +0000] "GET /index.html HTTP/1.1" 200 1133 "https://google.com" "Mozilla/5.0 (Macintosh; Intel Mac OS X 10_15_7) AppleWebKit/605.1.15 (KHTML, like Gecko) Version/17.0 Safari/605.1.15"
1.1.1.1 - - [04/Jul/2026:13:03:35 +0000] "POST /about HTTP/1.1" 200 1677 "https://github.com" "Mozilla/5.0 (Macintosh; Intel Mac OS X 10_15_7) AppleWebKit/605.1.15 (KHTML, like Gecko) Version/17.0 Safari/605.1.15"
172.16.0.2 - - [04/Jul/2026:13:03:36 +0000] "DELETE /js/app.js HTTP/1.1" 200 350 "https://google.com" "Mozilla/5.0 (Macintosh; Intel Mac OS X 10_15_7) AppleWebKit/605.1.15 (KHTML, like Gecko) Version/17.0 Safari/605.1.15"
1.1.1.1 - - [04/Jul/2026:13:03:48 +0000] "POST /index.html HTTP/1.1" 200 3387 - "Mozilla/5.0 (Macintosh; Intel Mac OS X 10_15_7) AppleWebKit/605.1.15 (KHTML, like Gecko) Version/17.0 Safari/605.1.15"
172.16.0.2 - - [04/Jul/2026:13:03:50 +0000] "POST /js/app.js HTTP/1.1" 201 4802 "https://google.com" "Mozilla/5.0 (Windows NT 10.0; Win64; x64) AppleWebKit/537.36 (KHTML, like Gecko) Chrome/120.0.0.0 Safari/537.36"
10.0.0.5 - - [04/Jul/2026:13:03:51 +0000] "DELETE /index.html HTTP/1.1" 200 844 - "Mozilla/5.0 (Macintosh; Intel Mac OS X 10_15_7) AppleWebKit/605.1.15 (KHTML, like Gecko) Version/17.0 Safari/605.1.15"
192.168.1.1 - - [04/Jul/2026:13:03:55 +0000] "PUT /css/style.css HTTP/1.1" 304 515 "https://google.com" "Mozilla/5.0 (Windows NT 10.0; Win64; x64) AppleWebKit/537.36 (KHTML, like Gecko) Chrome/120.0.0.0 Safari/537.36"
8.8.8.8 - - [04/Jul/2026:13:04:06 +0000] "DELETE /contact HTTP/1.1" 200 1606 - "Mozilla/5.0 (Windows NT 10.0; Win64; x64) AppleWebKit/537.36 (KHTML, like Gecko) Chrome/120.0.0.0 Safari/537.36"
8.8.8.8 - - [04/Jul/2026:13:04:15 +0000] "DELETE /contact HTTP/1.1" 200 1933 "https://google.com" "Mozilla/5.0 (X11; Linux x86_64; rv:109.0) Gecko/20100101 Firefox/119.0"
192.168.1.1 - - [04/Jul/2026:13:04:15 +0000] "GET /index.html HTTP/1.1" 200 1680 "https://news.ycombinator.com" "Mozilla/5.0 (Windows NT 10.0; Win64; x64) AppleWebKit/537.36 (KHTML, like Gecko) Chrome/120.0.0.0 Safari/537.36"
172.16.0.2 - - [04/Jul/2026:13:04:36 +0000] "DELETE /contact HTTP/1.1" 201 4593 "https://news.ycombinator.com" "Mozilla/5.0 (Windows NT 10.0; Win64; x64) AppleWebKit/537.36 (KHTML, like Gecko) Chrome/120.0.0.0 Safari/537.36"
1.1.1.1 - - [04/Jul/2026:13:04:39 +0000] "PUT /contact HTTP/1.1" 201 1573 - "Mozilla/5.0 (Macintosh; Intel Mac OS X 10_15_7) AppleWebKit/605.1.15 (KHTML, like Gecko) Version/17.0 Safari/605.1.15"
192.168.1.1 - - [04/Jul/2026:13:04:42 +0000] "POST /index.html HTTP/1.1" 200 2490 - "Mozilla/5.0 (X11; Linux x86_64; rv:109.0) Gecko/20100101 Firefox/119.0"
10.0.0.5 - - [04/Jul/2026:13:04:48 +0000] "POST /images/logo.png HTTP/1.1" 201 2458 "https://news.ycombinator.com" "Mozilla/5.0 (Macintosh; Intel Mac OS X 10_15_7) AppleWebKit/605.1.15 (KHTML, like Gecko) Version/17.0 Safari/605.1.15"
10.0.0.5 - - [04/Jul/2026:13:04:55 +0000] "DELETE /index.html HTTP/1.1" 200 4985 "https://news.ycombinator.com" "Mozilla/5.0 (Macintosh; Intel Mac OS X 10_15_7) AppleWebKit/605.1.15 (KHTML, like Gecko) Version/17.0 Safari/605.1.15"
8.8.8.8 - - [04/Jul/2026:13:05:00 +0000] "PUT /css/style.css HTTP/1.1" 304 802 - "Mozilla/5.0 (Macintosh; Intel Mac OS X 10_15_7) AppleWebKit/605.1.15 (KHTML, like Gecko) Version/17.0 Safari/605.1.15"
10.0.0.5 - - [04/Jul/2026:13:05:06 +0000] "POST /css/style.css HTTP/1.1" 304 1577 "https://github.com" "Mozilla/5.0 (Windows NT 10.0; Win64; x64) AppleWebKit/537.36 (KHTML, like Gecko) Chrome/120.0.0.0 Safari/537.36"
172.16.0.2 - - [04/Jul/2026:13:05:09 +0000] "POST /images/logo.png HTTP/1.1" 302 1638 - "Mozilla/5.0 (Windows NT 10.0; Win64; x64) AppleWebKit/537.36 (KHTML, like Gecko) Chrome/120.0.0.0 Safari/537.36"
172.16.0.2 - - [04/Jul/2026:13:05:10 +0000] "PUT /contact HTTP/1.1" 301 831 - "Mozilla/5.0 (X11; Linux x86_64; rv:109.0) Gecko/20100101 Firefox/119.0"
1.1.1.1 - - [04/Jul/2026:13:05:13 +0000] "GET /js/app.js HTTP/1.1" 200 294 "https://news.ycombinator.com" "Mozilla/5.0 (X11; Linux x86_64; rv:109.0) Gecko/20100101 Firefox/119.0"
192.168.1.1 - - [04/Jul/2026:13:05:18 +0000] "POST /images/logo.png HTTP/1.1" 200 2292 "https://google.com" "Mozilla/5.0 (X11; Linux x86_64; rv:109.0) Gecko/20100101 Firefox/119.0"
8.8.8.8 - - [04/Jul/2026:13:05:27 +0000] "POST /index.html HTTP/1.1" 201 4553 - "Mozilla/5.0 (Windows NT 10.0; Win64; x64) AppleWebKit/537.36 (KHTML, like Gecko) Chrome/120.0.0.0 Safari/537.36"
192.168.1.1 - - [04/Jul/2026:13:05:28 +0000] "POST /js/app.js HTTP/1.1" 201 4679 "https://google.com" "Mozilla/5.0 (X11; Linux x86_64; rv:109.0) Gecko/20100101 Firefox/119.0"
8.8.8.8 - - [04/Jul/2026:13:05:34 +0000] "PUT /index.html HTTP/1.1" 302 1069 - "Mozilla/5.0 (X11; Linux x86_64; rv:109.0) Gecko/20100101 Firefox/119.0"
10.0.0.5 - - [04/Jul/2026:13:05:42 +0000] "DELETE /css/style.css HTTP/1.1" 301 1585 "https://news.ycombinator.com" "Mozilla/5.0 (Windows NT 10.0; Win64; x64) AppleWebKit/537.36 (KHTML, like Gecko) Chrome/120.0.0.0 Safari/537.36"
192.168.1.1 - - [04/Jul/2026:13:05:48 +0000] "PUT /api/v1/users HTTP/1.1" 200 4267 "https://github.com" "Mozilla/5.0 (X11; Linux x86_64; rv:109.0) Gecko/20100101 Firefox/119.0"
1.1.1.1 - - [04/Jul/2026:13:05:52 +0000] "GET /css/style.css HTTP/1.1" 200 3511 - "Mozilla/5.0 (Windows NT 10.0; Win64; x64) AppleWebKit/537.36 (KHTML, like Gecko) Chrome/120.0.0.0 Safari/537.36"
192.168.1.1 - - [04/Jul/2026:13:05:54 +0000] "GET /images/logo.png HTTP/1.1" 200 559 "https://github.com" "Mozilla/5.0 (Macintosh; Intel Mac OS X 10_15_7) AppleWebKit/605.1.15 (KHTML, like Gecko) Version/17.0 Safari/605.1.15"
1.1.1.1 - - [04/Jul/2026:13:06:05 +0000] "DELETE /css/style.css HTTP/1.1" 200 4387 - "Mozilla/5.0 (Windows NT 10.0; Win64; x64) AppleWebKit/537.36 (KHTML, like Gecko) Chrome/120.0.0.0 Safari/537.36"
8.8.8.8 - - [04/Jul/2026:13:06:09 +0000] "GET /index.html HTTP/1.1" 301 3056 "https://google.com" "Mozilla/5.0 (Macintosh; Intel Mac OS X 10_15_7) AppleWebKit/605.1.15 (KHTML, like Gecko) Version/17.0 Safari/605.1.15"
8.8.8.8 - - [04/Jul/2026:13:06:12 +0000] "DELETE /api/v1/users HTTP/1.1" 200 1939 - "Mozilla/5.0 (X11; Linux x86_64; rv:109.0) Gecko/20100101 Firefox/119.0"
1.1.1.1 - - [04/Jul/2026:13:06:35 +0000] "PUT /images/logo.png HTTP/1.1" 201 216 - "Mozilla/5.0 (X11; Linux x86_64; rv:109.0) Gecko/20100101 Firefox/119.0"
8.8.8.8 - - [04/Jul/2026:13:06:39 +0000] "GET /images/logo.png HTTP/1.1" 304 4010 "https://github.com" "Mozilla/5.0 (X11; Linux x86_64; rv:109.0) Gecko/20100101 Firefox/119.0"
172.16.0.2 - - [04/Jul/2026:13:06:44 +0000] "DELETE /about HTTP/1.1" 200 4613 - "Mozilla/5.0 (Windows NT 10.0; Win64; x64) AppleWebKit/537.36 (KHTML, like Gecko) Chrome/120.0.0.0 Safari/537.36"
10.0.0.5 - - [04/Jul/2026:13:07:06 +0000] "DELETE /index.html HTTP/1.1" 200 1997 "https://google.com" "Mozilla/5.0 (X11; Linux x86_64; rv:109.0) Gecko/20100101 Firefox/119.0"
10.0.0.5 - - [04/Jul/2026:13:07:09 +0000] "PUT /contact HTTP/1.1" 200 2877 "https://github.com" "Mozilla/5.0 (Macintosh; Intel Mac OS X 10_15_7) AppleWebKit/605.1.15 (KHTML, like Gecko) Version/17.0 Safari/605.1.15"
192.168.1.1 - - [04/Jul/2026:13:07:16 +0000] "GET /images/logo.png HTTP/1.1" 200 1641 - "Mozilla/5.0 (Windows NT 10.0; Win64; x64) AppleWebKit/537.36 (KHTML, like Gecko) Chrome/120.0.0.0 Safari/537.36"
192.168.1.1 - - [04/Jul/2026:13:07:20 +0000] "GET /api/v1/users HTTP/1.1" 200 460 - "Mozilla/5.0 (Windows NT 10.0; Win64; x64) AppleWebKit/537.36 (KHTML, like Gecko) Chrome/120.0.0.0 Safari/537.36"
172.16.0.2 - - [04/Jul/2026:13:07:21 +0000] "GET /about HTTP/1.1" 301 2994 - "Mozilla/5.0 (Windows NT 10.0; Win64; x64) AppleWebKit/537.36 (KHTML, like Gecko) Chrome/120.0.0.0 Safari/537.36"
10.0.0.5 - - [04/Jul/2026:13:07:24 +0000] "GET /js/app.js HTTP/1.1" 302 1655 "https://news.ycombinator.com" "Mozilla/5.0 (X11; Linux x86_64; rv:109.0) Gecko/20100101 Firefox/119.0"
1.1.1.1 - - [04/Jul/2026:13:07:26 +0000] "POST /index.html HTTP/1.1" 201 4552 "https://news.ycombinator.com" "Mozilla/5.0 (X11; Linux x86_64; rv:109.0) Gecko/20100101 Firefox/119.0"
172.16.0.2 - - [04/Jul/2026:13:07:55 +0000] "POST /images/logo.png HTTP/1.1" 200 2371 - "Mozilla/5.0 (Macintosh; Intel Mac OS X 10_15_7) AppleWebKit/605.1.15 (KHTML, like Gecko) Version/17.0 Safari/605.1.15"
1.1.1.1 - - [04/Jul/2026:13:08:06 +0000] "PUT /js/app.js HTTP/1.1" 201 2536 "https://google.com" "Mozilla/5.0 (Windows NT 10.0; Win64; x64) AppleWebKit/537.36 (KHTML, like Gecko) Chrome/120.0.0.0 Safari/537.36"
172.16.0.2 - - [04/Jul/2026:13:08:06 +0000] "POST /about HTTP/1.1" 302 4045 "https://news.ycombinator.com" "Mozilla/5.0 (X11; Linux x86_64; rv:109.0) Gecko/20100101 Firefox/119.0"
1.1.1.1 - - [04/Jul/2026:13:08:21 +0000] "DELETE /api/v1/users HTTP/1.1" 301 1818 "https://google.com" "Mozilla/5.0 (X11; Linux x86_64; rv:109.0) Gecko/20100101 Firefox/119.0"
192.168.1.1 - - [04/Jul/2026:13:08:28 +0000] "PUT /api/v1/users HTTP/1.1" 201 3716 "https://news.ycombinator.com" "Mozilla/5.0 (X11; Linux x86_64; rv:109.0) Gecko/20100101 Firefox/119.0"
8.8.8.8 - - [04/Jul/2026:13:08:40 +0000] "POST /api/v1/users HTTP/1.1" 200 3247 "https://google.com" "Mozilla/5.0 (Macintosh; Intel Mac OS X 10_15_7) AppleWebKit/605.1.15 (KHTML, like Gecko) Version/17.0 Safari/605.1.15"
1.1.1.1 - - [04/Jul/2026:13:08:55 +0000] "DELETE /css/style.css HTTP/1.1" 304 234 - "Mozilla/5.0 (Macintosh; Intel Mac OS X 10_15_7) AppleWebKit/605.1.15 (KHTML, like Gecko) Version/17.0 Safari/605.1.15"
1.1.1.1 - - [04/Jul/2026:13:09:03 +0000] "DELETE /api/v1/users HTTP/1.1" 200 1134 - "Mozilla/5.0 (X11; Linux x86_64; rv:109.0) Gecko/20100101 Firefox/119.0"
192.168.1.1 - - [04/Jul/2026:13:09:15 +0000] "GET /contact HTTP/1.1" 200 4941 - "Mozilla/5.0 (Windows NT 10.0; Win64; x64) AppleWebKit/537.36 (KHTML, like Gecko) Chrome/120.0.0.0 Safari/537.36"
192.168.1.1 - - [04/Jul/2026:13:09:18 +0000] "PUT /images/logo.png HTTP/1.1" 302 3512 - "Mozilla/5.0 (Windows NT 10.0; Win64; x64) AppleWebKit/537.36 (KHTML, like Gecko) Chrome/120.0.0.0 Safari/537.36"
8.8.8.8 - - [04/Jul/2026:13:09:25 +0000] "POST /index.html HTTP/1.1" 200 1757 "https://news.ycombinator.com" "Mozilla/5.0 (Windows NT 10.0; Win64; x64) AppleWebKit/537.36 (KHTML, like Gecko) Chrome/120.0.0.0 Safari/537.36"
192.168.1.1 - - [04/Jul/2026:13:09:27 +0000] "POST /index.html HTTP/1.1" 304 1516 "https://google.com" "Mozilla/5.0 (Windows NT 10.0; Win64; x64) AppleWebKit/537.36 (KHTML, like Gecko) Chrome/120.0.0.0 Safari/537.36"
192.168.1.1 - - [04/Jul/2026:13:09:33 +0000] "GET /index.html HTTP/1.1" 301 2940 "https://news.ycombinator.com" "Mozilla/5.0 (X11; Linux x86_64; rv:109.0) Gecko/20100101 Firefox/119.0"
1.1.1.1 - - [04/Jul/2026:13:09:36 +0000] "PUT /contact HTTP/1.1" 200 1300 "https://news.ycombinator.com" "Mozilla/5.0 (Macintosh; Intel Mac OS X 10_15_7) AppleWebKit/605.1.15 (KHTML, like Gecko) Version/17.0 Safari/605.1.15"
10.0.0.5 - - [04/Jul/2026:13:09:42 +0000] "GET /contact HTTP/1.1" 200 4590 "https://news.ycombinator.com" "Mozilla/5.0 (Macintosh; Intel Mac OS X 10_15_7) AppleWebKit/605.1.15 (KHTML, like Gecko) Version/17.0 Safari/605.1.15"
8.8.8.8 - - [04/Jul/2026:13:09:54 +0000] "PUT /images/logo.png HTTP/1.1" 201 4357 "https://news.ycombinator.com" "Mozilla/5.0 (Windows NT 10.0; Win64; x64) AppleWebKit/537.36 (KHTML, like Gecko) Chrome/120.0.0.0 Safari/537.36"
172.16.0.2 - - [04/Jul/2026:13:10:06 +0000] "POST /about HTTP/1.1" 301 4965 - "Mozilla/5.0 (Macintosh; Intel Mac OS X 10_15_7) AppleWebKit/605.1.15 (KHTML, like Gecko) Version/17.0 Safari/605.1.15"
1.1.1.1 - - [04/Jul/2026:13:10:08 +0000] "GET /images/logo.png HTTP/1.1" 304 3762 "https://github.com" "Mozilla/5.0 (Windows NT 10.0; Win64; x64) AppleWebKit/537.36 (KHTML, like Gecko) Chrome/120.0.0.0 Safari/537.36"
10.0.0.5 - - [04/Jul/2026:13:10:12 +0000] "DELETE /css/style.css HTTP/1.1" 200 3708 - "Mozilla/5.0 (Windows NT 10.0; Win64; x64) AppleWebKit/537.36 (KHTML, like Gecko) Chrome/120.0.0.0 Safari/537.36"
10.0.0.5 - - [04/Jul/2026:13:10:18 +0000] "POST /images/logo.png HTTP/1.1" 200 1020 - "Mozilla/5.0 (Windows NT 10.0; Win64; x64) AppleWebKit/537.36 (KHTML, like Gecko) Chrome/120.0.0.0 Safari/537.36"
172.16.0.2 - - [04/Jul/2026:13:10:35 +0000] "POST /images/logo.png HTTP/1.1" 200 1982 "https://news.ycombinator.com" "Mozilla/5.0 (X11; Linux x86_64; rv:109.0) Gecko/20100101 Firefox/119.0"
1.1.1.1 - - [04/Jul/2026:13:10:36 +0000] "DELETE /css/style.css HTTP/1.1" 200 1085 "https://google.com" "Mozilla/5.0 (Windows NT 10.0; Win64; x64) AppleWebKit/537.36 (KHTML, like Gecko) Chrome/120.0.0.0 Safari/537.36"
192.168.1.1 - - [04/Jul/2026:13:10:40 +0000] "PUT /images/logo.png HTTP/1.1" 200 278 - "Mozilla/5.0 (Windows NT 10.0; Win64; x64) AppleWebKit/537.36 (KHTML, like Gecko) Chrome/120.0.0.0 Safari/537.36"
172.16.0.2 - - [04/Jul/2026:13:10:40 +0000] "POST /images/logo.png HTTP/1.1" 304 793 "https://github.com" "Mozilla/5.0 (Macintosh; Intel Mac OS X 10_15_7) AppleWebKit/605.1.15 (KHTML, like Gecko) Version/17.0 Safari/605.1.15"
10.0.0.5 - - [04/Jul/2026:13:10:51 +0000] "DELETE /index.html HTTP/1.1" 200 2715 "https://google.com" "Mozilla/5.0 (X11; Linux x86_64; rv:109.0) Gecko/20100101 Firefox/119.0"
8.8.8.8 - - [04/Jul/2026:13:11:06 +0000] "PUT /images/logo.png HTTP/1.1" 200 4321 "https://google.com" "Mozilla/5.0 (Windows NT 10.0; Win64; x64) AppleWebKit/537.36 (KHTML, like Gecko) Chrome/120.0.0.0 Safari/537.36"
172.16.0.2 - - [04/Jul/2026:13:11:12 +0000] "PUT /js/app.js HTTP/1.1" 201 2034 "https://github.com" "Mozilla/5.0 (Windows NT 10.0; Win64; x64) AppleWebKit/537.36 (KHTML, like Gecko) Chrome/120.0.0.0 Safari/537.36"
172.16.0.2 - - [04/Jul/2026:13:11:15 +0000] "DELETE /api/v1/users HTTP/1.1" 200 1523 "https://google.com" "Mozilla/5.0 (Windows NT 10.0; Win64; x64) AppleWebKit/537.36 (KHTML, like Gecko) Chrome/120.0.0.0 Safari/537.36"
8.8.8.8 - - [04/Jul/2026:13:11:15 +0000] "PUT /images/logo.png HTTP/1.1" 200 1306 "https://news.ycombinator.com" "Mozilla/5.0 (Windows NT 10.0; Win64; x64) AppleWebKit/537.36 (KHTML, like Gecko) Chrome/120.0.0.0 Safari/537.36"
172.16.0.2 - - [04/Jul/2026:13:11:30 +0000] "POST /js/app.js HTTP/1.1" 200 230 "https://news.ycombinator.com" "Mozilla/5.0 (X11; Linux x86_64; rv:109.0) Gecko/20100101 Firefox/119.0"
8.8.8.8 - - [04/Jul/2026:13:11:51 +0000] "GET /js/app.js HTTP/1.1" 304 3605 "https://github.com" "Mozilla/5.0 (Windows NT 10.0; Win64; x64) AppleWebKit/537.36 (KHTML, like Gecko) Chrome/120.0.0.0 Safari/537.36"
192.168.1.1 - - [04/Jul/2026:13:12:06 +0000] "POST /js/app.js HTTP/1.1" 200 2686 "https://news.ycombinator.com" "Mozilla/5.0 (Macintosh; Intel Mac OS X 10_15_7) AppleWebKit/605.1.15 (KHTML, like Gecko) Version/17.0 Safari/605.1.15"
8.8.8.8 - - [04/Jul/2026:13:12:09 +0000] "GET /images/logo.png HTTP/1.1" 200 3983 "https://google.com" "Mozilla/5.0 (X11; Linux x86_64; rv:109.0) Gecko/20100101 Firefox/119.0"
172.16.0.2 - - [04/Jul/2026:13:12:10 +0000] "POST /api/v1/users HTTP/1.1" 200 2130 "https://google.com" "Mozilla/5.0 (Macintosh; Intel Mac OS X 10_15_7) AppleWebKit/605.1.15 (KHTML, like Gecko) Version/17.0 Safari/605.1.15"
1.1.1.1 - - [04/Jul/2026:13:12:24 +0000] "PUT /api/v1/users HTTP/1.1" 200 4465 "https://github.com" "Mozilla/5.0 (X11; Linux x86_64; rv:109.0) Gecko/20100101 Firefox/119.0"
10.0.0.5 - - [04/Jul/2026:13:12:30 +0000] "PUT /images/logo.png HTTP/1.1" 301 4946 - "Mozilla/5.0 (X11; Linux x86_64; rv:109.0) Gecko/20100101 Firefox/119.0"
172.16.0.2 - - [04/Jul/2026:13:12:40 +0000] "POST /css/style.css HTTP/1.1" 200 4132 "https://github.com" "Mozilla/5.0 (Windows NT 10.0; Win64; x64) AppleWebKit/537.36 (KHTML, like Gecko) Chrome/120.0.0.0 Safari/537.36"
172.16.0.2 - - [04/Jul/2026:13:12:42 +0000] "POST /contact HTTP/1.1" 200 2482 "https://google.com" "Mozilla/5.0 (Windows NT 10.0; Win64; x64) AppleWebKit/537.36 (KHTML, like Gecko) Chrome/120.0.0.0 Safari/537.36"
10.0.0.5 - - [04/Jul/2026:13:12:44 +0000] "POST /about HTTP/1.1" 201 614 - "Mozilla/5.0 (Windows NT 10.0; Win64; x64) AppleWebKit/537.36 (KHTML, like Gecko) Chrome/120.0.0.0 Safari/537.36"
10.0.0.5 - - [04/Jul/2026:13:12:50 +0000] "POST /contact HTTP/1.1" 301 2460 - "Mozilla/5.0 (Windows NT 10.0; Win64; x64) AppleWebKit/537.36 (KHTML, like Gecko) Chrome/120.0.0.0 Safari/537.36"
8.8.8.8 - - [04/Jul/2026:13:12:52 +0000] "PUT /images/logo.png HTTP/1.1" 200 2832 "https://google.com" "Mozilla/5.0 (Windows NT 10.0; Win64; x64) AppleWebKit/537.36 (KHTML, like Gecko) Chrome/120.0.0.0 Safari/537.36"
172.16.0.2 - - [04/Jul/2026:13:12:55 +0000] "POST /images/logo.png HTTP/1.1" 200 543 "https://news.ycombinator.com" "Mozilla/5.0 (Macintosh; Intel Mac OS X 10_15_7) AppleWebKit/605.1.15 (KHTML, like Gecko) Version/17.0 Safari/605.1.15"
172.16.0.2 - - [04/Jul/2026:13:12:55 +0000] "DELETE /api/v1/users HTTP/1.1" 200 4485 "https://github.com" "Mozilla/5.0 (Windows NT 10.0; Win64; x64) AppleWebKit/537.36 (KHTML, like Gecko) Chrome/120.0.0.0 Safari/537.36"
8.8.8.8 - - [04/Jul/2026:13:13:18 +0000] "POST /js/app.js HTTP/1.1" 200 2564 "https://github.com" "Mozilla/5.0 (X11; Linux x86_64; rv:109.0) Gecko/20100101 Firefox/119.0"
172.16.0.2 - - [04/Jul/2026:13:13:20 +0000] "POST /index.html HTTP/1.1" 200 2742 - "Mozilla/5.0 (X11; Linux x86_64; rv:109.0) Gecko/20100101 Firefox/119.0"
172.16.0.2 - - [04/Jul/2026:13:13:30 +0000] "PUT /images/logo.png HTTP/1.1" 200 4673 "https://google.com" "Mozilla/5.0 (Macintosh; Intel Mac OS X 10_15_7) AppleWebKit/605.1.15 (KHTML, like Gecko) Version/17.0 Safari/605.1.15"
192.168.1.1 - - [04/Jul/2026:13:13:33 +0000] "POST /images/logo.png HTTP/1.1" 200 1498 "https://google.com" "Mozilla/5.0 (Macintosh; Intel Mac OS X 10_15_7) AppleWebKit/605.1.15 (KHTML, like Gecko) Version/17.0 Safari/605.1.15"
1.1.1.1 - - [04/Jul/2026:13:13:40 +0000] "PUT /api/v1/users HTTP/1.1" 200 3199 "https://github.com" "Mozilla/5.0 (X11; Linux x86_64; rv:109.0) Gecko/20100101 Firefox/119.0"
8.8.8.8 - - [04/Jul/2026:13:13:44 +0000] "POST /api/v1/users HTTP/1.1" 200 3974 - "Mozilla/5.0 (Windows NT 10.0; Win64; x64) AppleWebKit/537.36 (KHTML, like Gecko) Chrome/120.0.0.0 Safari/537.36"
10.0.0.5 - - [04/Jul/2026:13:13:52 +0000] "DELETE /js/app.js HTTP/1.1" 301 3179 "https://google.com" "Mozilla/5.0 (Macintosh; Intel Mac OS X 10_15_7) AppleWebKit/605.1.15 (KHTML, like Gecko) Version/17.0 Safari/605.1.15"
192.168.1.1 - - [04/Jul/2026:13:14:04 +0000] "POST /about HTTP/1.1" 200 1893 "https://github.com" "Mozilla/5.0 (X11; Linux x86_64; rv:109.0) Gecko/20100101 Firefox/119.0"
8.8.8.8 - - [04/Jul/2026:13:14:15 +0000] "PUT /contact HTTP/1.1" 200 1335 "https://google.com" "Mozilla/5.0 (Windows NT 10.0; Win64; x64) AppleWebKit/537.36 (KHTML, like Gecko) Chrome/120.0.0.0 Safari/537.36"
8.8.8.8 - - [04/Jul/2026:13:14:16 +0000] "PUT /images/logo.png HTTP/1.1" 301 1503 "https://news.ycombinator.com" "Mozilla/5.0 (X11; Linux x86_64; rv:109.0) Gecko/20100101 Firefox/119.0"
8.8.8.8 - - [04/Jul/2026:13:14:48 +0000] "PUT /contact HTTP/1.1" 302 4780 "https://google.com" "Mozilla/5.0 (Macintosh; Intel Mac OS X 10_15_7) AppleWebKit/605.1.15 (KHTML, like Gecko) Version/17.0 Safari/605.1.15"
172.16.0.2 - - [04/Jul/2026:13:14:54 +0000] "POST /index.html HTTP/1.1" 200 2407 "https://github.com" "Mozilla/5.0 (Windows NT 10.0; Win64; x64) AppleWebKit/537.36 (KHTML, like Gecko) Chrome/120.0.0.0 Safari/537.36"
172.16.0.2 - - [04/Jul/2026:13:14:56 +0000] "GET /contact HTTP/1.1" 301 3590 "https://news.ycombinator.com" "Mozilla/5.0 (Macintosh; Intel Mac OS X 10_15_7) AppleWebKit/605.1.15 (KHTML, like Gecko) Version/17.0 Safari/605.1.15"
172.16.0.2 - - [04/Jul/2026:13:15:00 +0000] "PUT /index.html HTTP/1.1" 301 1277 - "Mozilla/5.0 (Windows NT 10.0; Win64; x64) AppleWebKit/537.36 (KHTML, like Gecko) Chrome/120.0.0.0 Safari/537.36"
1.1.1.1 - - [04/Jul/2026:13:15:05 +0000] "PUT /images/logo.png HTTP/1.1" 304 3475 "https://github.com" "Mozilla/5.0 (Windows NT 10.0; Win64; x64) AppleWebKit/537.36 (KHTML, like Gecko) Chrome/120.0.0.0 Safari/537.36"
1.1.1.1 - - [04/Jul/2026:13:15:20 +0000] "DELETE /js/app.js HTTP/1.1" 200 3633 "https://google.com" "Mozilla/5.0 (X11; Linux x86_64; rv:109.0) Gecko/20100101 Firefox/119.0"
192.168.1.1 - - [04/Jul/2026:13:15:20 +0000] "POST /css/style.css HTTP/1.1" 200 1217 "https://news.ycombinator.com" "Mozilla/5.0 (X11; Linux x86_64; rv:109.0) Gecko/20100101 Firefox/119.0"
172.16.0.2 - - [04/Jul/2026:13:15:32 +0000] "DELETE /images/logo.png HTTP/1.1" 302 1816 "https://news.ycombinator.com" "Mozilla/5.0 (Macintosh; Intel Mac OS X 10_15_7) AppleWebKit/605.1.15 (KHTML, like Gecko) Version/17.0 Safari/605.1.15"
192.168.1.1 - - [04/Jul/2026:13:15:40 +0000] "GET /index.html HTTP/1.1" 201 184 - "Mozilla/5.0 (Windows NT 10.0; Win64; x64) AppleWebKit/537.36 (KHTML, like Gecko) Chrome/120.0.0.0 Safari/537.36"
172.16.0.2 - - [04/Jul/2026:13:15:54 +0000] "GET /css/style.css HTTP/1.1" 200 985 - "Mozilla/5.0 (Windows NT 10.0; Win64; x64) AppleWebKit/537.36 (KHTML, like Gecko) Chrome/120.0.0.0 Safari/537.36"
10.0.0.5 - - [04/Jul/2026:13:16:00 +0000] "POST /images/logo.png HTTP/1.1" 200 908 "https://google.com" "Mozilla/5.0 (X11; Linux x86_64; rv:109.0) Gecko/20100101 Firefox/119.0"
1.1.1.1 - - [04/Jul/2026:13:16:08 +0000] "PUT /about HTTP/1.1" 200 2021 - "Mozilla/5.0 (Macintosh; Intel Mac OS X 10_15_7) AppleWebKit/605.1.15 (KHTML, like Gecko) Version/17.0 Safari/605.1.15"
1.1.1.1 - - [04/Jul/2026:13:16:24 +0000] "DELETE /js/app.js HTTP/1.1" 200 2333 "https://google.com" "Mozilla/5.0 (Windows NT 10.0; Win64; x64) AppleWebKit/537.36 (KHTML, like Gecko) Chrome/120.0.0.0 Safari/537.36"
172.16.0.2 - - [04/Jul/2026:13:16:46 +0000] "PUT /images/logo.png HTTP/1.1" 304 3142 "https://news.ycombinator.com" "Mozilla/5.0 (X11; Linux x86_64; rv:109.0) Gecko/20100101 Firefox/119.0"
