8.8.8.8 - - [04/Jul/2026:13:52:57 +0000] "PUT /contact HTTP/1.1" 302 558 "https://github.com" "Mozilla/5.0 (X11; Linux x86_64; rv:109.0) Gecko/20100101 Firefox/119.0"
172.16.0.2 - - [04/Jul/2026:13:53:06 +0000] "GET /api/v1/users HTTP/1.1" 301 2996 - "Mozilla/5.0 (Windows NT 10.0; Win64; x64) AppleWebKit/537.36 (KHTML, like Gecko) Chrome/120.0.0.0 Safari/537.36"
192.168.1.1 - - [04/Jul/2026:13:53:20 +0000] "PUT /css/style.css HTTP/1.1" 200 676 "https://github.com" "Mozilla/5.0 (Windows NT 10.0; Win64; x64) AppleWebKit/537.36 (KHTML, like Gecko) Chrome/120.0.0.0 Safari/537.36"
192.168.1.1 - - [04/Jul/2026:13:53:20 +0000] "DELETE /index.html HTTP/1.1" 201 3798 "https://news.ycombinator.com" "Mozilla/5.0 (X11; Linux x86_64; rv:109.0) Gecko/20100101 Firefox/119.0"
10.0.0.5 - - [04/Jul/2026:13:53:25 +0000] "POST /images/logo.png HTTP/1.1" 200 857 "https://news.ycombinator.com" "Mozilla/5.0 (Macintosh; Intel Mac OS X 10_15_7) AppleWebKit/605.1.15 (KHTML, like Gecko) Version/17.0 Safari/605.1.15"
8.8.8.8 - - [04/Jul/2026:13:53:28 +0000] "DELETE /api/v1/users HTTP/1.1" 301 1901 "https://github.com" "Mozilla/5.0 (X11; Linux x86_64; rv:109.0) Gecko/20100101 Firefox/119.0"
172.16.0.2 - - [04/Jul/2026:13:53:30 +0000] "POST /contact HTTP/1.1" 302 3404 "https://github.com" "Mozilla/5.0 (Macintosh; Intel Mac OS X 10_15_7) AppleWebKit/605.1.15 (KHTML, like Gecko) Version/17.0 Safari/605.1.15"
10.0.0.5 - - [04/Jul/2026:13:53:31 +0000] "POST /css/style.css HTTP/1.1" 200 2418 "https://google.com" "Mozilla/5.0 (Macintosh; Intel Mac OS X 10_15_7) AppleWebKit/605.1.15 (KHTML, like Gecko) Version/17.0 Safari/605.1.15"
10.0.0.5 - - [04/Jul/2026:13:53:38 +0000] "POST /index.html HTTP/1.1" 201 2244 "https://google.com" "Mozilla/5.0 (X11; Linux x86_64; rv:109.0) Gecko/20100101 Firefox/119.0"
192.168.1.1 - - [04/Jul/2026:13:53:50 +0000] "PUT /js/app.js HTTP/1.1" 304 3598 - "Mozilla/5.0 (Windows NT 10.0; Win64; x64) AppleWebKit/537.36 (KHTML, like Gecko) Chrome/120.0.0.0 Safari/537.36"
192.168.1.1 - - [04/Jul/2026:13:54:06 +0000] "GET /api/v1/users HTTP/1.1" 301 3465 "https://news.ycombinator.com" "Mozilla/5.0 (Windows NT 10.0; Win64; x64) AppleWebKit/537.36 (KHTML, like Gecko) Chrome/120.0.0.0 Safari/537.36"
172.16.0.2 - - [04/Jul/2026:13:54:20 +0000] "POST /css/style.css HTTP/1.1" 200 3172 "https://github.com" "Mozilla/5.0 (Macintosh; Intel Mac OS X 10_15_7) AppleWebKit/605.1.15 (KHTML, like Gecko) Version/17.0 Safari/605.1.15"
1.1.1.1 - - [04/Jul/2026:13:54:27 +0000] "POST /about HTTP/1.1" 200 2666 - "Mozilla/5.0 (Windows NT 10.0; Win64; x64) AppleWebKit/537.36 (KHTML, like Gecko) Chrome/120.0.0.0 Safari/537.36"
172.16.0.2 - - [04/Jul/2026:13:54:41 +0000] "POST /about HTTP/1.1" 304 1339 "https://news.ycombinator.com" "Mozilla/5.0 (Windows NT 10.0; Win64; x64) AppleWebKit/537.36 (KHTML, like Gecko) Chrome/120.0.0.0 Safari/537.36"
172.16.0.2 - - [04/Jul/2026:13:54:45 +0000] "DELETE /js/app.js HTTP/1.1" 200 134 "https://news.ycombinator.com" "Mozilla/5.0 (Windows NT 10.0; Win64; x64) AppleWebKit/537.36 (KHTML, like Gecko) Chrome/120.0.0.0 Safari/537.36"
192.168.1.1 - - [04/Jul/2026:13:55:00 +0000] "GET /images/logo.png HTTP/1.1" 200 4232 "https://github.com" "Mozilla/5.0 (Macintosh; Intel Mac OS X 10_15_7) AppleWebKit/605.1.15 (KHTML, like Gecko) Version/17.0 Safari/605.1.15"
192.168.1.1 - - [04/Jul/2026:13:55:10 +0000] "DELETE /css/style.css HTTP/1.1" 200 732 "https://github.com" "Mozilla/5.0 (Macintosh; Intel Mac OS X 10_15_7) AppleWebKit/605.1.15 (KHTML, like Gecko) Version/17.0 Safari/605.1.15"
10.0.0.5 - - [04/Jul/2026:13:55:25 +0000] "POST /css/style.css HTTP/1.1" 200 3197 "https://github.com" "Mozilla/5.0 (X11; Linux x86_64; rv:109.0) Gecko/20100101 Firefox/119.0"
192.168.1.1 - - [04/Jul/2026:13:55:30 +0000] "GET /api/v1/users HTTP/1.1" 200 4846 - "Mozilla/5.0 (Windows NT 10.0; Win64; x64) AppleWebKit/537.36 (KHTML, like Gecko) Chrome/120.0.0.0 Safari/537.36"
8.8.8.8 - - [04/Jul/2026:13:55:42 +0000] "POST /api/v1/users HTTP/1.1" 200 4460 "https://google.com" "Mozilla/5.0 (Macintosh; Intel Mac OS X 10_15_7) AppleWebKit/605.1.15 (KHTML, like Gecko) Version/17.0 Safari/605.1.15"
1.1.1.1 - - [04/Jul/2026:13:55:50 +0000] "POST /about HTTP/1.1" 200 1354 - "Mozilla/5.0 (X11; Linux x86_64; rv:109.0) Gecko/20100101 Firefox/119.0"
10.0.0.5 - - [04/Jul/2026:13:56:05 +0000] "DELETE /about HTTP/1.1" 200 1087 "https://github.com" "Mozilla/5.0 (Macintosh; Intel Mac OS X 10_15_7) AppleWebKit/605.1.15 (KHTML, like Gecko) Version/17.0 Safari/605.1.15"
8.8.8.8 - - [04/Jul/2026:13:56:19 +0000] "DELETE /about HTTP/1.1" 302 839 "https://news.ycombinator.com" "Mozilla/5.0 (Macintosh; Intel Mac OS X 10_15_7) AppleWebKit/605.1.15 (KHTML, like Gecko) Version/17.0 Safari/605.1.15"
8.8.8.8 - - [04/Jul/2026:13:56:24 +0000] "GET /contact HTTP/1.1" 200 3858 "https://google.com" "Mozilla/5.0 (Windows NT 10.0; Win64; x64) AppleWebKit/537.36 (KHTML, like Gecko) Chrome/120.0.0.0 Safari/537.36"
8.8.8.8 - - [04/Jul/2026:13:56:40 +0000] "GET /images/logo.png HTTP/1.1" 304 2560 "https://google.com" "Mozilla/5.0 (Windows NT 10.0; Win64; x64) AppleWebKit/537.36 (KHTML, like Gecko) Chrome/120.0.0.0 Safari/537.36"
10.0.0.5 - - [04/Jul/2026:13:56:56 +0000] "PUT /about HTTP/1.1" 200 1780 - "Mozilla/5.0 (X11; Linux x86_64; rv:109.0) Gecko/20100101 Firefox/119.0"
10.0.0.5 - - [04/Jul/2026:13:57:08 +0000] "GET /index.html HTTP/1.1" 302 2538 "https://github.com" "Mozilla/5.0 (X11; Linux x86_64; rv:109.0) Gecko/20100101 Firefox/119.0"
192.168.1.1 - - [04/Jul/2026:13:57:15 +0000] "DELETE /index.html HTTP/1.1" 200 3809 "https://google.com" "Mozilla/5.0 (X11; Linux x86_64; rv:109.0) Gecko/20100101 Firefox/119.0"
172.16.0.2 - - [04/Jul/2026:13:57:18 +0000] "POST /api/v1/users HTTP/1.1" 200 2134 "https://google.com" "Mozilla/5.0 (X11; Linux x86_64; rv:109.0) Gecko/20100101 Firefox/119.0"
8.8.8.8 - - [04/Jul/2026:13:57:35 +0000] "PUT /about HTTP/1.1" 301 3379 - "Mozilla/5.0 (X11; Linux x86_64; rv:109.0) Gecko/20100101 Firefox/119.0"
8.8.8.8 - - [04/Jul/2026:13:57:40 +0000] "POST /js/app.js HTTP/1.1" 200 3185 - "Mozilla/5.0 (Macintosh; Intel Mac OS X 10_15_7) AppleWebKit/605.1.15 (KHTML, like Gecko) Version/17.0 Safari/605.1.15"
192.168.1.1 - - [04/Jul/2026:13:58:00 +0000] "GET /about HTTP/1.1" 301 3209 "https://github.com" "Mozilla/5.0 (X11; Linux x86_64; rv:109.0) Gecko/20100101 Firefox/119.0"
8.8.8.8 - - [04/Jul/2026:13:58:15 +0000] "PUT /images/logo.png HTTP/1.1" 304 1950 - "Mozilla/5.0 (Macintosh; Intel Mac OS X 10_15_7) AppleWebKit/605.1.15 (KHTML, like Gecko) Version/17.0 Safari/605.1.15"
172.16.0.2 - - [04/Jul/2026:13:58:16 +0000] "GET /api/v1/users HTTP/1.1" 304 3504 "https://news.ycombinator.com" "Mozilla/5.0 (Macintosh; Intel Mac OS X 10_15_7) AppleWebKit/605.1.15 (KHTML, like Gecko) Version/17.0 Safari/605.1.15"
8.8.8.8 - - [04/Jul/2026:13:58:18 +0000] "DELETE /js/app.js HTTP/1.1" 201 403 "https://news.ycombinator.com" "Mozilla/5.0 (Macintosh; Intel Mac OS X 10_15_7) AppleWebKit/605.1.15 (KHTML, like Gecko) Version/17.0 Safari/605.1.15"
8.8.8.8 - - [04/Jul/2026:13:58:24 +0000] "DELETE /contact HTTP/1.1" 201 4919 - "Mozilla/5.0 (Macintosh; Intel Mac OS X 10_15_7) AppleWebKit/605.1.15 (KHTML, like Gecko) Version/17.0 Safari/605.1.15"
172.16.0.2 - - [04/Jul/2026:13:58:56 +0000] "DELETE /api/v1/users HTTP/1.1" 200 120 "https://google.com" "Mozilla/5.0 (Macintosh; Intel Mac OS X 10_15_7) AppleWebKit/605.1.15 (KHTML, like Gecko) Version/17.0 Safari/605.1.15"
172.16.0.2 - - [04/Jul/2026:13:59:04 +0000] "GET /js/app.js HTTP/1.1" 201 3517 "https://google.com" "Mozilla/5.0 (Macintosh; Intel Mac OS X 10_15_7) AppleWebKit/605.1.15 (KHTML, like Gecko) Version/17.0 Safari/605.1.15"
8.8.8.8 - - [04/Jul/2026:13:59:05 +0000] "PUT /index.html HTTP/1.1" 200 3233 "https://news.ycombinator.com" "Mozilla/5.0 (Windows NT 10.0; Win64; x64) AppleWebKit/537.36 (KHTML, like Gecko) Chrome/120.0.0.0 Safari/537.36"
10.0.0.5 - - [04/Jul/2026:13:59:10 +0000] "POST /contact HTTP/1.1" 201 2797 "https://news.ycombinator.com" "Mozilla/5.0 (X11; Linux x86_64; rv:109.0) Gecko/20100101 Firefox/119.0"
8.8.8.8 - - [04/Jul/2026:13:59:15 +0000] "DELETE /css/style.css HTTP/1.1" 301 3548 "https://github.com" "Mozilla/5.0 (Macintosh; Intel Mac OS X 10_15_7) AppleWebKit/605.1.15 (KHTML, like Gecko) Version/17.0 Safari/605.1.15"
1.1.1.1 - - [04/Jul/2026:13:59:35 +0000] "GET /index.html HTTP/1.1" 200 4222 "https://news.ycombinator.com" "Mozilla/5.0 (X11; Linux x86_64; rv:109.0) Gecko/20100101 Firefox/119.0"
172.16.0.2 - - [04/Jul/2026:13:59:36 +0000] "POST /about HTTP/1.1" 200 533 "https://github.com" "Mozilla/5.0 (Macintosh; Intel Mac OS X 10_15_7) AppleWebKit/605.1.15 (KHTML, like Gecko) Version/17.0 Safari/605.1.15"
10.0.0.5 - - [04/Jul/2026:13:59:50 +0000] "GET /api/v1/users HTTP/1.1" 200 4966 "https://github.com" "Mozilla/5.0 (Macintosh; Intel Mac OS X 10_15_7) AppleWebKit/605.1.15 (KHTML, like Gecko) Version/17.0 Safari/605.1.15"
1.1.1.1 - - [04/Jul/2026:14:00:17 +0000] "POST /api/v1/users HTTP/1.1" 302 3486 "https://news.ycombinator.com" "Mozilla/5.0 (Macintosh; Intel Mac OS X 10_15_7) AppleWebKit/605.1.15 (KHTML, like Gecko) Version/17.0 Safari/605.1.15"
10.0.0.5 - - [04/Jul/2026:14:00:18 +0000] "DELETE /css/style.css HTTP/1.1" 304 4318 "https://news.ycombinator.com" "Mozilla/5.0 (X11; Linux x86_64; rv:109.0) Gecko/20100101 Firefox/119.0"
10.0.0.5 - - [04/Jul/2026:14:00:35 +0000] "PUT /about HTTP/1.1" 302 4926 "https://news.ycombinator.com" "Mozilla/5.0 (Macintosh; Intel Mac OS X 10_15_7) AppleWebKit/605.1.15 (KHTML, like Gecko) Version/17.0 Safari/605.1.15"
192.168.1.1 - - [04/Jul/2026:14:00:55 +0000] "GET /contact HTTP/1.1" 200 1880 "https://github.com" "Mozilla/5.0 (X11; Linux x86_64; rv:109.0) Gecko/20100101 Firefox/119.0"
172.16.0.2 - - [04/Jul/2026:14:01:20 +0000] "PUT /api/v1/users HTTP/1.1" 302 2741 "https://google.com" "Mozilla/5.0 (X11; Linux x86_64; rv:109.0) Gecko/20100101 Firefox/119.0"
10.0.0.5 - - [04/Jul/2026:14:01:25 +0000] "POST /contact HTTP/1.1" 200 2566 "https://github.com" "Mozilla/5.0 (Windows NT 10.0; Win64; x64) AppleWebKit/537.36 (KHTML, like Gecko) Chrome/120.0.0.0 Safari/537.36"
8.8.8.8 - - [04/Jul/2026:14:01:30 +0000] "PUT /images/logo.png HTTP/1.1" 200 4357 "https://google.com" "Mozilla/5.0 (Windows NT 10.0; Win64; x64) AppleWebKit/537.36 (KHTML, like Gecko) Chrome/120.0.0.0 Safari/537.36"
172.16.0.2 - - [04/Jul/2026:14:02:08 +0000] "GET /contact HTTP/1.1" 201 3843 "https://github.com" "Mozilla/5.0 (X11; Linux x86_64; rv:109.0) Gecko/20100101 Firefox/119.0"
192.168.1.1 - - [04/Jul/2026:14:02:40 +0000] "PUT /index.html HTTP/1.1" 304 4176 "https://news.ycombinator.com" "Mozilla/5.0 (X11; Linux x86_64; rv:109.0) Gecko/20100101 Firefox/119.0"
8.8.8.8 - - [04/Jul/2026:14:02:40 +0000] "PUT /js/app.js HTTP/1.1" 200 4923 "https://news.ycombinator.com" "Mozilla/5.0 (Macintosh; Intel Mac OS X 10_15_7) AppleWebKit/605.1.15 (KHTML, like Gecko) Version/17.0 Safari/605.1.15"
192.168.1.1 - - [04/Jul/2026:14:02:50 +0000] "DELETE /api/v1/users HTTP/1.1" 200 4923 "https://news.ycombinator.com" "Mozilla/5.0 (Macintosh; Intel Mac OS X 10_15_7) AppleWebKit/605.1.15 (KHTML, like Gecko) Version/17.0 Safari/605.1.15"
1.1.1.1 - - [04/Jul/2026:14:02:55 +0000] "GET /js/app.js HTTP/1.1" 304 449 "https://github.com" "Mozilla/5.0 (Windows NT 10.0; Win64; x64) AppleWebKit/537.36 (KHTML, like Gecko) Chrome/120.0.0.0 Safari/537.36"
192.168.1.1 - - [04/Jul/2026:14:03:09 +0000] "DELETE /contact HTTP/1.1" 302 3408 - "Mozilla/5.0 (X11; Linux x86_64; rv:109.0) Gecko/20100101 Firefox/119.0"
8.8.8.8 - - [04/Jul/2026:14:03:44 +0000] "DELETE /index.html HTTP/1.1" 200 1548 "https://github.com" "Mozilla/5.0 (X11; Linux x86_64; rv:109.0) Gecko/20100101 Firefox/119.0"
10.0.0.5 - - [04/Jul/2026:14:03:52 +0000] "DELETE /api/v1/users HTTP/1.1" 201 3287 "https://news.ycombinator.com" "Mozilla/5.0 (Windows NT 10.0; Win64; x64) AppleWebKit/537.36 (KHTML, like Gecko) Chrome/120.0.0.0 Safari/537.36"
1.1.1.1 - - [04/Jul/2026:14:04:00 +0000] "DELETE /contact HTTP/1.1" 200 4250 - "Mozilla/5.0 (Macintosh; Intel Mac OS X 10_15_7) AppleWebKit/605.1.15 (KHTML, like Gecko) Version/17.0 Safari/605.1.15"
172.16.0.2 - - [04/Jul/2026:14:04:08 +0000] "DELETE /css/style.css HTTP/1.1" 301 2430 "https://github.com" "Mozilla/5.0 (Windows NT 10.0; Win64; x64) AppleWebKit/537.36 (KHTML, like Gecko) Chrome/120.0.0.0 Safari/537.36"
172.16.0.2 - - [04/Jul/2026:14:04:08 +0000] "POST /index.html HTTP/1.1" 301 1586 - "Mozilla/5.0 (X11; Linux x86_64; rv:109.0) Gecko/20100101 Firefox/119.0"
1.1.1.1 - - [04/Jul/2026:14:04:20 +0000] "PUT /api/v1/users HTTP/1.1" 304 4357 "https://news.ycombinator.com" "Mozilla/5.0 (Macintosh; Intel Mac OS X 10_15_7) AppleWebKit/605.1.15 (KHTML, like Gecko) Version/17.0 Safari/605.1.15"
172.16.0.2 - - [04/Jul/2026:14:04:22 +0000] "GET /index.html HTTP/1.1" 200 2062 "https://google.com" "Mozilla/5.0 (Macintosh; Intel Mac OS X 10_15_7) AppleWebKit/605.1.15 (KHTML, like Gecko) Version/17.0 Safari/605.1.15"
10.0.0.5 - - [04/Jul/2026:14:04:30 +0000] "POST /js/app.js HTTP/1.1" 201 1685 - "Mozilla/5.0 (Windows NT 10.0; Win64; x64) AppleWebKit/537.36 (KHTML, like Gecko) Chrome/120.0.0.0 Safari/537.36"
1.1.1.1 - - [04/Jul/2026:14:04:36 +0000] "GET /contact HTTP/1.1" 200 3438 "https://google.com" "Mozilla/5.0 (Windows NT 10.0; Win64; x64) AppleWebKit/537.36 (KHTML, like Gecko) Chrome/120.0.0.0 Safari/537.36"
1.1.1.1 - - [04/Jul/2026:14:04:48 +0000] "PUT /css/style.css HTTP/1.1" 201 911 - "Mozilla/5.0 (Windows NT 10.0; Win64; x64) AppleWebKit/537.36 (KHTML, like Gecko) Chrome/120.0.0.0 Safari/537.36"
1.1.1.1 - - [04/Jul/2026:14:04:57 +0000] "DELETE /index.html HTTP/1.1" 200 3906 "https://github.com" "Mozilla/5.0 (X11; Linux x86_64; rv:109.0) Gecko/20100101 Firefox/119.0"
8.8.8.8 - - [04/Jul/2026:14:05:10 +0000] "GET /images/logo.png HTTP/1.1" 200 1689 "https://github.com" "Mozilla/5.0 (Macintosh; Intel Mac OS X 10_15_7) AppleWebKit/605.1.15 (KHTML, like Gecko) Version/17.0 Safari/605.1.15"
8.8.8.8 - - [04/Jul/2026:14:05:12 +0000] "DELETE /css/style.css HTTP/1.1" 201 2359 "https://news.ycombinator.com" "Mozilla/5.0 (X11; Linux x86_64; rv:109.0) Gecko/20100101 Firefox/119.0"
192.168.1.1 - - [04/Jul/2026:14:06:48 +0000] "GET /index.html HTTP/1.1" 200 2671 "https://github.com" "Mozilla/5.0 (Windows NT 10.0; Win64; x64) AppleWebKit/537.36 (KHTML, like Gecko) Chrome/120.0.0.0 Safari/537.36"
8.8.8.8 - - [04/Jul/2026:14:07:24 +0000] "GET /css/style.css HTTP/1.1" 301 2151 "https://google.com" "Mozilla/5.0 (Windows NT 10.0; Win64; x64) AppleWebKit/537.36 (KHTML, like Gecko) Chrome/120.0.0.0 Safari/537.36"
192.168.1.1 - - [04/Jul/2026:14:07:28 +0000] "PUT /js/app.js HTTP/1.1" 200 2692 "https://news.ycombinator.com" "Mozilla/5.0 (Macintosh; Intel Mac OS X 10_15_7) AppleWebKit/605.1.15 (KHTML, like Gecko) Version/17.0 Safari/605.1.15"
8.8.8.8 - - [04/Jul/2026:14:07:59 +0000] "GET /css/style.css HTTP/1.1" 302 2009 - "Mozilla/5.0 (Macintosh; Intel Mac OS X 10_15_7) AppleWebKit/605.1.15 (KHTML, like Gecko) Version/17.0 Safari/605.1.15"
10.0.0.5 - - [04/Jul/2026:14:08:10 +0000] "DELETE /css/style.css HTTP/1.1" 301 2659 "https://github.com" "Mozilla/5.0 (Windows NT 10.0; Win64; x64) AppleWebKit/537.36 (KHTML, like Gecko) Chrome/120.0.0.0 Safari/537.36"
172.16.0.2 - - [04/Jul/2026:14:08:24 +0000] "PUT /api/v1/users HTTP/1.1" 201 1820 "https://news.ycombinator.com" "Mozilla/5.0 (Windows NT 10.0; Win64; x64) AppleWebKit/537.36 (KHTML, like Gecko) Chrome/120.0.0.0 Safari/537.36"
172.16.0.2 - - [04/Jul/2026:14:09:09 +0000] "GET /about HTTP/1.1" 302 2310 "https://google.com" "Mozilla/5.0 (X11; Linux x86_64; rv:109.0) Gecko/20100101 Firefox/119.0"
192.168.1.1 - - [04/Jul/2026:14:09:40 +0000] "DELETE /index.html HTTP/1.1" 304 2765 - "Mozilla/5.0 (Macintosh; Intel Mac OS X 10_15_7) AppleWebKit/605.1.15 (KHTML, like Gecko) Version/17.0 Safari/605.1.15"
192.168.1.1 - - [04/Jul/2026:14:09:48 +0000] "POST /js/app.js HTTP/1.1" 201 1547 "https://github.com" "Mozilla/5.0 (Windows NT 10.0; Win64; x64) AppleWebKit/537.36 (KHTML, like Gecko) Chrome/120.0.0.0 Safari/537.36"
10.0.0.5 - - [04/Jul/2026:14:10:00 +0000] "PUT /api/v1/users HTTP/1.1" 302 1375 "https://news.ycombinator.com" "Mozilla/5.0 (Windows NT 10.0; Win64; x64) AppleWebKit/537.36 (KHTML, like Gecko) Chrome/120.0.0.0 Safari/537.36"
8.8.8.8 - - [04/Jul/2026:14:10:03 +0000] "GET /contact HTTP/1.1" 201 3802 "https://github.com" "Mozilla/5.0 (X11; Linux x86_64; rv:109.0) Gecko/20100101 Firefox/119.0"
8.8.8.8 - - [04/Jul/2026:14:10:06 +0000] "POST /contact HTTP/1.1" 200 4162 "https://google.com" "Mozilla/5.0 (Macintosh; Intel Mac OS X 10_15_7) AppleWebKit/605.1.15 (KHTML, like Gecko) Version/17.0 Safari/605.1.15"
10.0.0.5 - - [04/Jul/2026:14:10:30 +0000] "GET /about HTTP/1.1" 302 4535 "https://google.com" "Mozilla/5.0 (Macintosh; Intel Mac OS X 10_15_7) AppleWebKit/605.1.15 (KHTML, like Gecko) Version/17.0 Safari/605.1.15"
1.1.1.1 - - [04/Jul/2026:14:10:33 +0000] "PUT /contact HTTP/1.1" 304 1566 "https://github.com" "Mozilla/5.0 (X11; Linux x86_64; rv:109.0) Gecko/20100101 Firefox/119.0"
1.1.1.1 - - [04/Jul/2026:14:10:57 +0000] "DELETE /contact HTTP/1.1" 201 4746 "https://google.com" "Mozilla/5.0 (Macintosh; Intel Mac OS X 10_15_7) AppleWebKit/605.1.15 (KHTML, like Gecko) Version/17.0 Safari/605.1.15"
8.8.8.8 - - [04/Jul/2026:14:11:15 +0000] "PUT /images/logo.png HTTP/1.1" 304 2697 "https://github.com" "Mozilla/5.0 (Macintosh; Intel Mac OS X 10_15_7) AppleWebKit/605.1.15 (KHTML, like Gecko) Version/17.0 Safari/605.1.15"
10.0.0.5 - - [04/Jul/2026:14:11:20 +0000] "DELETE /index.html HTTP/1.1" 304 434 "https://news.ycombinator.com" "Mozilla/5.0 (Macintosh; Intel Mac OS X 10_15_7) AppleWebKit/605.1.15 (KHTML, like Gecko) Version/17.0 Safari/605.1.15"
1.1.1.1 - - [04/Jul/2026:14:11:28 +0000] "DELETE /contact HTTP/1.1" 200 1312 - "Mozilla/5.0 (Macintosh; Intel Mac OS X 10_15_7) AppleWebKit/605.1.15 (KHTML, like Gecko) Version/17.0 Safari/605.1.15"
172.16.0.2 - - [04/Jul/2026:14:11:54 +0000] "DELETE /contact HTTP/1.1" 304 3491 "https://github.com" "Mozilla/5.0 (Windows NT 10.0; Win64; x64) AppleWebKit/537.36 (KHTML, like Gecko) Chrome/120.0.0.0 Safari/537.36"
8.8.8.8 - - [04/Jul/2026:14:12:08 +0000] "PUT /css/style.css HTTP/1.1" 200 2798 - "Mozilla/5.0 (X11; Linux x86_64; rv:109.0) Gecko/20100101 Firefox/119.0"
1.1.1.1 - - [04/Jul/2026:14:12:16 +0000] "PUT /js/app.js HTTP/1.1" 200 1831 - "Mozilla/5.0 (X11; Linux x86_64; rv:109.0) Gecko/20100101 Firefox/119.0"
10.0.0.5 - - [04/Jul/2026:14:12:39 +0000] "GET /css/style.css HTTP/1.1" 302 1642 "https://news.ycombinator.com" "Mozilla/5.0 (Windows NT 10.0; Win64; x64) AppleWebKit/537.36 (KHTML, like Gecko) Chrome/120.0.0.0 Safari/537.36"
8.8.8.8 - - [04/Jul/2026:14:12:50 +0000] "POST /css/style.css HTTP/1.1" 200 2490 - "Mozilla/5.0 (Macintosh; Intel Mac OS X 10_15_7) AppleWebKit/605.1.15 (KHTML, like Gecko) Version/17.0 Safari/605.1.15"
192.168.1.1 - - [04/Jul/2026:14:13:00 +0000] "PUT /api/v1/users HTTP/1.1" 200 2484 - "Mozilla/5.0 (Macintosh; Intel Mac OS X 10_15_7) AppleWebKit/605.1.15 (KHTML, like Gecko) Version/17.0 Safari/605.1.15"
172.16.0.2 - - [04/Jul/2026:14:13:12 +0000] "POST /js/app.js HTTP/1.1" 200 4157 - "Mozilla/5.0 (Macintosh; Intel Mac OS X 10_15_7) AppleWebKit/605.1.15 (KHTML, like Gecko) Version/17.0 Safari/605.1.15"
10.0.0.5 - - [04/Jul/2026:14:13:20 +0000] "POST /js/app.js HTTP/1.1" 304 3129 "https://google.com" "Mozilla/5.0 (Macintosh; Intel Mac OS X 10_15_7) AppleWebKit/605.1.15 (KHTML, like Gecko) Version/17.0 Safari/605.1.15"
8.8.8.8 - - [04/Jul/2026:14:13:21 +0000] "PUT /index.html HTTP/1.1" 302 824 - "Mozilla/5.0 (Macintosh; Intel Mac OS X 10_15_7) AppleWebKit/605.1.15 (KHTML, like Gecko) Version/17.0 Safari/605.1.15"
192.168.1.1 - - [04/Jul/2026:14:13:35 +0000] "POST /css/style.css HTTP/1.1" 301 4763 "https://news.ycombinator.com" "Mozilla/5.0 (Macintosh; Intel Mac OS X 10_15_7) AppleWebKit/605.1.15 (KHTML, like Gecko) Version/17.0 Safari/605.1.15"
172.16.0.2 - - [04/Jul/2026:14:13:49 +0000] "POST /contact HTTP/1.1" 200 1571 "https://news.ycombinator.com" "Mozilla/5.0 (Macintosh; Intel Mac OS X 10_15_7) AppleWebKit/605.1.15 (KHTML, like Gecko) Version/17.0 Safari/605.1.15"
8.8.8.8 - - [04/Jul/2026:14:14:00 +0000] "PUT /about HTTP/1.1" 200 1829 "https://google.com" "Mozilla/5.0 (Windows NT 10.0; Win64; x64) AppleWebKit/537.36 (KHTML, like Gecko) Chrome/120.0.0.0 Safari/537.36"
8.8.8.8 - - [04/Jul/2026:14:14:00 +0000] "POST /js/app.js HTTP/1.1" 200 2814 "https://news.ycombinator.com" "Mozilla/5.0 (X11; Linux x86_64; rv:109.0) Gecko/20100101 Firefox/119.0"
8.8.8.8 - - [04/Jul/2026:14:14:24 +0000] "PUT /js/app.js HTTP/1.1" 302 1692 "https://news.ycombinator.com" "Mozilla/5.0 (Windows NT 10.0; Win64; x64) AppleWebKit/537.36 (KHTML, like Gecko) Chrome/120.0.0.0 Safari/537.36"
10.0.0.5 - - [04/Jul/2026:14:14:48 +0000] "DELETE /index.html HTTP/1.1" 200 1460 "https://google.com" "Mozilla/5.0 (X11; Linux x86_64; rv:109.0) Gecko/20100101 Firefox/119.0"
8.8.8.8 - - [04/Jul/2026:14:14:56 +0000] "DELETE /index.html HTTP/1.1" 304 4894 "https://google.com" "Mozilla/5.0 (Windows NT 10.0; Win64; x64) AppleWebKit/537.36 (KHTML, like Gecko) Chrome/120.0.0.0 Safari/537.36"
192.168.1.1 - - [04/Jul/2026:14:15:20 +0000] "GET /index.html HTTP/1.1" 200 1097 - "Mozilla/5.0 (Windows NT 10.0; Win64; x64) AppleWebKit/537.36 (KHTML, like Gecko) Chrome/120.0.0.0 Safari/537.36"
10.0.0.5 - - [04/Jul/2026:14:15:44 +0000] "PUT /contact HTTP/1.1" 200 4258 "https://google.com" "Mozilla/5.0 (X11; Linux x86_64; rv:109.0) Gecko/20100101 Firefox/119.0"
172.16.0.2 - - [04/Jul/2026:14:16:00 +0000] "POST /css/style.css HTTP/1.1" 200 2413 - "Mozilla/5.0 (X11; Linux x86_64; rv:109.0) Gecko/20100101 Firefox/119.0"
172.16.0.2 - - [04/Jul/2026:14:16:09 +0000] "POST /about HTTP/1.1" 200 2704 "https://news.ycombinator.com" "Mozilla/5.0 (Windows NT 10.0; Win64; x64) AppleWebKit/537.36 (KHTML, like Gecko) Chrome/120.0.0.0 Safari/537.36"
192.168.1.1 - - [04/Jul/2026:14:16:30 +0000] "PUT /images/logo.png HTTP/1.1" 304 253 "https://news.ycombinator.com" "Mozilla/5.0 (Windows NT 10.0; Win64; x64) AppleWebKit/537.36 (KHTML, like Gecko) Chrome/120.0.0.0 Safari/537.36"
8.8.8.8 - - [04/Jul/2026:14:17:06 +0000] "POST /css/style.css HTTP/1.1" 200 4546 "https://news.ycombinator.com" "Mozilla/5.0 (Macintosh; Intel Mac OS X 10_15_7) AppleWebKit/605.1.15 (KHTML, like Gecko) Version/17.0 Safari/605.1.15"
192.168.1.1 - - [04/Jul/2026:14:17:15 +0000] "POST /contact HTTP/1.1" 301 2461 - "Mozilla/5.0 (Windows NT 10.0; Win64; x64) AppleWebKit/537.36 (KHTML, like Gecko) Chrome/120.0.0.0 Safari/537.36"
8.8.8.8 - - [04/Jul/2026:14:18:08 +0000] "POST /css/style.css HTTP/1.1" 304 2928 "https://news.ycombinator.com" "Mozilla/5.0 (Windows NT 10.0; Win64; x64) AppleWebKit/537.36 (KHTML, like Gecko) Chrome/120.0.0.0 Safari/537.36"
10.0.0.5 - - [04/Jul/2026:14:18:50 +0000] "PUT /js/app.js HTTP/1.1" 201 4201 "https://news.ycombinator.com" "Mozilla/5.0 (X11; Linux x86_64; rv:109.0) Gecko/20100101 Firefox/119.0"
192.168.1.1 - - [04/Jul/2026:14:18:56 +0000] "PUT /api/v1/users HTTP/1.1" 200 2969 "https://github.com" "Mozilla/5.0 (Macintosh; Intel Mac OS X 10_15_7) AppleWebKit/605.1.15 (KHTML, like Gecko) Version/17.0 Safari/605.1.15"
172.16.0.2 - - [04/Jul/2026:14:18:57 +0000] "GET /index.html HTTP/1.1" 301 1269 "https://github.com" "Mozilla/5.0 (X11; Linux x86_64; rv:109.0) Gecko/20100101 Firefox/119.0"
10.0.0.5 - - [04/Jul/2026:14:19:04 +0000] "PUT /index.html HTTP/1.1" 200 4128 - "Mozilla/5.0 (Windows NT 10.0; Win64; x64) AppleWebKit/537.36 (KHTML, like Gecko) Chrome/120.0.0.0 Safari/537.36"
192.168.1.1 - - [04/Jul/2026:14:19:11 +0000] "DELETE /js/app.js HTTP/1.1" 201 3630 "https://google.com" "Mozilla/5.0 (Windows NT 10.0; Win64; x64) AppleWebKit/537.36 (KHTML, like Gecko) Chrome/120.0.0.0 Safari/537.36"
192.168.1.1 - - [04/Jul/2026:14:19:20 +0000] "DELETE /images/logo.png HTTP/1.1" 200 228 "https://news.ycombinator.com" "Mozilla/5.0 (Windows NT 10.0; Win64; x64) AppleWebKit/537.36 (KHTML, like Gecko) Chrome/120.0.0.0 Safari/537.36"
8.8.8.8 - - [04/Jul/2026:14:19:36 +0000] "DELETE /js/app.js HTTP/1.1" 302 1434 "https://google.com" "Mozilla/5.0 (X11; Linux x86_64; rv:109.0) Gecko/20100101 Firefox/119.0"
10.0.0.5 - - [04/Jul/2026:14:19:44 +0000] "DELETE /api/v1/users HTTP/1.1" 200 1841 "https://news.ycombinator.com" "Mozilla/5.0 (Macintosh; Intel Mac OS X 10_15_7) AppleWebKit/605.1.15 (KHTML, like Gecko) Version/17.0 Safari/605.1.15"
1.1.1.1 - - [04/Jul/2026:14:20:00 +0000] "PUT /about HTTP/1.1" 301 2682 "https://google.com" "Mozilla/5.0 (Macintosh; Intel Mac OS X 10_15_7) AppleWebKit/605.1.15 (KHTML, like Gecko) Version/17.0 Safari/605.1.15"
8.8.8.8 - - [04/Jul/2026:14:20:07 +0000] "GET /about HTTP/1.1" 301 920 - "Mozilla/5.0 (Macintosh; Intel Mac OS X 10_15_7) AppleWebKit/605.1.15 (KHTML, like Gecko) Version/17.0 Safari/605.1.15"
192.168.1.1 - - [04/Jul/2026:14:20:10 +0000] "PUT /images/logo.png HTTP/1.1" 200 3902 "https://google.com" "Mozilla/5.0 (Macintosh; Intel Mac OS X 10_15_7) AppleWebKit/605.1.15 (KHTML, like Gecko) Version/17.0 Safari/605.1.15"
1.1.1.1 - - [04/Jul/2026:14:20:24 +0000] "POST /css/style.css HTTP/1.1" 200 3258 "https://github.com" "Mozilla/5.0 (X11; Linux x86_64; rv:109.0) Gecko/20100101 Firefox/119.0"
8.8.8.8 - - [04/Jul/2026:14:20:36 +0000] "PUT /api/v1/users HTTP/1.1" 200 506 "https://news.ycombinator.com" "Mozilla/5.0 (Macintosh; Intel Mac OS X 10_15_7) AppleWebKit/605.1.15 (KHTML, like Gecko) Version/17.0 Safari/605.1.15"
1.1.1.1 - - [04/Jul/2026:14:20:40 +0000] "DELETE /js/app.js HTTP/1.1" 304 1320 "https://github.com" "Mozilla/5.0 (Windows NT 10.0; Win64; x64) AppleWebKit/537.36 (KHTML, like Gecko) Chrome/120.0.0.0 Safari/537.36"
192.168.1.1 - - [04/Jul/2026:14:20:42 +0000] "PUT /css/style.css HTTP/1.1" 200 1272 - "Mozilla/5.0 (Windows NT 10.0; Win64; x64) AppleWebKit/537.36 (KHTML, like Gecko) Chrome/120.0.0.0 Safari/537.36"
192.168.1.1 - - [04/Jul/2026:14:20:56 +0000] "PUT /js/app.js HTTP/1.1" 200 1456 - "Mozilla/5.0 (X11; Linux x86_64; rv:109.0) Gecko/20100101 Firefox/119.0"
192.168.1.1 - - [04/Jul/2026:14:21:18 +0000] "GET /index.html HTTP/1.1" 200 491 - "Mozilla/5.0 (Windows NT 10.0; Win64; x64) AppleWebKit/537.36 (KHTML, like Gecko) Chrome/120.0.0.0 Safari/537.36"
1.1.1.1 - - [04/Jul/2026:14:21:24 +0000] "POST /api/v1/users HTTP/1.1" 201 1047 "https://github.com" "Mozilla/5.0 (Windows NT 10.0; Win64; x64) AppleWebKit/537.36 (KHTML, like Gecko) Chrome/120.0.0.0 Safari/537.36"
192.168.1.1 - - [04/Jul/2026:14:21:24 +0000] "DELETE /api/v1/users HTTP/1.1" 200 821 "https://google.com" "Mozilla/5.0 (X11; Linux x86_64; rv:109.0) Gecko/20100101 Firefox/119.0"
172.16.0.2 - - [04/Jul/2026:14:21:38 +0000] "GET /about HTTP/1.1" 200 4933 "https://google.com" "Mozilla/5.0 (Macintosh; Intel Mac OS X 10_15_7) AppleWebKit/605.1.15 (KHTML, like Gecko) Version/17.0 Safari/605.1.15"
10.0.0.5 - - [04/Jul/2026:14:22:00 +0000] "POST /css/style.css HTTP/1.1" 200 808 "https://news.ycombinator.com" "Mozilla/5.0 (X11; Linux x86_64; rv:109.0) Gecko/20100101 Firefox/119.0"
8.8.8.8 - - [04/Jul/2026:14:22:20 +0000] "PUT /images/logo.png HTTP/1.1" 200 276 "https://news.ycombinator.com" "Mozilla/5.0 (Macintosh; Intel Mac OS X 10_15_7) AppleWebKit/605.1.15 (KHTML, like Gecko) Version/17.0 Safari/605.1.15"
10.0.0.5 - - [04/Jul/2026:14:22:30 +0000] "GET /contact HTTP/1.1" 200 428 "https://news.ycombinator.com" "Mozilla/5.0 (X11; Linux x86_64; rv:109.0) Gecko/20100101 Firefox/119.0"
10.0.0.5 - - [04/Jul/2026:14:23:37 +0000] "DELETE /js/app.js HTTP/1.1" 302 2544 "https://google.com" "Mozilla/5.0 (Windows NT 10.0; Win64; x64) AppleWebKit/537.36 (KHTML, like Gecko) Chrome/120.0.0.0 Safari/537.36"
192.168.1.1 - - [04/Jul/2026:14:23:40 +0000] "PUT /js/app.js HTTP/1.1" 200 4316 "https://github.com" "Mozilla/5.0 (Windows NT 10.0; Win64; x64) AppleWebKit/537.36 (KHTML, like Gecko) Chrome/120.0.0.0 Safari/537.36"
10.0.0.5 - - [04/Jul/2026:14:24:08 +0000] "GET /api/v1/users HTTP/1.1" 200 2403 "https://github.com" "Mozilla/5.0 (Windows NT 10.0; Win64; x64) AppleWebKit/537.36 (KHTML, like Gecko) Chrome/120.0.0.0 Safari/537.36"
8.8.8.8 - - [04/Jul/2026:14:24:10 +0000] "POST /images/logo.png HTTP/1.1" 200 2725 "https://github.com" "Mozilla/5.0 (Macintosh; Intel Mac OS X 10_15_7) AppleWebKit/605.1.15 (KHTML, like Gecko) Version/17.0 Safari/605.1.15"
192.168.1.1 - - [04/Jul/2026:14:24:18 +0000] "PUT /js/app.js HTTP/1.1" 301 4342 "https://news.ycombinator.com" "Mozilla/5.0 (Windows NT 10.0; Win64; x64) AppleWebKit/537.36 (KHTML, like Gecko) Chrome/120.0.0.0 Safari/537.36"
172.16.0.2 - - [04/Jul/2026:14:24:27 +0000] "GET /about HTTP/1.1" 302 4586 "https://github.com" "Mozilla/5.0 (Macintosh; Intel Mac OS X 10_15_7) AppleWebKit/605.1.15 (KHTML, like Gecko) Version/17.0 Safari/605.1.15"
1.1.1.1 - - [04/Jul/2026:14:24:54 +0000] "PUT /index.html HTTP/1.1" 200 4187 "https://google.com" "Mozilla/5.0 (Macintosh; Intel Mac OS X 10_15_7) AppleWebKit/605.1.15 (KHTML, like Gecko) Version/17.0 Safari/605.1.15"
1.1.1.1 - - [04/Jul/2026:14:24:56 +0000] "GET /contact HTTP/1.1" 200 2746 "https://news.ycombinator.com" "Mozilla/5.0 (Macintosh; Intel Mac OS X 10_15_7) AppleWebKit/605.1.15 (KHTML, like Gecko) Version/17.0 Safari/605.1.15"
1.1.1.1 - - [04/Jul/2026:14:25:15 +0000] "GET /about HTTP/1.1" 200 3072 "https://github.com" "Mozilla/5.0 (Macintosh; Intel Mac OS X 10_15_7) AppleWebKit/605.1.15 (KHTML, like Gecko) Version/17.0 Safari/605.1.15"
192.168.1.1 - - [04/Jul/2026:14:25:21 +0000] "POST /index.html HTTP/1.1" 304 1724 "https://github.com" "Mozilla/5.0 (X11; Linux x86_64; rv:109.0) Gecko/20100101 Firefox/119.0"
8.8.8.8 - - [04/Jul/2026:14:25:30 +0000] "POST /images/logo.png HTTP/1.1" 302 3561 "https://news.ycombinator.com" "Mozilla/5.0 (Windows NT 10.0; Win64; x64) AppleWebKit/537.36 (KHTML, like Gecko) Chrome/120.0.0.0 Safari/537.36"
172.16.0.2 - - [04/Jul/2026:14:25:43 +0000] "POST /about HTTP/1.1" 302 4006 "https://google.com" "Mozilla/5.0 (Macintosh; Intel Mac OS X 10_15_7) AppleWebKit/605.1.15 (KHTML, like Gecko) Version/17.0 Safari/605.1.15"
1.1.1.1 - - [04/Jul/2026:14:26:12 +0000] "POST /css/style.css HTTP/1.1" 201 538 "https://news.ycombinator.com" "Mozilla/5.0 (Windows NT 10.0; Win64; x64) AppleWebKit/537.36 (KHTML, like Gecko) Chrome/120.0.0.0 Safari/537.36"
8.8.8.8 - - [04/Jul/2026:14:26:24 +0000] "DELETE /css/style.css HTTP/1.1" 200 2882 - "Mozilla/5.0 (Macintosh; Intel Mac OS X 10_15_7) AppleWebKit/605.1.15 (KHTML, like Gecko) Version/17.0 Safari/605.1.15"
1.1.1.1 - - [04/Jul/2026:14:26:48 +0000] "POST /api/v1/users HTTP/1.1" 200 461 - "Mozilla/5.0 (Windows NT 10.0; Win64; x64) AppleWebKit/537.36 (KHTML, like Gecko) Chrome/120.0.0.0 Safari/537.36"
10.0.0.5 - - [04/Jul/2026:14:26:50 +0000] "DELETE /about HTTP/1.1" 200 4023 - "Mozilla/5.0 (Windows NT 10.0; Win64; x64) AppleWebKit/537.36 (KHTML, like Gecko) Chrome/120.0.0.0 Safari/537.36"
10.0.0.5 - - [04/Jul/2026:14:27:00 +0000] "DELETE /about HTTP/1.1" 304 1180 - "Mozilla/5.0 (Macintosh; Intel Mac OS X 10_15_7) AppleWebKit/605.1.15 (KHTML, like Gecko) Version/17.0 Safari/605.1.15"
192.168.1.1 - - [04/Jul/2026:14:27:28 +0000] "DELETE /api/v1/users HTTP/1.1" 200 4434 "https://google.com" "Mozilla/5.0 (Macintosh; Intel Mac OS X 10_15_7) AppleWebKit/605.1.15 (KHTML, like Gecko) Version/17.0 Safari/605.1.15"
192.168.1.1 - - [04/Jul/2026:14:27:36 +0000] "POST /index.html HTTP/1.1" 200 1986 "https://news.ycombinator.com" "Mozilla/5.0 (X11; Linux x86_64; rv:109.0) Gecko/20100101 Firefox/119.0"
10.0.0.5 - - [04/Jul/2026:14:28:45 +0000] "POST /contact HTTP/1.1" 200 4215 "https://google.com" "Mozilla/5.0 (Windows NT 10.0; Win64; x64) AppleWebKit/537.36 (KHTML, like Gecko) Chrome/120.0.0.0 Safari/537.36"
1.1.1.1 - - [04/Jul/2026:14:29:04 +0000] "POST /js/app.js HTTP/1.1" 200 3955 - "Mozilla/5.0 (Windows NT 10.0; Win64; x64) AppleWebKit/537.36 (KHTML, like Gecko) Chrome/120.0.0.0 Safari/537.36"
172.16.0.2 - - [04/Jul/2026:14:29:10 +0000] "DELETE /css/style.css HTTP/1.1" 302 2212 "https://news.ycombinator.com" "Mozilla/5.0 (X11; Linux x86_64; rv:109.0) Gecko/20100101 Firefox/119.0"
10.0.0.5 - - [04/Jul/2026:14:30:30 +0000] "DELETE /js/app.js HTTP/1.1" 200 1455 "https://news.ycombinator.com" "Mozilla/5.0 (X11; Linux x86_64; rv:109.0) Gecko/20100101 Firefox/119.0"
10.0.0.5 - - [04/Jul/2026:14:30:56 +0000] "POST /css/style.css HTTP/1.1" 304 3879 "https://github.com" "Mozilla/5.0 (Windows NT 10.0; Win64; x64) AppleWebKit/537.36 (KHTML, like Gecko) Chrome/120.0.0.0 Safari/537.36"
172.16.0.2 - - [04/Jul/2026:14:31:40 +0000] "PUT /about HTTP/1.1" 200 4201 "https://google.com" "Mozilla/5.0 (X11; Linux x86_64; rv:109.0) Gecko/20100101 Firefox/119.0"
192.168.1.1 - - [04/Jul/2026:14:32:08 +0000] "POST /contact HTTP/1.1" 302 921 "https://google.com" "Mozilla/5.0 (X11; Linux x86_64; rv:109.0) Gecko/20100101 Firefox/119.0"
8.8.8.8 - - [04/Jul/2026:14:32:15 +0000] "DELETE /api/v1/users HTTP/1.1" 200 4427 - "Mozilla/5.0 (Macintosh; Intel Mac OS X 10_15_7) AppleWebKit/605.1.15 (KHTML, like Gecko) Version/17.0 Safari/605.1.15"
10.0.0.5 - - [04/Jul/2026:14:33:39 +0000] "DELETE /js/app.js HTTP/1.1" 304 651 - "Mozilla/5.0 (X11; Linux x86_64; rv:109.0) Gecko/20100101 Firefox/119.0"
10.0.0.5 - - [04/Jul/2026:14:34:00 +0000] "DELETE /css/style.css HTTP/1.1" 304 4513 "https://news.ycombinator.com" "Mozilla/5.0 (X11; Linux x86_64; rv:109.0) Gecko/20100101 Firefox/119.0"
192.168.1.1 - - [04/Jul/2026:14:35:20 +0000] "GET /api/v1/users HTTP/1.1" 301 2957 - "Mozilla/5.0 (X11; Linux x86_64; rv:109.0) Gecko/20100101 Firefox/119.0"
1.1.1.1 - - [04/Jul/2026:14:35:28 +0000] "GET /js/app.js HTTP/1.1" 200 2163 - "Mozilla/5.0 (X11; Linux x86_64; rv:109.0) Gecko/20100101 Firefox/119.0"
8.8.8.8 - - [04/Jul/2026:14:35:38 +0000] "POST /index.html HTTP/1.1" 301 3575 "https://google.com" "Mozilla/5.0 (Macintosh; Intel Mac OS X 10_15_7) AppleWebKit/605.1.15 (KHTML, like Gecko) Version/17.0 Safari/605.1.15"
8.8.8.8 - - [04/Jul/2026:14:36:00 +0000] "GET /js/app.js HTTP/1.1" 200 3155 "https://github.com" "Mozilla/5.0 (X11; Linux x86_64; rv:109.0) Gecko/20100101 Firefox/119.0"
8.8.8.8 - - [04/Jul/2026:14:36:10 +0000] "DELETE /about HTTP/1.1" 200 4100 - "Mozilla/5.0 (X11; Linux x86_64; rv:109.0) Gecko/20100101 Firefox/119.0"
1.1.1.1 - - [04/Jul/2026:14:36:48 +0000] "GET /js/app.js HTTP/1.1" 302 2058 "https://google.com" "Mozilla/5.0 (X11; Linux x86_64; rv:109.0) Gecko/20100101 Firefox/119.0"
1.1.1.1 - - [04/Jul/2026:14:37:04 +0000] "POST /about HTTP/1.1" 304 755 "https://github.com" "Mozilla/5.0 (Macintosh; Intel Mac OS X 10_15_7) AppleWebKit/605.1.15 (KHTML, like Gecko) Version/17.0 Safari/605.1.15"
1.1.1.1 - - [04/Jul/2026:14:37:51 +0000] "GET /api/v1/users HTTP/1.1" 302 3886 - "Mozilla/5.0 (Macintosh; Intel Mac OS X 10_15_7) AppleWebKit/605.1.15 (KHTML, like Gecko) Version/17.0 Safari/605.1.15"
192.168.1.1 - - [04/Jul/2026:14:37:57 +0000] "PUT /index.html HTTP/1.1" 200 3520 "https://news.ycombinator.com" "Mozilla/5.0 (X11; Linux x86_64; rv:109.0) Gecko/20100101 Firefox/119.0"
1.1.1.1 - - [04/Jul/2026:14:38:24 +0000] "POST /about HTTP/1.1" 200 4837 "https://google.com" "Mozilla/5.0 (Windows NT 10.0; Win64; x64) AppleWebKit/537.36 (KHTML, like Gecko) Chrome/120.0.0.0 Safari/537.36"
172.16.0.2 - - [04/Jul/2026:14:38:42 +0000] "GET /js/app.js HTTP/1.1" 200 1676 - "Mozilla/5.0 (X11; Linux x86_64; rv:109.0) Gecko/20100101 Firefox/119.0"
172.16.0.2 - - [04/Jul/2026:14:39:00 +0000] "DELETE /images/logo.png HTTP/1.1" 200 3564 "https://google.com" "Mozilla/5.0 (Windows NT 10.0; Win64; x64) AppleWebKit/537.36 (KHTML, like Gecko) Chrome/120.0.0.0 Safari/537.36"
10.0.0.5 - - [04/Jul/2026:14:39:01 +0000] "PUT /js/app.js HTTP/1.1" 302 181 "https://google.com" "Mozilla/5.0 (Windows NT 10.0; Win64; x64) AppleWebKit/537.36 (KHTML, like Gecko) Chrome/120.0.0.0 Safari/537.36"
8.8.8.8 - - [04/Jul/2026:14:39:28 +0000] "GET /images/logo.png HTTP/1.1" 200 753 "https://github.com" "Mozilla/5.0 (Windows NT 10.0; Win64; x64) AppleWebKit/537.36 (KHTML, like Gecko) Chrome/120.0.0.0 Safari/537.36"
1.1.1.1 - - [04/Jul/2026:14:40:03 +0000] "DELETE /index.html HTTP/1.1" 201 596 "https://github.com" "Mozilla/5.0 (Macintosh; Intel Mac OS X 10_15_7) AppleWebKit/605.1.15 (KHTML, like Gecko) Version/17.0 Safari/605.1.15"
172.16.0.2 - - [04/Jul/2026:14:40:04 +0000] "PUT /js/app.js HTTP/1.1" 200 817 - "Mozilla/5.0 (Windows NT 10.0; Win64; x64) AppleWebKit/537.36 (KHTML, like Gecko) Chrome/120.0.0.0 Safari/537.36"
172.16.0.2 - - [04/Jul/2026:14:40:21 +0000] "GET /api/v1/users HTTP/1.1" 200 2595 "https://news.ycombinator.com" "Mozilla/5.0 (Macintosh; Intel Mac OS X 10_15_7) AppleWebKit/605.1.15 (KHTML, like Gecko) Version/17.0 Safari/605.1.15"
192.168.1.1 - - [04/Jul/2026:14:40:30 +0000] "POST /images/logo.png HTTP/1.1" 200 3158 "https://google.com" "Mozilla/5.0 (Windows NT 10.0; Win64; x64) AppleWebKit/537.36 (KHTML, like Gecko) Chrome/120.0.0.0 Safari/537.36"
8.8.8.8 - - [04/Jul/2026:14:40:32 +0000] "DELETE /index.html HTTP/1.1" 301 1934 "https://github.com" "Mozilla/5.0 (Macintosh; Intel Mac OS X 10_15_7) AppleWebKit/605.1.15 (KHTML, like Gecko) Version/17.0 Safari/605.1.15"
1.1.1.1 - - [04/Jul/2026:14:41:00 +0000] "POST /js/app.js HTTP/1.1" 302 1523 "https://news.ycombinator.com" "Mozilla/5.0 (Macintosh; Intel Mac OS X 10_15_7) AppleWebKit/605.1.15 (KHTML, like Gecko) Version/17.0 Safari/605.1.15"
1.1.1.1 - - [04/Jul/2026:14:41:14 +0000] "PUT /images/logo.png HTTP/1.1" 200 2741 "https://google.com" "Mozilla/5.0 (Windows NT 10.0; Win64; x64) AppleWebKit/537.36 (KHTML, like Gecko) Chrome/120.0.0.0 Safari/537.36"
172.16.0.2 - - [04/Jul/2026:14:41:20 +0000] "GET /js/app.js HTTP/1.1" 200 4478 "https://news.ycombinator.com" "Mozilla/5.0 (Windows NT 10.0; Win64; x64) AppleWebKit/537.36 (KHTML, like Gecko) Chrome/120.0.0.0 Safari/537.36"
192.168.1.1 - - [04/Jul/2026:14:41:51 +0000] "GET /images/logo.png HTTP/1.1" 304 1111 "https://github.com" "Mozilla/5.0 (Macintosh; Intel Mac OS X 10_15_7) AppleWebKit/605.1.15 (KHTML, like Gecko) Version/17.0 Safari/605.1.15"
8.8.8.8 - - [04/Jul/2026:14:42:10 +0000] "PUT /js/app.js HTTP/1.1" 304 1419 "https://google.com" "Mozilla/5.0 (Macintosh; Intel Mac OS X 10_15_7) AppleWebKit/605.1.15 (KHTML, like Gecko) Version/17.0 Safari/605.1.15"
8.8.8.8 - - [04/Jul/2026:14:42:48 +0000] "PUT /images/logo.png HTTP/1.1" 302 3303 - "Mozilla/5.0 (X11; Linux x86_64; rv:109.0) Gecko/20100101 Firefox/119.0"
8.8.8.8 - - [04/Jul/2026:14:42:52 +0000] "DELETE /api/v1/users HTTP/1.1" 201 1516 "https://google.com" "Mozilla/5.0 (X11; Linux x86_64; rv:109.0) Gecko/20100101 Firefox/119.0"
172.16.0.2 - - [04/Jul/2026:14:42:59 +0000] "GET /css/style.css HTTP/1.1" 201 1457 "https://google.com" "Mozilla/5.0 (X11; Linux x86_64; rv:109.0) Gecko/20100101 Firefox/119.0"
8.8.8.8 - - [04/Jul/2026:14:43:06 +0000] "DELETE /contact HTTP/1.1" 201 2711 - "Mozilla/5.0 (X11; Linux x86_64; rv:109.0) Gecko/20100101 Firefox/119.0"
8.8.8.8 - - [04/Jul/2026:14:43:13 +0000] "POST /css/style.css HTTP/1.1" 301 3163 - "Mozilla/5.0 (Macintosh; Intel Mac OS X 10_15_7) AppleWebKit/605.1.15 (KHTML, like Gecko) Version/17.0 Safari/605.1.15"
172.16.0.2 - - [04/Jul/2026:14:43:28 +0000] "POST /index.html HTTP/1.1" 200 4322 "https://github.com" "Mozilla/5.0 (X11; Linux x86_64; rv:109.0) Gecko/20100101 Firefox/119.0"
192.168.1.1 - - [04/Jul/2026:14:44:00 +0000] "POST /index.html HTTP/1.1" 304 2342 - "Mozilla/5.0 (X11; Linux x86_64; rv:109.0) Gecko/20100101 Firefox/119.0"
10.0.0.5 - - [04/Jul/2026:14:45:36 +0000] "GET /contact HTTP/1.1" 301 1700 "https://google.com" "Mozilla/5.0 (X11; Linux x86_64; rv:109.0) Gecko/20100101 Firefox/119.0"
172.16.0.2 - - [04/Jul/2026:14:47:10 +0000] "GET /images/logo.png HTTP/1.1" 200 1033 "https://news.ycombinator.com" "Mozilla/5.0 (Windows NT 10.0; Win64; x64) AppleWebKit/537.36 (KHTML, like Gecko) Chrome/120.0.0.0 Safari/537.36"
8.8.8.8 - - [04/Jul/2026:14:47:52 +0000] "DELETE /api/v1/users HTTP/1.1" 301 1027 "https://github.com" "Mozilla/5.0 (X11; Linux x86_64; rv:109.0) Gecko/20100101 Firefox/119.0"
172.16.0.2 - - [04/Jul/2026:14:48:00 +0000] "DELETE /js/app.js HTTP/1.1" 304 3981 "https://github.com" "Mozilla/5.0 (X11; Linux x86_64; rv:109.0) Gecko/20100101 Firefox/119.0"
1.1.1.1 - - [04/Jul/2026:14:48:16 +0000] "GET /about HTTP/1.1" 200 3871 "https://github.com" "Mozilla/5.0 (Macintosh; Intel Mac OS X 10_15_7) AppleWebKit/605.1.15 (KHTML, like Gecko) Version/17.0 Safari/605.1.15"
172.16.0.2 - - [04/Jul/2026:14:48:27 +0000] "GET /api/v1/users HTTP/1.1" 200 2517 "https://news.ycombinator.com" "Mozilla/5.0 (X11; Linux x86_64; rv:109.0) Gecko/20100101 Firefox/119.0"
192.168.1.1 - - [04/Jul/2026:14:48:40 +0000] "GET /api/v1/users HTTP/1.1" 201 1952 "https://news.ycombinator.com" "Mozilla/5.0 (Macintosh; Intel Mac OS X 10_15_7) AppleWebKit/605.1.15 (KHTML, like Gecko) Version/17.0 Safari/605.1.15"
172.16.0.2 - - [04/Jul/2026:14:48:50 +0000] "DELETE /index.html HTTP/1.1" 301 164 - "Mozilla/5.0 (X11; Linux x86_64; rv:109.0) Gecko/20100101 Firefox/119.0"
8.8.8.8 - - [04/Jul/2026:14:48:56 +0000] "POST /api/v1/users HTTP/1.1" 301 3655 - "Mozilla/5.0 (Macintosh; Intel Mac OS X 10_15_7) AppleWebKit/605.1.15 (KHTML, like Gecko) Version/17.0 Safari/605.1.15"
172.16.0.2 - - [04/Jul/2026:14:49:03 +0000] "GET /images/logo.png HTTP/1.1" 201 1965 - "Mozilla/5.0 (Windows NT 10.0; Win64; x64) AppleWebKit/537.36 (KHTML, like Gecko) Chrome/120.0.0.0 Safari/537.36"
8.8.8.8 - - [04/Jul/2026:14:49:20 +0000] "DELETE /images/logo.png HTTP/1.1" 200 2761 "https://news.ycombinator.com" "Mozilla/5.0 (X11; Linux x86_64; rv:109.0) Gecko/20100101 Firefox/119.0"
172.16.0.2 - - [04/Jul/2026:14:49:50 +0000] "DELETE /api/v1/users HTTP/1.1" 201 3297 "https://news.ycombinator.com" "Mozilla/5.0 (X11; Linux x86_64; rv:109.0) Gecko/20100101 Firefox/119.0"
172.16.0.2 - - [04/Jul/2026:14:50:20 +0000] "DELETE /contact HTTP/1.1" 302 3878 - "Mozilla/5.0 (X11; Linux x86_64; rv:109.0) Gecko/20100101 Firefox/119.0"
192.168.1.1 - - [04/Jul/2026:14:50:27 +0000] "GET /images/logo.png HTTP/1.1" 200 2577 "https://google.com" "Mozilla/5.0 (X11; Linux x86_64; rv:109.0) Gecko/20100101 Firefox/119.0"
192.168.1.1 - - [04/Jul/2026:14:50:40 +0000] "POST /index.html HTTP/1.1" 200 4084 "https://github.com" "Mozilla/5.0 (Macintosh; Intel Mac OS X 10_15_7) AppleWebKit/605.1.15 (KHTML, like Gecko) Version/17.0 Safari/605.1.15"
10.0.0.5 - - [04/Jul/2026:14:51:36 +0000] "DELETE /about HTTP/1.1" 200 160 "https://google.com" "Mozilla/5.0 (Macintosh; Intel Mac OS X 10_15_7) AppleWebKit/605.1.15 (KHTML, like Gecko) Version/17.0 Safari/605.1.15"
172.16.0.2 - - [04/Jul/2026:14:51:51 +0000] "DELETE /js/app.js HTTP/1.1" 200 3900 "https://news.ycombinator.com" "Mozilla/5.0 (Macintosh; Intel Mac OS X 10_15_7) AppleWebKit/605.1.15 (KHTML, like Gecko) Version/17.0 Safari/605.1.15"
1.1.1.1 - - [04/Jul/2026:14:52:19 +0000] "GET /api/v1/users HTTP/1.1" 200 2982 "https://github.com" "Mozilla/5.0 (Macintosh; Intel Mac OS X 10_15_7) AppleWebKit/605.1.15 (KHTML, like Gecko) Version/17.0 Safari/605.1.15"
192.168.1.1 - - [04/Jul/2026:14:53:24 +0000] "DELETE /api/v1/users HTTP/1.1" 200 191 "https://github.com" "Mozilla/5.0 (Windows NT 10.0; Win64; x64) AppleWebKit/537.36 (KHTML, like Gecko) Chrome/120.0.0.0 Safari/537.36"
192.168.1.1 - - [04/Jul/2026:14:53:42 +0000] "GET /contact HTTP/1.1" 201 3737 - "Mozilla/5.0 (X11; Linux x86_64; rv:109.0) Gecko/20100101 Firefox/119.0"
172.16.0.2 - - [04/Jul/2026:14:55:40 +0000] "DELETE /about HTTP/1.1" 302 3993 "https://google.com" "Mozilla/5.0 (Windows NT 10.0; Win64; x64) AppleWebKit/537.36 (KHTML, like Gecko) Chrome/120.0.0.0 Safari/537.36"
1.1.1.1 - - [04/Jul/2026:14:56:00 +0000] "DELETE /contact HTTP/1.1" 200 3339 "https://github.com" "Mozilla/5.0 (X11; Linux x86_64; rv:109.0) Gecko/20100101 Firefox/119.0"
8.8.8.8 - - [04/Jul/2026:14:56:06 +0000] "PUT /api/v1/users HTTP/1.1" 304 149 - "Mozilla/5.0 (Macintosh; Intel Mac OS X 10_15_7) AppleWebKit/605.1.15 (KHTML, like Gecko) Version/17.0 Safari/605.1.15"
10.0.0.5 - - [04/Jul/2026:14:57:04 +0000] "POST /js/app.js HTTP/1.1" 201 3951 "https://news.ycombinator.com" "Mozilla/5.0 (X11; Linux x86_64; rv:109.0) Gecko/20100101 Firefox/119.0"
172.16.0.2 - - [04/Jul/2026:14:57:12 +0000] "GET /about HTTP/1.1" 200 1377 - "Mozilla/5.0 (X11; Linux x86_64; rv:109.0) Gecko/20100101 Firefox/119.0"
172.16.0.2 - - [04/Jul/2026:14:57:54 +0000] "DELETE /js/app.js HTTP/1.1" 301 572 "https://news.ycombinator.com" "Mozilla/5.0 (Macintosh; Intel Mac OS X 10_15_7) AppleWebKit/605.1.15 (KHTML, like Gecko) Version/17.0 Safari/605.1.15"
1.1.1.1 - - [04/Jul/2026:14:59:00 +0000] "GET /about HTTP/1.1" 200 3338 - "Mozilla/5.0 (Windows NT 10.0; Win64; x64) AppleWebKit/537.36 (KHTML, like Gecko) Chrome/120.0.0.0 Safari/537.36"
10.0.0.5 - - [04/Jul/2026:14:59:44 +0000] "PUT /contact HTTP/1.1" 201 3721 "https://google.com" "Mozilla/5.0 (Windows NT 10.0; Win64; x64) AppleWebKit/537.36 (KHTML, like Gecko) Chrome/120.0.0.0 Safari/537.36"
10.0.0.5 - - [04/Jul/2026:14:59:51 +0000] "GET /contact HTTP/1.1" 201 4080 "https://news.ycombinator.com" "Mozilla/5.0 (Macintosh; Intel Mac OS X 10_15_7) AppleWebKit/605.1.15 (KHTML, like Gecko) Version/17.0 Safari/605.1.15"
1.1.1.1 - - [04/Jul/2026:14:59:52 +0000] "GET /about HTTP/1.1" 201 3384 "https://news.ycombinator.com" "Mozilla/5.0 (X11; Linux x86_64; rv:109.0) Gecko/20100101 Firefox/119.0"
10.0.0.5 - - [04/Jul/2026:15:00:00 +0000] "PUT /css/style.css HTTP/1.1" 301 3161 - "Mozilla/5.0 (X11; Linux x86_64; rv:109.0) Gecko/20100101 Firefox/119.0"
192.168.1.1 - - [04/Jul/2026:15:00:20 +0000] "PUT /images/logo.png HTTP/1.1" 200 2019 "https://news.ycombinator.com" "Mozilla/5.0 (Macintosh; Intel Mac OS X 10_15_7) AppleWebKit/605.1.15 (KHTML, like Gecko) Version/17.0 Safari/605.1.15"
8.8.8.8 - - [04/Jul/2026:15:00:32 +0000] "DELETE /index.html HTTP/1.1" 200 1576 - "Mozilla/5.0 (Macintosh; Intel Mac OS X 10_15_7) AppleWebKit/605.1.15 (KHTML, like Gecko) Version/17.0 Safari/605.1.15"
1.1.1.1 - - [04/Jul/2026:15:00:50 +0000] "POST /index.html HTTP/1.1" 200 632 "https://google.com" "Mozilla/5.0 (Macintosh; Intel Mac OS X 10_15_7) AppleWebKit/605.1.15 (KHTML, like Gecko) Version/17.0 Safari/605.1.15"
10.0.0.5 - - [04/Jul/2026:15:00:56 +0000] "POST /js/app.js HTTP/1.1" 200 2722 - "Mozilla/5.0 (X11; Linux x86_64; rv:109.0) Gecko/20100101 Firefox/119.0"
8.8.8.8 - - [04/Jul/2026:15:01:12 +0000] "POST /api/v1/users HTTP/1.1" 200 1496 - "Mozilla/5.0 (Windows NT 10.0; Win64; x64) AppleWebKit/537.36 (KHTML, like Gecko) Chrome/120.0.0.0 Safari/537.36"
10.0.0.5 - - [04/Jul/2026:15:02:00 +0000] "PUT /index.html HTTP/1.1" 302 2252 - "Mozilla/5.0 (Macintosh; Intel Mac OS X 10_15_7) AppleWebKit/605.1.15 (KHTML, like Gecko) Version/17.0 Safari/605.1.15"
10.0.0.5 - - [04/Jul/2026:15:02:08 +0000] "GET /index.html HTTP/1.1" 200 1637 "https://news.ycombinator.com" "Mozilla/5.0 (X11; Linux x86_64; rv:109.0) Gecko/20100101 Firefox/119.0"
1.1.1.1 - - [04/Jul/2026:15:02:20 +0000] "DELETE /images/logo.png HTTP/1.1" 200 3757 - "Mozilla/5.0 (Windows NT 10.0; Win64; x64) AppleWebKit/537.36 (KHTML, like Gecko) Chrome/120.0.0.0 Safari/537.36"
10.0.0.5 - - [04/Jul/2026:15:03:20 +0000] "POST /js/app.js HTTP/1.1" 201 3011 "https://news.ycombinator.com" "Mozilla/5.0 (Macintosh; Intel Mac OS X 10_15_7) AppleWebKit/605.1.15 (KHTML, like Gecko) Version/17.0 Safari/605.1.15"
172.16.0.2 - - [04/Jul/2026:15:03:40 +0000] "DELETE /css/style.css HTTP/1.1" 301 2649 "https://google.com" "Mozilla/5.0 (Windows NT 10.0; Win64; x64) AppleWebKit/537.36 (KHTML, like Gecko) Chrome/120.0.0.0 Safari/537.36"
172.16.0.2 - - [04/Jul/2026:15:05:42 +0000] "PUT /css/style.css HTTP/1.1" 200 911 - "Mozilla/5.0 (Windows NT 10.0; Win64; x64) AppleWebKit/537.36 (KHTML, like Gecko) Chrome/120.0.0.0 Safari/537.36"
172.16.0.2 - - [04/Jul/2026:15:06:00 +0000] "POST /index.html HTTP/1.1" 301 4617 "https://github.com" "Mozilla/5.0 (Macintosh; Intel Mac OS X 10_15_7) AppleWebKit/605.1.15 (KHTML, like Gecko) Version/17.0 Safari/605.1.15"
10.0.0.5 - - [04/Jul/2026:15:06:18 +0000] "POST /index.html HTTP/1.1" 201 1678 "https://github.com" "Mozilla/5.0 (X11; Linux x86_64; rv:109.0) Gecko/20100101 Firefox/119.0"
8.8.8.8 - - [04/Jul/2026:15:06:50 +0000] "GET /api/v1/users HTTP/1.1" 200 1762 "https://news.ycombinator.com" "Mozilla/5.0 (Windows NT 10.0; Win64; x64) AppleWebKit/537.36 (KHTML, like Gecko) Chrome/120.0.0.0 Safari/537.36"
192.168.1.1 - - [04/Jul/2026:15:07:30 +0000] "POST /js/app.js HTTP/1.1" 200 1268 "https://news.ycombinator.com" "Mozilla/5.0 (X11; Linux x86_64; rv:109.0) Gecko/20100101 Firefox/119.0"
172.16.0.2 - - [04/Jul/2026:15:08:15 +0000] "DELETE /images/logo.png HTTP/1.1" 200 3573 "https://google.com" "Mozilla/5.0 (Macintosh; Intel Mac OS X 10_15_7) AppleWebKit/605.1.15 (KHTML, like Gecko) Version/17.0 Safari/605.1.15"
172.16.0.2 - - [04/Jul/2026:15:08:16 +0000] "GET /contact HTTP/1.1" 201 3823 "https://news.ycombinator.com" "Mozilla/5.0 (X11; Linux x86_64; rv:109.0) Gecko/20100101 Firefox/119.0"
8.8.8.8 - - [04/Jul/2026:15:08:24 +0000] "GET /contact HTTP/1.1" 200 1657 - "Mozilla/5.0 (X11; Linux x86_64; rv:109.0) Gecko/20100101 Firefox/119.0"
8.8.8.8 - - [04/Jul/2026:15:08:30 +0000] "GET /contact HTTP/1.1" 200 3356 "https://google.com" "Mozilla/5.0 (Windows NT 10.0; Win64; x64) AppleWebKit/537.36 (KHTML, like Gecko) Chrome/120.0.0.0 Safari/537.36"
8.8.8.8 - - [04/Jul/2026:15:08:33 +0000] "PUT /api/v1/users HTTP/1.1" 200 3775 "https://google.com" "Mozilla/5.0 (X11; Linux x86_64; rv:109.0) Gecko/20100101 Firefox/119.0"
10.0.0.5 - - [04/Jul/2026:15:09:00 +0000] "GET /about HTTP/1.1" 201 4057 "https://github.com" "Mozilla/5.0 (Macintosh; Intel Mac OS X 10_15_7) AppleWebKit/605.1.15 (KHTML, like Gecko) Version/17.0 Safari/605.1.15"
8.8.8.8 - - [04/Jul/2026:15:09:04 +0000] "GET /css/style.css HTTP/1.1" 200 4834 "https://news.ycombinator.com" "Mozilla/5.0 (X11; Linux x86_64; rv:109.0) Gecko/20100101 Firefox/119.0"
172.16.0.2 - - [04/Jul/2026:15:09:40 +0000] "DELETE /js/app.js HTTP/1.1" 201 863 "https://google.com" "Mozilla/5.0 (Windows NT 10.0; Win64; x64) AppleWebKit/537.36 (KHTML, like Gecko) Chrome/120.0.0.0 Safari/537.36"
